2026-09-14T11:53:13.5809300Z Current runner version: '2.337.0'
2026-09-14T11:53:13.5845115Z ##[group]Runner Image Provisioner
2026-09-14T11:53:13.5846783Z Hosted Compute Agent
2026-09-14T11:53:13.5847760Z Version: 20260828.587
2026-09-14T11:53:13.5848860Z Commit: abac92662cab4cc7352de4f9f9d2e2419aad9c29
2026-09-14T11:53:13.5850113Z Build Date: 2026-08-28T16:44:25Z
2026-09-14T11:53:13.5851310Z Worker ID: {e344620c-84e1-4f9b-a5d7-d770fb6200b9}
2026-09-14T11:53:13.5852498Z Azure Region: eastus2
2026-09-14T11:53:13.5853388Z ##[endgroup]
2026-09-14T11:53:13.5855708Z ##[group]Operating System
2026-09-14T11:53:13.5856933Z Ubuntu
2026-09-14T11:53:13.5857963Z 24.04.5
2026-09-14T11:53:13.5858796Z LTS
2026-09-14T11:53:13.5859683Z ##[endgroup]
2026-09-14T11:53:13.5860618Z ##[group]Runner Image
2026-09-14T11:53:13.5861522Z Image: ubuntu-24.04
2026-09-14T11:53:13.5862531Z Version: 20260907.300.1
2026-09-14T11:53:13.5864511Z Included Software: https://github.com/actions/runner-images/blob/ubuntu24/20260907.300/images/ubuntu/Ubuntu2404-Readme.md
2026-09-14T11:53:13.5867662Z Image Release: https://github.com/actions/runner-images/releases/tag/ubuntu24%2F20260907.300
2026-09-14T11:53:13.5869454Z ##[endgroup]
2026-09-14T11:53:13.5871191Z ##[group]GITHUB_TOKEN Permissions
2026-09-14T11:53:13.5874222Z Contents: read
2026-09-14T11:53:13.5875188Z Metadata: read
2026-09-14T11:53:13.5876512Z ##[endgroup]
2026-09-14T11:53:13.5879682Z Secret source: Actions
2026-09-14T11:53:13.5881276Z Cache mode: write
2026-09-14T11:53:13.5882378Z Prepare workflow directory
2026-09-14T11:53:13.6355835Z Prepare all required actions
2026-09-14T11:53:13.6425606Z Getting action download info
2026-09-14T11:53:13.8382567Z Download action repository 'actions/checkout@3d3c42e5aac5ba805825da76410c181273ba90b1' (SHA:3d3c42e5aac5ba805825da76410c181273ba90b1)
2026-09-14T11:53:14.0260271Z Complete job name: synthetic
2026-09-14T11:53:14.1069335Z ##[group]Run actions/checkout@3d3c42e5aac5ba805825da76410c181273ba90b1
2026-09-14T11:53:14.1070352Z with:
2026-09-14T11:53:14.1070813Z   persist-credentials: false
2026-09-14T11:53:14.1071385Z   sparse-checkout: verifier/review-handoff
2026-09-14T11:53:14.1072076Z   repository: jkelsen13-tech/media-intelligence-platform-v2
2026-09-14T11:53:14.1076560Z   token: ***
2026-09-14T11:53:14.1077099Z   ssh-strict: true
2026-09-14T11:53:14.1077554Z   ssh-user: git
2026-09-14T11:53:14.1077984Z   clean: true
2026-09-14T11:53:14.1078440Z   sparse-checkout-cone-mode: true
2026-09-14T11:53:14.1078967Z   fetch-depth: 1
2026-09-14T11:53:14.1079411Z   fetch-tags: false
2026-09-14T11:53:14.1079868Z   show-progress: true
2026-09-14T11:53:14.1080318Z   lfs: false
2026-09-14T11:53:14.1080733Z   submodules: false
2026-09-14T11:53:14.1081186Z   set-safe-directory: true
2026-09-14T11:53:14.1081695Z   allow-unsafe-pr-checkout: false
2026-09-14T11:53:14.1082503Z ##[endgroup]
2026-09-14T11:53:14.2113085Z Syncing repository: jkelsen13-tech/media-intelligence-platform-v2
2026-09-14T11:53:14.2115196Z ##[group]Getting Git version info
2026-09-14T11:53:14.2116564Z Working directory is '/home/runner/work/media-intelligence-platform-v2/media-intelligence-platform-v2'
2026-09-14T11:53:14.2117959Z [command]/usr/bin/git version
2026-09-14T11:53:14.2154813Z git version 2.55.0
2026-09-14T11:53:14.2175324Z ##[endgroup]
2026-09-14T11:53:14.2186674Z Temporarily overriding HOME='/home/runner/work/_temp/d55751f7-9415-4fce-99bb-5a68f710c109' before making global git config changes
2026-09-14T11:53:14.2188919Z Adding repository directory to the temporary git global config as a safe directory
2026-09-14T11:53:14.2195203Z [command]/usr/bin/git config --global --add safe.directory /home/runner/work/media-intelligence-platform-v2/media-intelligence-platform-v2
2026-09-14T11:53:14.2247577Z Deleting the contents of '/home/runner/work/media-intelligence-platform-v2/media-intelligence-platform-v2'
2026-09-14T11:53:14.2251146Z ##[group]Determining repository object format
2026-09-14T11:53:14.2253330Z ##[endgroup]
2026-09-14T11:53:14.2255077Z ##[group]Initializing the repository
2026-09-14T11:53:14.2259325Z [command]/usr/bin/git init /home/runner/work/media-intelligence-platform-v2/media-intelligence-platform-v2
2026-09-14T11:53:14.2340052Z hint: Using 'master' as the name for the initial branch. This default branch name
2026-09-14T11:53:14.2341518Z hint: will change to "main" in Git 3.0. To configure the initial branch name
2026-09-14T11:53:14.2342564Z hint: to use in all of your new repositories, which will suppress this warning,
2026-09-14T11:53:14.2343348Z hint: call:
2026-09-14T11:53:14.2343811Z hint:
2026-09-14T11:53:14.2344390Z hint: 	git config --global init.defaultBranch <name>
2026-09-14T11:53:14.2345054Z hint:
2026-09-14T11:53:14.2345681Z hint: Names commonly chosen instead of 'master' are 'main', 'trunk' and
2026-09-14T11:53:14.2347273Z hint: 'development'. The just-created branch can be renamed via this command:
2026-09-14T11:53:14.2348532Z hint:
2026-09-14T11:53:14.2349234Z hint: 	git branch -m <name>
2026-09-14T11:53:14.2350066Z hint:
2026-09-14T11:53:14.2351101Z hint: Disable this message with "git config set advice.defaultBranchName false"
2026-09-14T11:53:14.2353331Z Initialized empty Git repository in /home/runner/work/media-intelligence-platform-v2/media-intelligence-platform-v2/.git/
2026-09-14T11:53:14.2363918Z [command]/usr/bin/git remote add origin https://github.com/jkelsen13-tech/media-intelligence-platform-v2
2026-09-14T11:53:14.2410055Z ##[endgroup]
2026-09-14T11:53:14.2411209Z ##[group]Disabling automatic garbage collection
2026-09-14T11:53:14.2414329Z [command]/usr/bin/git config --local gc.auto 0
2026-09-14T11:53:14.2449515Z ##[endgroup]
2026-09-14T11:53:14.2450658Z ##[group]Setting up auth
2026-09-14T11:53:14.2451466Z Removing SSH command configuration
2026-09-14T11:53:14.2456762Z [command]/usr/bin/git config --local --name-only --get-regexp core\.sshCommand
2026-09-14T11:53:14.2496745Z [command]/usr/bin/git submodule foreach --recursive sh -c "git config --local --name-only --get-regexp 'core\.sshCommand' && git config --local --unset-all 'core.sshCommand' || :"
2026-09-14T11:53:14.2830501Z Removing HTTP extra header
2026-09-14T11:53:14.2837577Z [command]/usr/bin/git config --local --name-only --get-regexp http\.https\:\/\/github\.com\/\.extraheader
2026-09-14T11:53:14.2884839Z [command]/usr/bin/git submodule foreach --recursive sh -c "git config --local --name-only --get-regexp 'http\.https\:\/\/github\.com\/\.extraheader' && git config --local --unset-all 'http.https://github.com/.extraheader' || :"
2026-09-14T11:53:14.3140255Z Removing includeIf entries pointing to credentials config files
2026-09-14T11:53:14.3146332Z [command]/usr/bin/git config --local --name-only --get-regexp ^includeIf\.gitdir:
2026-09-14T11:53:14.3187290Z [command]/usr/bin/git submodule foreach --recursive git config --local --show-origin --name-only --get-regexp remote.origin.url
2026-09-14T11:53:14.3431719Z [command]/usr/bin/git config --file /home/runner/work/_temp/git-credentials-ac3aa9fe-3e57-4543-a216-97a50b1c879d.config http.https://github.com/.extraheader AUTHORIZATION: basic ***
2026-09-14T11:53:14.3474983Z [command]/usr/bin/git config --local includeIf.gitdir:/home/runner/work/media-intelligence-platform-v2/media-intelligence-platform-v2/.git.path /home/runner/work/_temp/git-credentials-ac3aa9fe-3e57-4543-a216-97a50b1c879d.config
2026-09-14T11:53:14.3512400Z [command]/usr/bin/git config --local includeIf.gitdir:/home/runner/work/media-intelligence-platform-v2/media-intelligence-platform-v2/.git/worktrees/*.path /home/runner/work/_temp/git-credentials-ac3aa9fe-3e57-4543-a216-97a50b1c879d.config
2026-09-14T11:53:14.3552561Z [command]/usr/bin/git config --local includeIf.gitdir:/github/workspace/.git.path /github/runner_temp/git-credentials-ac3aa9fe-3e57-4543-a216-97a50b1c879d.config
2026-09-14T11:53:14.3590385Z [command]/usr/bin/git config --local includeIf.gitdir:/github/workspace/.git/worktrees/*.path /github/runner_temp/git-credentials-ac3aa9fe-3e57-4543-a216-97a50b1c879d.config
2026-09-14T11:53:14.3625178Z ##[endgroup]
2026-09-14T11:53:14.3626643Z ##[group]Fetching the repository
2026-09-14T11:53:14.3633277Z [command]/usr/bin/git -c protocol.version=2 fetch --no-tags --prune --no-recurse-submodules --filter=blob:none --depth=1 origin +c05c68b395fb1c0f31910162870b35daf4f5ec00:refs/remotes/pull/167/merge
2026-09-14T11:53:14.6220012Z From https://github.com/jkelsen13-tech/media-intelligence-platform-v2
2026-09-14T11:53:14.6221874Z  * [new ref]         c05c68b395fb1c0f31910162870b35daf4f5ec00 -> pull/167/merge
2026-09-14T11:53:14.6225011Z ##[endgroup]
2026-09-14T11:53:14.6226733Z ##[group]Determining the checkout info
2026-09-14T11:53:14.6228665Z ##[endgroup]
2026-09-14T11:53:14.6230350Z ##[group]Setting up sparse checkout
2026-09-14T11:53:14.6286941Z [command]/usr/bin/git sparse-checkout set verifier/review-handoff
2026-09-14T11:53:14.6292043Z ##[endgroup]
2026-09-14T11:53:14.6294086Z ##[group]Checking out the ref
2026-09-14T11:53:14.6297395Z [command]/usr/bin/git checkout --progress --force refs/remotes/pull/167/merge
2026-09-14T11:53:15.0062795Z Note: switching to 'refs/remotes/pull/167/merge'.
2026-09-14T11:53:15.0064649Z 
2026-09-14T11:53:15.0065687Z You are in 'detached HEAD' state. You can look around, make experimental
2026-09-14T11:53:15.0067803Z changes and commit them, and you can discard any commits you make in this
2026-09-14T11:53:15.0069876Z state without impacting any branches by switching back to a branch.
2026-09-14T11:53:15.0071126Z 
2026-09-14T11:53:15.0071866Z If you want to create a new branch to retain commits you create, you may
2026-09-14T11:53:15.0073702Z do so (now or later) by using -c with the switch command. Example:
2026-09-14T11:53:15.0074858Z 
2026-09-14T11:53:15.0075422Z   git switch -c <new-branch-name>
2026-09-14T11:53:15.0076476Z 
2026-09-14T11:53:15.0077003Z Or undo this operation with:
2026-09-14T11:53:15.0077767Z 
2026-09-14T11:53:15.0078238Z   git switch -
2026-09-14T11:53:15.0078863Z 
2026-09-14T11:53:15.0080292Z Turn off this advice by setting config variable advice.detachedHead to false
2026-09-14T11:53:15.0081994Z 
2026-09-14T11:53:15.0083685Z HEAD is now at c05c68b Merge e2f4e0369ca577c11b0c8e809fb3bd782a344fc6 into b838ac43601ec905b95524b9c15437e6f1b23d7d
2026-09-14T11:53:15.0089001Z ##[endgroup]
2026-09-14T11:53:15.0133615Z [command]/usr/bin/git log -1 --format=%H
2026-09-14T11:53:15.0167889Z c05c68b395fb1c0f31910162870b35daf4f5ec00
2026-09-14T11:53:15.0178110Z ##[group]Removing auth
2026-09-14T11:53:15.0179153Z Removing SSH command configuration
2026-09-14T11:53:15.0182467Z [command]/usr/bin/git config --local --name-only --get-regexp core\.sshCommand
2026-09-14T11:53:15.0222752Z [command]/usr/bin/git submodule foreach --recursive sh -c "git config --local --name-only --get-regexp 'core\.sshCommand' && git config --local --unset-all 'core.sshCommand' || :"
2026-09-14T11:53:15.0472319Z Removing HTTP extra header
2026-09-14T11:53:15.0477659Z [command]/usr/bin/git config --local --name-only --get-regexp http\.https\:\/\/github\.com\/\.extraheader
2026-09-14T11:53:15.0520980Z [command]/usr/bin/git submodule foreach --recursive sh -c "git config --local --name-only --get-regexp 'http\.https\:\/\/github\.com\/\.extraheader' && git config --local --unset-all 'http.https://github.com/.extraheader' || :"
2026-09-14T11:53:15.0767043Z Removing includeIf entries pointing to credentials config files
2026-09-14T11:53:15.0770579Z [command]/usr/bin/git config --local --name-only --get-regexp ^includeIf\.gitdir:
2026-09-14T11:53:15.0809174Z includeif.gitdir:/home/runner/work/media-intelligence-platform-v2/media-intelligence-platform-v2/.git.path
2026-09-14T11:53:15.0813845Z includeif.gitdir:/home/runner/work/media-intelligence-platform-v2/media-intelligence-platform-v2/.git/worktrees/*.path
2026-09-14T11:53:15.0817790Z includeif.gitdir:/github/workspace/.git.path
2026-09-14T11:53:15.0819624Z includeif.gitdir:/github/workspace/.git/worktrees/*.path
2026-09-14T11:53:15.0825022Z [command]/usr/bin/git config --local --get-all includeif.gitdir:/home/runner/work/media-intelligence-platform-v2/media-intelligence-platform-v2/.git.path
2026-09-14T11:53:15.0847132Z /home/runner/work/_temp/git-credentials-ac3aa9fe-3e57-4543-a216-97a50b1c879d.config
2026-09-14T11:53:15.0858175Z [command]/usr/bin/git config --local --unset includeif.gitdir:/home/runner/work/media-intelligence-platform-v2/media-intelligence-platform-v2/.git.path \/home\/runner\/work\/_temp\/git\-credentials\-ac3aa9fe\-3e57\-4543\-a216\-97a50b1c879d\.config
2026-09-14T11:53:15.0898874Z [command]/usr/bin/git config --local --get-all includeif.gitdir:/home/runner/work/media-intelligence-platform-v2/media-intelligence-platform-v2/.git/worktrees/*.path
2026-09-14T11:53:15.0927573Z /home/runner/work/_temp/git-credentials-ac3aa9fe-3e57-4543-a216-97a50b1c879d.config
2026-09-14T11:53:15.0937656Z [command]/usr/bin/git config --local --unset includeif.gitdir:/home/runner/work/media-intelligence-platform-v2/media-intelligence-platform-v2/.git/worktrees/*.path \/home\/runner\/work\/_temp\/git\-credentials\-ac3aa9fe\-3e57\-4543\-a216\-97a50b1c879d\.config
2026-09-14T11:53:15.0998442Z [command]/usr/bin/git config --local --get-all includeif.gitdir:/github/workspace/.git.path
2026-09-14T11:53:15.1028162Z /github/runner_temp/git-credentials-ac3aa9fe-3e57-4543-a216-97a50b1c879d.config
2026-09-14T11:53:15.1038605Z [command]/usr/bin/git config --local --unset includeif.gitdir:/github/workspace/.git.path \/github\/runner_temp\/git\-credentials\-ac3aa9fe\-3e57\-4543\-a216\-97a50b1c879d\.config
2026-09-14T11:53:15.1077421Z [command]/usr/bin/git config --local --get-all includeif.gitdir:/github/workspace/.git/worktrees/*.path
2026-09-14T11:53:15.1107347Z /github/runner_temp/git-credentials-ac3aa9fe-3e57-4543-a216-97a50b1c879d.config
2026-09-14T11:53:15.1116722Z [command]/usr/bin/git config --local --unset includeif.gitdir:/github/workspace/.git/worktrees/*.path \/github\/runner_temp\/git\-credentials\-ac3aa9fe\-3e57\-4543\-a216\-97a50b1c879d\.config
2026-09-14T11:53:15.1161819Z [command]/usr/bin/git submodule foreach --recursive git config --local --show-origin --name-only --get-regexp remote.origin.url
2026-09-14T11:53:15.1407035Z Removing credentials config '/home/runner/work/_temp/git-credentials-ac3aa9fe-3e57-4543-a216-97a50b1c879d.config'
2026-09-14T11:53:15.1414012Z ##[endgroup]
2026-09-14T11:53:15.1664911Z ##[group]Run node --test verifier/review-handoff/*.test.mjs
2026-09-14T11:53:15.1667022Z [36;1mnode --test verifier/review-handoff/*.test.mjs[0m
2026-09-14T11:53:15.1713204Z shell: /usr/bin/bash -e {0}
2026-09-14T11:53:15.1714344Z ##[endgroup]
2026-09-14T11:53:15.3738656Z TAP version 13
2026-09-14T11:53:15.5020779Z # Subtest: controller rejects backend inventory omitted
2026-09-14T11:53:15.5059013Z ok 1 - controller rejects backend inventory omitted
2026-09-14T11:53:15.5060208Z   ---
2026-09-14T11:53:15.5061130Z   duration_ms: 4.653212
2026-09-14T11:53:15.5071241Z   type: 'test'
2026-09-14T11:53:15.5072141Z   ...
2026-09-14T11:53:15.5073076Z # Subtest: controller rejects cross-layer inventory omitted
2026-09-14T11:53:15.5074178Z ok 2 - controller rejects cross-layer inventory omitted
2026-09-14T11:53:15.5075059Z   ---
2026-09-14T11:53:15.5075702Z   duration_ms: 0.69623
2026-09-14T11:53:15.5076644Z   type: 'test'
2026-09-14T11:53:15.5077286Z   ...
2026-09-14T11:53:15.5088996Z # Subtest: controller rejects backend mislabeled frontend path
2026-09-14T11:53:15.5090719Z ok 3 - controller rejects backend mislabeled frontend path
2026-09-14T11:53:15.5091788Z   ---
2026-09-14T11:53:15.5092561Z   duration_ms: 0.670722
2026-09-14T11:53:15.5093316Z   type: 'test'
2026-09-14T11:53:15.5093962Z   ...
2026-09-14T11:53:15.5097665Z # Subtest: controller rejects unknown token
2026-09-14T11:53:15.5098977Z ok 4 - controller rejects unknown token
2026-09-14T11:53:15.5099799Z   ---
2026-09-14T11:53:15.5100468Z   duration_ms: 0.89898
2026-09-14T11:53:15.5101178Z   type: 'test'
2026-09-14T11:53:15.5101827Z   ...
2026-09-14T11:53:15.5102679Z # Subtest: controller rejects backend references frontend
2026-09-14T11:53:15.5107723Z ok 5 - controller rejects backend references frontend
2026-09-14T11:53:15.5108774Z   ---
2026-09-14T11:53:15.5109427Z   duration_ms: 0.748507
2026-09-14T11:53:15.5110119Z   type: 'test'
2026-09-14T11:53:15.5111188Z   ...
2026-09-14T11:53:15.5112075Z # Subtest: controller rejects cross-layer references backend
2026-09-14T11:53:15.5162014Z ok 6 - controller rejects cross-layer references backend
2026-09-14T11:53:15.5186514Z   ---
2026-09-14T11:53:15.5242148Z   duration_ms: 0.620788
2026-09-14T11:53:15.5247354Z   type: 'test'
2026-09-14T11:53:15.5257110Z   ...
2026-09-14T11:53:15.5257907Z # Subtest: controller rejects undeclared requirement
2026-09-14T11:53:15.5258783Z ok 7 - controller rejects undeclared requirement
2026-09-14T11:53:15.5259466Z   ---
2026-09-14T11:53:15.5259963Z   duration_ms: 0.422936
2026-09-14T11:53:15.5260490Z   type: 'test'
2026-09-14T11:53:15.5260972Z   ...
2026-09-14T11:53:15.5261482Z # Subtest: controller rejects bytes altered
2026-09-14T11:53:15.5262161Z ok 8 - controller rejects bytes altered
2026-09-14T11:53:15.5262886Z   ---
2026-09-14T11:53:15.5263720Z   duration_ms: 1.718762
2026-09-14T11:53:15.5264479Z   type: 'test'
2026-09-14T11:53:15.5265067Z   ...
2026-09-14T11:53:15.5265773Z # Subtest: controller rejects size altered
2026-09-14T11:53:15.5266725Z ok 9 - controller rejects size altered
2026-09-14T11:53:15.5267428Z   ---
2026-09-14T11:53:15.5268033Z   duration_ms: 0.830668
2026-09-14T11:53:15.5268693Z   type: 'test'
2026-09-14T11:53:15.5269303Z   ...
2026-09-14T11:53:15.5270166Z # Subtest: controller rejects hash altered
2026-09-14T11:53:15.5270916Z ok 10 - controller rejects hash altered
2026-09-14T11:53:15.5273851Z   ---
2026-09-14T11:53:15.5274375Z   duration_ms: 0.802887
2026-09-14T11:53:15.5274930Z   type: 'test'
2026-09-14T11:53:15.5275421Z   ...
2026-09-14T11:53:15.5361636Z # Subtest: controller rejects duplicate token
2026-09-14T11:53:15.5409174Z ok 11 - controller rejects duplicate token
2026-09-14T11:53:15.5453938Z   ---
2026-09-14T11:53:15.5454506Z   duration_ms: 0.467691
2026-09-14T11:53:15.5455076Z   type: 'test'
2026-09-14T11:53:15.5455570Z   ...
2026-09-14T11:53:15.5456378Z # Subtest: controller rejects duplicate path
2026-09-14T11:53:15.5457136Z ok 12 - controller rejects duplicate path
2026-09-14T11:53:15.5457759Z   ---
2026-09-14T11:53:15.5458565Z   duration_ms: 0.315737
2026-09-14T11:53:15.5459095Z   type: 'test'
2026-09-14T11:53:15.5572734Z   ...
2026-09-14T11:53:15.5573483Z # Subtest: controller rejects unknown inventory field
2026-09-14T11:53:15.5574287Z ok 13 - controller rejects unknown inventory field
2026-09-14T11:53:15.5574964Z   ---
2026-09-14T11:53:15.5575479Z   duration_ms: 0.287775
2026-09-14T11:53:15.5576377Z   type: 'test'
2026-09-14T11:53:15.5576858Z   ...
2026-09-14T11:53:15.5577556Z # Subtest: controller rejects stale packet hash despite fresh request key
2026-09-14T11:53:15.5578534Z ok 14 - controller rejects stale packet hash despite fresh request key
2026-09-14T11:53:15.5579292Z   ---
2026-09-14T11:53:15.5579802Z   duration_ms: 0.44639
2026-09-14T11:53:15.5580333Z   type: 'test'
2026-09-14T11:53:15.5580818Z   ...
2026-09-14T11:53:15.5581698Z # Subtest: protocol rejects backend inventory omitted with refreshed authority and packet digest
2026-09-14T11:53:15.5583143Z ok 15 - protocol rejects backend inventory omitted with refreshed authority and packet digest
2026-09-14T11:53:15.5584025Z   ---
2026-09-14T11:53:15.5584509Z   duration_ms: 1.033409
2026-09-14T11:53:15.5585017Z   type: 'test'
2026-09-14T11:53:15.5585490Z   ...
2026-09-14T11:53:15.5586489Z # Subtest: protocol rejects cross-layer inventory omitted with refreshed authority and packet digest
2026-09-14T11:53:15.5587825Z ok 16 - protocol rejects cross-layer inventory omitted with refreshed authority and packet digest
2026-09-14T11:53:15.5588775Z   ---
2026-09-14T11:53:15.5589240Z   duration_ms: 0.443746
2026-09-14T11:53:15.5589739Z   type: 'test'
2026-09-14T11:53:15.5590174Z   ...
2026-09-14T11:53:15.5590938Z # Subtest: protocol rejects backend references frontend with refreshed authority and packet digest
2026-09-14T11:53:15.5592178Z ok 17 - protocol rejects backend references frontend with refreshed authority and packet digest
2026-09-14T11:53:15.5593069Z   ---
2026-09-14T11:53:15.5594032Z   duration_ms: 0.650302
2026-09-14T11:53:15.5594575Z   type: 'test'
2026-09-14T11:53:15.5595090Z   ...
2026-09-14T11:53:15.5596361Z # Subtest: protocol rejects cross-layer references frontend with refreshed authority and packet digest
2026-09-14T11:53:15.5597763Z ok 18 - protocol rejects cross-layer references frontend with refreshed authority and packet digest
2026-09-14T11:53:15.5598707Z   ---
2026-09-14T11:53:15.5599217Z   duration_ms: 0.568841
2026-09-14T11:53:15.5599758Z   type: 'test'
2026-09-14T11:53:15.5600242Z   ...
2026-09-14T11:53:15.5601032Z # Subtest: protocol rejects cross-layer references backend with refreshed authority and packet digest
2026-09-14T11:53:15.5602317Z ok 19 - protocol rejects cross-layer references backend with refreshed authority and packet digest
2026-09-14T11:53:15.5603244Z   ---
2026-09-14T11:53:15.5603697Z   duration_ms: 0.502333
2026-09-14T11:53:15.5604245Z   type: 'test'
2026-09-14T11:53:15.5604738Z   ...
2026-09-14T11:53:15.5605486Z # Subtest: protocol rejects backend path is src with refreshed authority and packet digest
2026-09-14T11:53:15.5606976Z ok 20 - protocol rejects backend path is src with refreshed authority and packet digest
2026-09-14T11:53:15.5607922Z   ---
2026-09-14T11:53:15.5608408Z   duration_ms: 0.478468
2026-09-14T11:53:15.5608981Z   type: 'test'
2026-09-14T11:53:15.5609485Z   ...
2026-09-14T11:53:15.5610381Z # Subtest: protocol rejects requirement bound to wrong row with refreshed authority and packet digest
2026-09-14T11:53:15.5611770Z ok 21 - protocol rejects requirement bound to wrong row with refreshed authority and packet digest
2026-09-14T11:53:15.5612790Z   ---
2026-09-14T11:53:15.5613320Z   duration_ms: 0.425319
2026-09-14T11:53:15.5613909Z   type: 'test'
2026-09-14T11:53:15.5614428Z   ...
2026-09-14T11:53:15.5615005Z # Subtest: both validators reject supabase/config.toml
2026-09-14T11:53:15.5616113Z ok 22 - both validators reject supabase/config.toml
2026-09-14T11:53:15.5616830Z   ---
2026-09-14T11:53:15.5617337Z   duration_ms: 0.762708
2026-09-14T11:53:15.5617911Z   type: 'test'
2026-09-14T11:53:15.5618426Z   ...
2026-09-14T11:53:15.5619331Z # Subtest: both validators reject supabase/seed.sql
2026-09-14T11:53:15.5620197Z ok 23 - both validators reject supabase/seed.sql
2026-09-14T11:53:15.5620867Z   ---
2026-09-14T11:53:15.5621403Z   duration_ms: 0.701037
2026-09-14T11:53:15.5621935Z   type: 'test'
2026-09-14T11:53:15.5622437Z   ...
2026-09-14T11:53:15.5622987Z # Subtest: both validators reject supabase/.env
2026-09-14T11:53:15.5623737Z ok 24 - both validators reject supabase/.env
2026-09-14T11:53:15.5624415Z   ---
2026-09-14T11:53:15.5624916Z   duration_ms: 0.629031
2026-09-14T11:53:15.5625477Z   type: 'test'
2026-09-14T11:53:15.5626170Z   ...
2026-09-14T11:53:15.5626791Z # Subtest: both validators reject supabase/functions/../.env
2026-09-14T11:53:15.5627669Z ok 25 - both validators reject supabase/functions/../.env
2026-09-14T11:53:15.5628468Z   ---
2026-09-14T11:53:15.5628974Z   duration_ms: 0.61488
2026-09-14T11:53:15.5629647Z   type: 'test'
2026-09-14T11:53:15.5630156Z   ...
2026-09-14T11:53:15.5630769Z # Subtest: both validators reject supabase/functions/.env
2026-09-14T11:53:15.5631620Z ok 26 - both validators reject supabase/functions/.env
2026-09-14T11:53:15.5632325Z   ---
2026-09-14T11:53:15.5632807Z   duration_ms: 0.590593
2026-09-14T11:53:15.5633369Z   type: 'test'
2026-09-14T11:53:15.5633873Z   ...
2026-09-14T11:53:15.5634551Z # Subtest: both validators reject supabase/functions/x/AGENTS.md
2026-09-14T11:53:15.5635503Z ok 27 - both validators reject supabase/functions/x/AGENTS.md
2026-09-14T11:53:15.5636494Z   ---
2026-09-14T11:53:15.5636979Z   duration_ms: 0.620017
2026-09-14T11:53:15.5637513Z   type: 'test'
2026-09-14T11:53:15.5638009Z   ...
2026-09-14T11:53:15.5638677Z # Subtest: both validators reject supabase/qualification/./receipt.txt
2026-09-14T11:53:15.5639700Z ok 28 - both validators reject supabase/qualification/./receipt.txt
2026-09-14T11:53:15.5640521Z   ---
2026-09-14T11:53:15.5641042Z   duration_ms: 0.609271
2026-09-14T11:53:15.5641953Z   type: 'test'
2026-09-14T11:53:15.5642466Z   ...
2026-09-14T11:53:15.5643219Z # Subtest: both validators allow bounded supabase/functions/synthetic/index.ts
2026-09-14T11:53:15.5644325Z ok 29 - both validators allow bounded supabase/functions/synthetic/index.ts
2026-09-14T11:53:15.5645179Z   ---
2026-09-14T11:53:15.5645703Z   duration_ms: 1.320653
2026-09-14T11:53:15.5646537Z   type: 'test'
2026-09-14T11:53:15.5647059Z   ...
2026-09-14T11:53:15.5647826Z # Subtest: both validators allow bounded supabase/qualification/synthetic-receipt.txt
2026-09-14T11:53:15.5649030Z ok 30 - both validators allow bounded supabase/qualification/synthetic-receipt.txt
2026-09-14T11:53:15.5649965Z   ---
2026-09-14T11:53:15.5650494Z   duration_ms: 1.563402
2026-09-14T11:53:15.5651051Z   type: 'test'
2026-09-14T11:53:15.5651538Z   ...
2026-09-14T11:53:15.5652224Z # Subtest: protocol rejects unknown packet.approve before persistence
2026-09-14T11:53:15.5653284Z ok 31 - protocol rejects unknown packet.approve before persistence
2026-09-14T11:53:15.5654108Z   ---
2026-09-14T11:53:15.5654590Z   duration_ms: 0.835105
2026-09-14T11:53:15.5655139Z   type: 'test'
2026-09-14T11:53:15.5655612Z   ...
2026-09-14T11:53:15.5656521Z # Subtest: protocol rejects unknown packet.merge before persistence
2026-09-14T11:53:15.5657456Z ok 32 - protocol rejects unknown packet.merge before persistence
2026-09-14T11:53:15.5658240Z   ---
2026-09-14T11:53:15.5658733Z   duration_ms: 0.398549
2026-09-14T11:53:15.5659262Z   type: 'test'
2026-09-14T11:53:15.5659752Z   ...
2026-09-14T11:53:15.5660399Z # Subtest: protocol rejects unknown packet.publish before persistence
2026-09-14T11:53:15.5661530Z ok 33 - protocol rejects unknown packet.publish before persistence
2026-09-14T11:53:15.5662318Z   ---
2026-09-14T11:53:15.5662778Z   duration_ms: 0.434633
2026-09-14T11:53:15.5663348Z   type: 'test'
2026-09-14T11:53:15.5663831Z   ...
2026-09-14T11:53:15.5664477Z # Subtest: protocol rejects unknown packet.hidden before persistence
2026-09-14T11:53:15.5665431Z ok 34 - protocol rejects unknown packet.hidden before persistence
2026-09-14T11:53:15.5666607Z   ---
2026-09-14T11:53:15.5667100Z   duration_ms: 0.405039
2026-09-14T11:53:15.5667626Z   type: 'test'
2026-09-14T11:53:15.5668090Z   ...
2026-09-14T11:53:15.5668765Z # Subtest: protocol rejects unknown authority.approve before persistence
2026-09-14T11:53:15.5669767Z ok 35 - protocol rejects unknown authority.approve before persistence
2026-09-14T11:53:15.5670544Z   ---
2026-09-14T11:53:15.5671014Z   duration_ms: 0.596121
2026-09-14T11:53:15.5671562Z   type: 'test'
2026-09-14T11:53:15.5672053Z   ...
2026-09-14T11:53:15.5672724Z # Subtest: protocol rejects unknown authority.merge before persistence
2026-09-14T11:53:15.5673730Z ok 36 - protocol rejects unknown authority.merge before persistence
2026-09-14T11:53:15.5674489Z   ---
2026-09-14T11:53:15.5674979Z   duration_ms: 0.413682
2026-09-14T11:53:15.5675502Z   type: 'test'
2026-09-14T11:53:15.5676190Z   ...
2026-09-14T11:53:15.5676893Z # Subtest: protocol rejects unknown authority.publish before persistence
2026-09-14T11:53:15.5677942Z ok 37 - protocol rejects unknown authority.publish before persistence
2026-09-14T11:53:15.5678718Z   ---
2026-09-14T11:53:15.5679216Z   duration_ms: 0.384599
2026-09-14T11:53:15.5679780Z   type: 'test'
2026-09-14T11:53:15.5680286Z   ...
2026-09-14T11:53:15.5680944Z # Subtest: protocol rejects unknown authority.hidden before persistence
2026-09-14T11:53:15.5682036Z ok 38 - protocol rejects unknown authority.hidden before persistence
2026-09-14T11:53:15.5682811Z   ---
2026-09-14T11:53:15.5683277Z   duration_ms: 0.363678
2026-09-14T11:53:15.5683793Z   type: 'test'
2026-09-14T11:53:15.5684281Z   ...
2026-09-14T11:53:15.5685072Z # Subtest: protocol rejects unknown result.approve before persistence
2026-09-14T11:53:15.5686242Z ok 39 - protocol rejects unknown result.approve before persistence
2026-09-14T11:53:15.5687043Z   ---
2026-09-14T11:53:15.5687565Z   duration_ms: 1.297529
2026-09-14T11:53:15.5688126Z   type: 'test'
2026-09-14T11:53:15.5688942Z   ...
2026-09-14T11:53:15.5689606Z # Subtest: protocol rejects unknown result.merge before persistence
2026-09-14T11:53:15.5690588Z ok 40 - protocol rejects unknown result.merge before persistence
2026-09-14T11:53:15.5691351Z   ---
2026-09-14T11:53:15.5691847Z   duration_ms: 0.585136
2026-09-14T11:53:15.5692399Z   type: 'test'
2026-09-14T11:53:15.5692952Z   ...
2026-09-14T11:53:15.5693614Z # Subtest: protocol rejects unknown result.publish before persistence
2026-09-14T11:53:15.5694568Z ok 41 - protocol rejects unknown result.publish before persistence
2026-09-14T11:53:15.5695359Z   ---
2026-09-14T11:53:15.5695843Z   duration_ms: 0.427983
2026-09-14T11:53:15.5696617Z   type: 'test'
2026-09-14T11:53:15.5697115Z   ...
2026-09-14T11:53:15.5697761Z # Subtest: protocol rejects unknown result.hidden before persistence
2026-09-14T11:53:15.5698733Z ok 42 - protocol rejects unknown result.hidden before persistence
2026-09-14T11:53:15.5699521Z   ---
2026-09-14T11:53:15.5700031Z   duration_ms: 0.529293
2026-09-14T11:53:15.5700633Z   type: 'test'
2026-09-14T11:53:15.5701125Z   ...
2026-09-14T11:53:15.5701823Z # Subtest: protocol rejects unknown origin.approve before persistence
2026-09-14T11:53:15.5702816Z ok 43 - protocol rejects unknown origin.approve before persistence
2026-09-14T11:53:15.5703616Z   ---
2026-09-14T11:53:15.5704146Z   duration_ms: 0.430186
2026-09-14T11:53:15.5704723Z   type: 'test'
2026-09-14T11:53:15.5705237Z   ...
2026-09-14T11:53:15.5706216Z # Subtest: protocol rejects unknown origin.merge before persistence
2026-09-14T11:53:15.5707219Z ok 44 - protocol rejects unknown origin.merge before persistence
2026-09-14T11:53:15.5707970Z   ---
2026-09-14T11:53:15.5708491Z   duration_ms: 0.544736
2026-09-14T11:53:15.5709062Z   type: 'test'
2026-09-14T11:53:15.5709553Z   ...
2026-09-14T11:53:15.5710206Z # Subtest: protocol rejects unknown origin.publish before persistence
2026-09-14T11:53:15.5711148Z ok 45 - protocol rejects unknown origin.publish before persistence
2026-09-14T11:53:15.5711929Z   ---
2026-09-14T11:53:15.5712408Z   duration_ms: 0.499739
2026-09-14T11:53:15.5713202Z   type: 'test'
2026-09-14T11:53:15.5713743Z   ...
2026-09-14T11:53:15.5714381Z # Subtest: protocol rejects unknown origin.hidden before persistence
2026-09-14T11:53:15.5715320Z ok 46 - protocol rejects unknown origin.hidden before persistence
2026-09-14T11:53:15.5716730Z   ---
2026-09-14T11:53:15.5717225Z   duration_ms: 0.489144
2026-09-14T11:53:15.5746171Z   type: 'test'
2026-09-14T11:53:15.5746822Z   ...
2026-09-14T11:53:15.5747414Z # Subtest: protocol nested coverage exact schema
2026-09-14T11:53:15.5748179Z ok 47 - protocol nested coverage exact schema
2026-09-14T11:53:15.5748804Z   ---
2026-09-14T11:53:15.5749300Z   duration_ms: 0.668258
2026-09-14T11:53:15.5749850Z   type: 'test'
2026-09-14T11:53:15.5750351Z   ...
2026-09-14T11:53:15.5750891Z # Subtest: protocol nested file exact schema
2026-09-14T11:53:15.5751583Z ok 48 - protocol nested file exact schema
2026-09-14T11:53:15.5752196Z   ---
2026-09-14T11:53:15.5752707Z   duration_ms: 0.423617
2026-09-14T11:53:15.5753243Z   type: 'test'
2026-09-14T11:53:15.5753740Z   ...
2026-09-14T11:53:15.5754306Z # Subtest: protocol nested finding exact schema
2026-09-14T11:53:15.5755056Z ok 49 - protocol nested finding exact schema
2026-09-14T11:53:15.5755715Z   ---
2026-09-14T11:53:15.5756468Z   duration_ms: 0.814314
2026-09-14T11:53:15.5757098Z   type: 'test'
2026-09-14T11:53:15.5757629Z   ...
2026-09-14T11:53:15.5758217Z # Subtest: protocol nested blocker exact schema
2026-09-14T11:53:15.5758942Z ok 50 - protocol nested blocker exact schema
2026-09-14T11:53:15.5759577Z   ---
2026-09-14T11:53:15.5760073Z   duration_ms: 0.644984
2026-09-14T11:53:15.5760643Z   type: 'test'
2026-09-14T11:53:15.5761158Z   ...
2026-09-14T11:53:15.5761802Z # Subtest: protocol rejects non-concrete FAIL detail "string"
2026-09-14T11:53:15.5762706Z ok 51 - protocol rejects non-concrete FAIL detail "string"
2026-09-14T11:53:15.5763456Z   ---
2026-09-14T11:53:15.5763962Z   duration_ms: 0.631034
2026-09-14T11:53:15.5764847Z   type: 'test'
2026-09-14T11:53:15.5765370Z   ...
2026-09-14T11:53:15.5766203Z # Subtest: protocol rejects non-concrete FAIL detail {}
2026-09-14T11:53:15.5767055Z ok 52 - protocol rejects non-concrete FAIL detail {}
2026-09-14T11:53:15.5767766Z   ---
2026-09-14T11:53:15.5768288Z   duration_ms: 0.498538
2026-09-14T11:53:15.5768852Z   type: 'test'
2026-09-14T11:53:15.5769354Z   ...
2026-09-14T11:53:15.5769952Z # Subtest: protocol rejects non-concrete FAIL detail null
2026-09-14T11:53:15.5770820Z ok 53 - protocol rejects non-concrete FAIL detail null
2026-09-14T11:53:15.5771588Z   ---
2026-09-14T11:53:15.5772102Z   duration_ms: 0.480621
2026-09-14T11:53:15.5772675Z   type: 'test'
2026-09-14T11:53:15.5773187Z   ...
2026-09-14T11:53:15.5773842Z # Subtest: protocol rejects non-concrete BLOCKED detail "string"
2026-09-14T11:53:15.5774788Z ok 54 - protocol rejects non-concrete BLOCKED detail "string"
2026-09-14T11:53:15.5775566Z   ---
2026-09-14T11:53:15.5776298Z   duration_ms: 0.469254
2026-09-14T11:53:15.5776880Z   type: 'test'
2026-09-14T11:53:15.5777400Z   ...
2026-09-14T11:53:15.5778044Z # Subtest: protocol rejects non-concrete BLOCKED detail {}
2026-09-14T11:53:15.5778921Z ok 55 - protocol rejects non-concrete BLOCKED detail {}
2026-09-14T11:53:15.5779666Z   ---
2026-09-14T11:53:15.5780183Z   duration_ms: 1.177902
2026-09-14T11:53:15.5780741Z   type: 'test'
2026-09-14T11:53:15.5781669Z   ...
2026-09-14T11:53:15.5782359Z # Subtest: protocol rejects non-concrete BLOCKED detail null
2026-09-14T11:53:15.5783273Z ok 56 - protocol rejects non-concrete BLOCKED detail null
2026-09-14T11:53:15.5784063Z   ---
2026-09-14T11:53:15.5784593Z   duration_ms: 0.43284
2026-09-14T11:53:15.5785179Z   type: 'test'
2026-09-14T11:53:15.5785643Z   ...
2026-09-14T11:53:15.5786358Z # Subtest: finding evidence must be from its coverage row
2026-09-14T11:53:15.5787172Z ok 57 - finding evidence must be from its coverage row
2026-09-14T11:53:15.5787844Z   ---
2026-09-14T11:53:15.5788327Z   duration_ms: 0.585346
2026-09-14T11:53:15.5788894Z   type: 'test'
2026-09-14T11:53:15.5789377Z   ...
2026-09-14T11:53:15.5790198Z # Subtest: each failed row needs its own concrete finding
2026-09-14T11:53:15.5791012Z ok 58 - each failed row needs its own concrete finding
2026-09-14T11:53:15.5791673Z   ---
2026-09-14T11:53:15.5792864Z   duration_ms: 0.565206
2026-09-14T11:53:15.5793414Z   type: 'test'
2026-09-14T11:53:15.5793898Z   ...
2026-09-14T11:53:15.5794495Z # Subtest: each blocked row needs its own concrete blocker
2026-09-14T11:53:15.5795302Z ok 59 - each blocked row needs its own concrete blocker
2026-09-14T11:53:15.5796173Z   ---
2026-09-14T11:53:15.5796688Z   duration_ms: 0.597664
2026-09-14T11:53:15.5797227Z   type: 'test'
2026-09-14T11:53:15.5797706Z   ...
2026-09-14T11:53:15.5798417Z # Subtest: same-layer evidence cannot be reused for an undeclared requirement
2026-09-14T11:53:15.5799478Z ok 60 - same-layer evidence cannot be reused for an undeclared requirement
2026-09-14T11:53:15.5800284Z   ---
2026-09-14T11:53:15.5800771Z   duration_ms: 0.633517
2026-09-14T11:53:15.5801359Z   type: 'test'
2026-09-14T11:53:15.5801858Z   ...
2026-09-14T11:53:15.5802719Z # Subtest: accept retains validated snapshot across request adapter mutation
2026-09-14T11:53:15.5803764Z ok 61 - accept retains validated snapshot across request adapter mutation
2026-09-14T11:53:15.5804574Z   ---
2026-09-14T11:53:15.5805104Z   duration_ms: 2.545595
2026-09-14T11:53:15.5805697Z   type: 'test'
2026-09-14T11:53:15.5806580Z   ...
2026-09-14T11:53:15.5807289Z # Subtest: accept retains validated snapshot across result adapter mutation
2026-09-14T11:53:15.5808339Z ok 62 - accept retains validated snapshot across result adapter mutation
2026-09-14T11:53:15.5809129Z   ---
2026-09-14T11:53:15.5809618Z   duration_ms: 0.788836
2026-09-14T11:53:15.5810147Z   type: 'test'
2026-09-14T11:53:15.5810634Z   ...
2026-09-14T11:53:15.5811292Z # Subtest: accept retains validated snapshot across create adapter mutation
2026-09-14T11:53:15.5812271Z ok 63 - accept retains validated snapshot across create adapter mutation
2026-09-14T11:53:15.5813329Z   ---
2026-09-14T11:53:15.5813795Z   duration_ms: 0.74387
2026-09-14T11:53:15.5814313Z   type: 'test'
2026-09-14T11:53:15.5814770Z   ...
2026-09-14T11:53:15.5815422Z # Subtest: reserve retains original request and embedded bytes across await
2026-09-14T11:53:15.5816588Z ok 64 - reserve retains original request and embedded bytes across await
2026-09-14T11:53:15.5817315Z   ---
2026-09-14T11:53:15.5817776Z   duration_ms: 0.921563
2026-09-14T11:53:15.5818298Z   type: 'test'
2026-09-14T11:53:15.5818786Z   ...
2026-09-14T11:53:15.5819394Z # Subtest: receive captures result bytes before adapter reentry
2026-09-14T11:53:15.5820232Z ok 65 - receive captures result bytes before adapter reentry
2026-09-14T11:53:15.5820920Z   ---
2026-09-14T11:53:15.5821383Z   duration_ms: 0.801676
2026-09-14T11:53:15.5821901Z   type: 'test'
2026-09-14T11:53:15.5822365Z   ...
2026-09-14T11:53:15.5823126Z # Subtest: controller accepts supporting verifier receipt alongside primary layer artifacts
2026-09-14T11:53:15.5824317Z ok 66 - controller accepts supporting verifier receipt alongside primary layer artifacts
2026-09-14T11:53:15.5825685Z   ---
2026-09-14T11:53:15.5826365Z   duration_ms: 1.288155
2026-09-14T11:53:15.5826955Z   type: 'test'
2026-09-14T11:53:15.5827481Z   ...
2026-09-14T11:53:15.5828331Z # Subtest: protocol accepts supporting verifier receipt alongside primary layer artifacts
2026-09-14T11:53:15.5829556Z ok 67 - protocol accepts supporting verifier receipt alongside primary layer artifacts
2026-09-14T11:53:15.5830508Z   ---
2026-09-14T11:53:15.5831049Z   duration_ms: 0.899711
2026-09-14T11:53:15.5831638Z   type: 'test'
2026-09-14T11:53:15.5832142Z   ...
2026-09-14T11:53:15.5895094Z # Subtest: synthetic PASS never approves merges or publishes
2026-09-14T11:53:15.5907606Z ok 68 - synthetic PASS never approves merges or publishes
2026-09-14T11:53:15.5908496Z   ---
2026-09-14T11:53:15.5909047Z   duration_ms: 12.093541
2026-09-14T11:53:15.5909632Z   type: 'test'
2026-09-14T11:53:15.5910162Z   ...
2026-09-14T11:53:15.5910653Z # Subtest: real request
2026-09-14T11:53:15.5911521Z ok 69 - real request
2026-09-14T11:53:15.5912101Z   ---
2026-09-14T11:53:15.5912597Z   duration_ms: 0.617003
2026-09-14T11:53:15.5913170Z   type: 'test'
2026-09-14T11:53:15.5913684Z   ...
2026-09-14T11:53:15.5914216Z # Subtest: unknown request fields
2026-09-14T11:53:15.5914887Z ok 70 - unknown request fields
2026-09-14T11:53:15.5915491Z   ---
2026-09-14T11:53:15.5916192Z   duration_ms: 0.439721
2026-09-14T11:53:15.5916757Z   type: 'test'
2026-09-14T11:53:15.5917380Z   ...
2026-09-14T11:53:15.5918186Z # Subtest: unknown result fields
2026-09-14T11:53:15.5918865Z ok 71 - unknown result fields
2026-09-14T11:53:15.5919466Z   ---
2026-09-14T11:53:15.5919991Z   duration_ms: 0.592977
2026-09-14T11:53:15.5920576Z   type: 'test'
2026-09-14T11:53:15.5921109Z   ...
2026-09-14T11:53:15.5921644Z # Subtest: wrong frozen candidate
2026-09-14T11:53:15.5922366Z ok 72 - wrong frozen candidate
2026-09-14T11:53:15.5923128Z   ---
2026-09-14T11:53:15.5923655Z   duration_ms: 0.583252
2026-09-14T11:53:15.5924235Z   type: 'test'
2026-09-14T11:53:15.5924748Z   ...
2026-09-14T11:53:15.5925239Z # Subtest: moving candidate
2026-09-14T11:53:15.5925846Z ok 73 - moving candidate
2026-09-14T11:53:15.5926640Z   ---
2026-09-14T11:53:15.5927141Z   duration_ms: 0.307305
2026-09-14T11:53:15.5927695Z   type: 'test'
2026-09-14T11:53:15.5928196Z   ...
2026-09-14T11:53:15.5928808Z # Subtest: wrong reviewer
2026-09-14T11:53:15.5929450Z ok 74 - wrong reviewer
2026-09-14T11:53:15.5930038Z   ---
2026-09-14T11:53:15.5930565Z   duration_ms: 0.626026
2026-09-14T11:53:15.5931112Z   type: 'test'
2026-09-14T11:53:15.5931633Z   ...
2026-09-14T11:53:15.5932136Z # Subtest: model substitution
2026-09-14T11:53:15.5932749Z ok 75 - model substitution
2026-09-14T11:53:15.5933319Z   ---
2026-09-14T11:53:15.5933808Z   duration_ms: 0.426
2026-09-14T11:53:15.5934386Z   type: 'test'
2026-09-14T11:53:15.5934908Z   ...
2026-09-14T11:53:15.5935431Z # Subtest: request replay
2026-09-14T11:53:15.5936718Z ok 76 - request replay
2026-09-14T11:53:15.5937283Z   ---
2026-09-14T11:53:15.5937826Z   duration_ms: 0.680337
2026-09-14T11:53:15.5938395Z   type: 'test'
2026-09-14T11:53:15.5938885Z   ...
2026-09-14T11:53:15.5939482Z # Subtest: missing coverage
2026-09-14T11:53:15.5940058Z ok 77 - missing coverage
2026-09-14T11:53:15.5940590Z   ---
2026-09-14T11:53:15.5941070Z   duration_ms: 1.650331
2026-09-14T11:53:15.5941634Z   type: 'test'
2026-09-14T11:53:15.5942142Z   ...
2026-09-14T11:53:15.5942660Z # Subtest: missing frontend layer
2026-09-14T11:53:15.5943312Z ok 78 - missing frontend layer
2026-09-14T11:53:15.5943995Z   ---
2026-09-14T11:53:15.5944523Z   duration_ms: 0.391859
2026-09-14T11:53:15.5945074Z   type: 'test'
2026-09-14T11:53:15.5945601Z   ...
2026-09-14T11:53:15.5946378Z # Subtest: missing backend layer
2026-09-14T11:53:15.5947063Z ok 79 - missing backend layer
2026-09-14T11:53:15.5947653Z   ---
2026-09-14T11:53:15.5948127Z   duration_ms: 0.272764
2026-09-14T11:53:15.5948698Z   type: 'test'
2026-09-14T11:53:15.5949190Z   ...
2026-09-14T11:53:15.5949812Z # Subtest: missing cross-layer coverage
2026-09-14T11:53:15.5950494Z ok 80 - missing cross-layer coverage
2026-09-14T11:53:15.5951100Z   ---
2026-09-14T11:53:15.5951584Z   duration_ms: 0.247476
2026-09-14T11:53:15.5952109Z   type: 'test'
2026-09-14T11:53:15.5952614Z   ...
2026-09-14T11:53:15.5953113Z # Subtest: unbound requirement layer
2026-09-14T11:53:15.5953784Z ok 81 - unbound requirement layer
2026-09-14T11:53:15.5954377Z   ---
2026-09-14T11:53:15.5954882Z   duration_ms: 0.231803
2026-09-14T11:53:15.5955478Z   type: 'test'
2026-09-14T11:53:15.5956209Z   ...
2026-09-14T11:53:15.5956764Z # Subtest: unknown coverage field
2026-09-14T11:53:15.5957421Z ok 82 - unknown coverage field
2026-09-14T11:53:15.5958037Z   ---
2026-09-14T11:53:15.5958538Z   duration_ms: 0.403677
2026-09-14T11:53:15.5959080Z   type: 'test'
2026-09-14T11:53:15.5959552Z   ...
2026-09-14T11:53:15.5960067Z # Subtest: supplied results cannot PASS
2026-09-14T11:53:15.5960778Z ok 83 - supplied results cannot PASS
2026-09-14T11:53:15.5961425Z   ---
2026-09-14T11:53:15.5962200Z   duration_ms: 1.292141
2026-09-14T11:53:15.5962796Z   type: 'test'
2026-09-14T11:53:15.5963363Z   ...
2026-09-14T11:53:15.5963916Z # Subtest: external evidence URL
2026-09-14T11:53:15.5964676Z ok 84 - external evidence URL
2026-09-14T11:53:15.5965288Z   ---
2026-09-14T11:53:15.5965816Z   duration_ms: 0.490425
2026-09-14T11:53:15.5966889Z   type: 'test'
2026-09-14T11:53:15.5967428Z   ...
2026-09-14T11:53:15.5967963Z # Subtest: unsupported FAIL
2026-09-14T11:53:15.5968602Z ok 85 - unsupported FAIL
2026-09-14T11:53:15.5969191Z   ---
2026-09-14T11:53:15.5969697Z   duration_ms: 0.495053
2026-09-14T11:53:15.5970290Z   type: 'test'
2026-09-14T11:53:15.5970829Z   ...
2026-09-14T11:53:15.5971359Z # Subtest: unsupported BLOCKED
2026-09-14T11:53:15.5972053Z ok 86 - unsupported BLOCKED
2026-09-14T11:53:15.5972649Z   ---
2026-09-14T11:53:15.5973163Z   duration_ms: 0.422875
2026-09-14T11:53:15.5973715Z   type: 'test'
2026-09-14T11:53:15.5974231Z   ...
2026-09-14T11:53:15.5974743Z # Subtest: unknown blocker category
2026-09-14T11:53:15.5975395Z ok 87 - unknown blocker category
2026-09-14T11:53:15.5976203Z   ---
2026-09-14T11:53:15.5976718Z   duration_ms: 0.529944
2026-09-14T11:53:15.5977268Z   type: 'test'
2026-09-14T11:53:15.5977774Z   ...
2026-09-14T11:53:15.5978302Z # Subtest: unknown finding fields
2026-09-14T11:53:15.5978962Z ok 88 - unknown finding fields
2026-09-14T11:53:15.5979560Z   ---
2026-09-14T11:53:15.5980082Z   duration_ms: 0.456925
2026-09-14T11:53:15.5980639Z   type: 'test'
2026-09-14T11:53:15.5981155Z   ...
2026-09-14T11:53:15.5981948Z # Subtest: FAIL preserves actionable findings and proposes remediation
2026-09-14T11:53:15.5982971Z ok 89 - FAIL preserves actionable findings and proposes remediation
2026-09-14T11:53:15.5983730Z   ---
2026-09-14T11:53:15.5991286Z   duration_ms: 0.509423
2026-09-14T11:53:15.5992325Z   type: 'test'
2026-09-14T11:53:15.5992884Z   ...
2026-09-14T11:53:15.5993769Z # Subtest: route blocker engineering
2026-09-14T11:53:15.5994462Z ok 90 - route blocker engineering
2026-09-14T11:53:15.5995089Z   ---
2026-09-14T11:53:15.5995590Z   duration_ms: 0.499159
2026-09-14T11:53:15.5996379Z   type: 'test'
2026-09-14T11:53:15.5996916Z   ...
2026-09-14T11:53:15.5997465Z # Subtest: route blocker missing_evidence
2026-09-14T11:53:15.5998197Z ok 91 - route blocker missing_evidence
2026-09-14T11:53:15.5998864Z   ---
2026-09-14T11:53:15.5999380Z   duration_ms: 0.360494
2026-09-14T11:53:15.5999970Z   type: 'test'
2026-09-14T11:53:15.6000501Z   ...
2026-09-14T11:53:15.6001050Z # Subtest: route blocker owner_decision
2026-09-14T11:53:15.6001859Z ok 92 - route blocker owner_decision
2026-09-14T11:53:15.6002500Z   ---
2026-09-14T11:53:15.6003012Z   duration_ms: 0.367935
2026-09-14T11:53:15.6003601Z   type: 'test'
2026-09-14T11:53:15.6004106Z   ...
2026-09-14T11:53:15.6004629Z # Subtest: route blocker permission
2026-09-14T11:53:15.6005300Z ok 93 - route blocker permission
2026-09-14T11:53:15.6006263Z   ---
2026-09-14T11:53:15.6006820Z   duration_ms: 0.403126
2026-09-14T11:53:15.6007456Z   type: 'test'
2026-09-14T11:53:15.6007970Z   ...
2026-09-14T11:53:15.6008497Z # Subtest: route blocker disclosure
2026-09-14T11:53:15.6009159Z ok 94 - route blocker disclosure
2026-09-14T11:53:15.6009778Z   ---
2026-09-14T11:53:15.6010315Z   duration_ms: 0.518627
2026-09-14T11:53:15.6010874Z   type: 'test'
2026-09-14T11:53:15.6011375Z   ...
2026-09-14T11:53:15.6011929Z # Subtest: route blocker production
2026-09-14T11:53:15.6012604Z ok 95 - route blocker production
2026-09-14T11:53:15.6013209Z   ---
2026-09-14T11:53:15.6013734Z   duration_ms: 0.3579
2026-09-14T11:53:15.6014325Z   type: 'test'
2026-09-14T11:53:15.6014839Z   ...
2026-09-14T11:53:15.6015383Z # Subtest: route blocker spending
2026-09-14T11:53:15.6016252Z ok 96 - route blocker spending
2026-09-14T11:53:15.6016908Z   ---
2026-09-14T11:53:15.6017439Z   duration_ms: 0.732894
2026-09-14T11:53:15.6018001Z   type: 'test'
2026-09-14T11:53:15.6018541Z   ...
2026-09-14T11:53:15.6019246Z # Subtest: concurrent reservation creates one request
2026-09-14T11:53:15.6020375Z ok 97 - concurrent reservation creates one request
2026-09-14T11:53:15.6021185Z   ---
2026-09-14T11:53:15.6022085Z   duration_ms: 1.096231
2026-09-14T11:53:15.6022696Z   type: 'test'
2026-09-14T11:53:15.6023202Z   ...
2026-09-14T11:53:15.6023782Z # Subtest: request id cannot bind another candidate
2026-09-14T11:53:15.6024588Z ok 98 - request id cannot bind another candidate
2026-09-14T11:53:15.6025289Z   ---
2026-09-14T11:53:15.6025807Z   duration_ms: 1.056152
2026-09-14T11:53:15.6026538Z   type: 'test'
2026-09-14T11:53:15.6026968Z   ...
2026-09-14T11:53:15.6027506Z # Subtest: unreserved result rejected
2026-09-14T11:53:15.6028179Z ok 99 - unreserved result rejected
2026-09-14T11:53:15.6028790Z   ---
2026-09-14T11:53:15.6029298Z   duration_ms: 0.85843
2026-09-14T11:53:15.6029879Z   type: 'test'
2026-09-14T11:53:15.6030387Z   ...
2026-09-14T11:53:15.6030925Z # Subtest: claimed real origin rejected
2026-09-14T11:53:15.6031652Z ok 100 - claimed real origin rejected
2026-09-14T11:53:15.6032288Z   ---
2026-09-14T11:53:15.6032849Z   duration_ms: 0.756079
2026-09-14T11:53:15.6033423Z   type: 'test'
2026-09-14T11:53:15.6033957Z   ...
2026-09-14T11:53:15.6034641Z # Subtest: concurrent exact result and recovery preserve delivery key
2026-09-14T11:53:15.6035654Z ok 101 - concurrent exact result and recovery preserve delivery key
2026-09-14T11:53:15.6036841Z   ---
2026-09-14T11:53:15.6037378Z   duration_ms: 1.291581
2026-09-14T11:53:15.6037978Z   type: 'test'
2026-09-14T11:53:15.6038505Z   ...
2026-09-14T11:53:15.6039226Z # Subtest: ambiguous create acknowledgement recovered by exact durable bytes
2026-09-14T11:53:15.6040356Z ok 102 - ambiguous create acknowledgement recovered by exact durable bytes
2026-09-14T11:53:15.6041236Z   ---
2026-09-14T11:53:15.6041775Z   duration_ms: 1.124513
2026-09-14T11:53:15.6042344Z   type: 'test'
2026-09-14T11:53:15.6042864Z   ...
2026-09-14T11:53:15.6043544Z # Subtest: conflicting result cannot replace retained evidence
2026-09-14T11:53:15.6044818Z ok 103 - conflicting result cannot replace retained evidence
2026-09-14T11:53:15.6045696Z   ---
2026-09-14T11:53:15.6046477Z   duration_ms: 1.79816
2026-09-14T11:53:15.6047070Z   type: 'test'
2026-09-14T11:53:15.6047611Z   ...
2026-09-14T11:53:15.6048270Z # Subtest: synthetic valid handoff never grants approval
2026-09-14T11:53:15.6049119Z ok 104 - synthetic valid handoff never grants approval
2026-09-14T11:53:15.6049850Z   ---
2026-09-14T11:53:15.6050380Z   duration_ms: 5.917512
2026-09-14T11:53:15.6050944Z   type: 'test'
2026-09-14T11:53:15.6051449Z   ...
2026-09-14T11:53:15.6051984Z # Subtest: moving candidate
2026-09-14T11:53:15.6052607Z ok 105 - moving candidate
2026-09-14T11:53:15.6053191Z   ---
2026-09-14T11:53:15.6053694Z   duration_ms: 2.040989
2026-09-14T11:53:15.6054263Z   type: 'test'
2026-09-14T11:53:15.6054789Z   ...
2026-09-14T11:53:15.6055330Z # Subtest: real execution closed
2026-09-14T11:53:15.6056276Z ok 106 - real execution closed
2026-09-14T11:53:15.6056885Z   ---
2026-09-14T11:53:15.6057323Z   duration_ms: 0.624884
2026-09-14T11:53:15.6057829Z   type: 'test'
2026-09-14T11:53:15.6058286Z   ...
2026-09-14T11:53:15.6058754Z # Subtest: unbound disclosure
2026-09-14T11:53:15.6059329Z ok 107 - unbound disclosure
2026-09-14T11:53:15.6059835Z   ---
2026-09-14T11:53:15.6060267Z   duration_ms: 0.498106
2026-09-14T11:53:15.6060750Z   type: 'test'
2026-09-14T11:53:15.6061161Z   ...
2026-09-14T11:53:15.6061573Z # Subtest: extra file
2026-09-14T11:53:15.6062028Z ok 108 - extra file
2026-09-14T11:53:15.6062466Z   ---
2026-09-14T11:53:15.6062876Z   duration_ms: 0.55419
2026-09-14T11:53:15.6063327Z   type: 'test'
2026-09-14T11:53:15.6063740Z   ...
2026-09-14T11:53:15.6064158Z # Subtest: changed bytes
2026-09-14T11:53:15.6064644Z ok 109 - changed bytes
2026-09-14T11:53:15.6065087Z   ---
2026-09-14T11:53:15.6065487Z   duration_ms: 0.889024
2026-09-14T11:53:15.6066118Z   type: 'test'
2026-09-14T11:53:15.6066542Z   ...
2026-09-14T11:53:15.6066997Z # Subtest: path traversal
2026-09-14T11:53:15.6067494Z ok 110 - path traversal
2026-09-14T11:53:15.6068211Z   ---
2026-09-14T11:53:15.6068716Z   duration_ms: 0.621409
2026-09-14T11:53:15.6069213Z   type: 'test'
2026-09-14T11:53:15.6069650Z   ...
2026-09-14T11:53:15.6070086Z # Subtest: agent rules
2026-09-14T11:53:15.6070579Z ok 111 - agent rules
2026-09-14T11:53:15.6071059Z   ---
2026-09-14T11:53:15.6071491Z   duration_ms: 0.454302
2026-09-14T11:53:15.6071985Z   type: 'test'
2026-09-14T11:53:15.6072444Z   ...
2026-09-14T11:53:15.6072923Z # Subtest: supabase secret/config excluded
2026-09-14T11:53:15.6073578Z ok 112 - supabase secret/config excluded
2026-09-14T11:53:15.6074186Z   ---
2026-09-14T11:53:15.6074634Z   duration_ms: 0.903977
2026-09-14T11:53:15.6075115Z   type: 'test'
2026-09-14T11:53:15.6075560Z   ...
2026-09-14T11:53:15.6076348Z # Subtest: missing frontend layer
2026-09-14T11:53:15.6076904Z ok 113 - missing frontend layer
2026-09-14T11:53:15.6077399Z   ---
2026-09-14T11:53:15.6077804Z   duration_ms: 0.916035
2026-09-14T11:53:15.6080218Z   type: 'test'
2026-09-14T11:53:15.6080647Z   ...
2026-09-14T11:53:15.6081184Z # Subtest: missing backend layer
2026-09-14T11:53:15.6081852Z ok 114 - missing backend layer
2026-09-14T11:53:15.6082389Z   ---
2026-09-14T11:53:15.6082820Z   duration_ms: 0.548231
2026-09-14T11:53:15.6083298Z   type: 'test'
2026-09-14T11:53:15.6083744Z   ...
2026-09-14T11:53:15.6084182Z # Subtest: missing cross layer
2026-09-14T11:53:15.6084718Z ok 115 - missing cross layer
2026-09-14T11:53:15.6085205Z   ---
2026-09-14T11:53:15.6085633Z   duration_ms: 0.387273
2026-09-14T11:53:15.6086470Z   type: 'test'
2026-09-14T11:53:15.6087103Z   ...
2026-09-14T11:53:15.6087577Z # Subtest: unverified origin
2026-09-14T11:53:15.6088043Z ok 116 - unverified origin
2026-09-14T11:53:15.6088425Z   ---
2026-09-14T11:53:15.6088739Z   duration_ms: 0.562552
2026-09-14T11:53:15.6089118Z   type: 'test'
2026-09-14T11:53:15.6089433Z   ...
2026-09-14T11:53:15.6089753Z # Subtest: wrong candidate
2026-09-14T11:53:15.6090540Z ok 117 - wrong candidate
2026-09-14T11:53:15.6090909Z   ---
2026-09-14T11:53:15.6091236Z   duration_ms: 0.587909
2026-09-14T11:53:15.6091596Z   type: 'test'
2026-09-14T11:53:15.6091917Z   ...
2026-09-14T11:53:15.6092232Z # Subtest: wrong request
2026-09-14T11:53:15.6092601Z ok 118 - wrong request
2026-09-14T11:53:15.6092946Z   ---
2026-09-14T11:53:15.6093248Z   duration_ms: 1.300062
2026-09-14T11:53:15.6093594Z   type: 'test'
2026-09-14T11:53:15.6093903Z   ...
2026-09-14T11:53:15.6094207Z # Subtest: self review
2026-09-14T11:53:15.6094578Z ok 119 - self review
2026-09-14T11:53:15.6094909Z   ---
2026-09-14T11:53:15.6095203Z   duration_ms: 0.428624
2026-09-14T11:53:15.6095550Z   type: 'test'
2026-09-14T11:53:15.6095857Z   ...
2026-09-14T11:53:15.6096379Z # Subtest: model mismatch
2026-09-14T11:53:15.6096754Z ok 120 - model mismatch
2026-09-14T11:53:15.6097089Z   ---
2026-09-14T11:53:15.6097390Z   duration_ms: 0.462213
2026-09-14T11:53:15.6097737Z   type: 'test'
2026-09-14T11:53:15.6143980Z   ...
2026-09-14T11:53:15.6144393Z # Subtest: missing coverage
2026-09-14T11:53:15.6144842Z ok 121 - missing coverage
2026-09-14T11:53:15.6145235Z   ---
2026-09-14T11:53:15.6145551Z   duration_ms: 0.417007
2026-09-14T11:53:15.6146118Z   type: 'test'
2026-09-14T11:53:15.6146449Z   ...
2026-09-14T11:53:15.6146777Z # Subtest: unbound reference
2026-09-14T11:53:15.6147188Z ok 122 - unbound reference
2026-09-14T11:53:15.6147576Z   ---
2026-09-14T11:53:15.6147886Z   duration_ms: 0.446421
2026-09-14T11:53:15.6148239Z   type: 'test'
2026-09-14T11:53:15.6148555Z   ...
2026-09-14T11:53:15.6148902Z # Subtest: supplied evidence cannot certify
2026-09-14T11:53:15.6149429Z ok 123 - supplied evidence cannot certify
2026-09-14T11:53:15.6149887Z   ---
2026-09-14T11:53:15.6150212Z   duration_ms: 0.404018
2026-09-14T11:53:15.6150573Z   type: 'test'
2026-09-14T11:53:15.6150891Z   ...
2026-09-14T11:53:15.6151211Z # Subtest: contradictory pass
2026-09-14T11:53:15.6186480Z ok 124 - contradictory pass
2026-09-14T11:53:15.6186924Z   ---
2026-09-14T11:53:15.6187258Z   duration_ms: 0.577935
2026-09-14T11:53:15.6187636Z   type: 'test'
2026-09-14T11:53:15.6188286Z   ...
2026-09-14T11:53:15.6188645Z # Subtest: unsupported failure
2026-09-14T11:53:15.6189091Z ok 125 - unsupported failure
2026-09-14T11:53:15.6189486Z   ---
2026-09-14T11:53:15.6189815Z   duration_ms: 0.5817
2026-09-14T11:53:15.6190176Z   type: 'test'
2026-09-14T11:53:15.6190494Z   ...
2026-09-14T11:53:15.6190818Z # Subtest: unsupported blocked
2026-09-14T11:53:15.6191246Z ok 126 - unsupported blocked
2026-09-14T11:53:15.6191653Z   ---
2026-09-14T11:53:15.6191969Z   duration_ms: 0.645244
2026-09-14T11:53:15.6192335Z   type: 'test'
2026-09-14T11:53:15.6192651Z   ...
2026-09-14T11:53:15.6193006Z # Subtest: FAIL and BLOCKED remain distinct
2026-09-14T11:53:15.6193520Z ok 127 - FAIL and BLOCKED remain distinct
2026-09-14T11:53:15.6193966Z   ---
2026-09-14T11:53:15.6194281Z   duration_ms: 0.89946
2026-09-14T11:53:15.6194643Z   type: 'test'
2026-09-14T11:53:15.6194957Z   ...
2026-09-14T11:53:15.6195508Z # Subtest: exact retry preserves evidence; conflicting result cannot overwrite
2026-09-14T11:53:15.6196640Z ok 128 - exact retry preserves evidence; conflicting result cannot overwrite
2026-09-14T11:53:15.6197280Z   ---
2026-09-14T11:53:15.6197601Z   duration_ms: 1.877717
2026-09-14T11:53:15.6197971Z   type: 'test'
2026-09-14T11:53:15.6198297Z   ...
2026-09-14T11:53:15.6198973Z # Subtest: c6dd9ed f1 counterexample: controller PASS with packet tokens and no inventory
2026-09-14T11:53:15.6199980Z ok 129 - c6dd9ed f1 counterexample: controller PASS with packet tokens and no inventory
2026-09-14T11:53:15.6200689Z   ---
2026-09-14T11:53:15.6201004Z   duration_ms: 3.21802
2026-09-14T11:53:15.6201376Z   type: 'test'
2026-09-14T11:53:15.6201699Z   ...
2026-09-14T11:53:15.6202313Z # Subtest: c6dd9ed f1/f2 counterexample: protocol PASS with only frontend paths for all layers
2026-09-14T11:53:15.6203348Z ok 130 - c6dd9ed f1/f2 counterexample: protocol PASS with only frontend paths for all layers
2026-09-14T11:53:15.6204405Z   ---
2026-09-14T11:53:15.6204722Z   duration_ms: 1.84566
2026-09-14T11:53:15.6205093Z   type: 'test'
2026-09-14T11:53:15.6205410Z   ...
2026-09-14T11:53:15.6205821Z # Subtest: c6dd9ed f2 counterexample: row 1 cites frontend
2026-09-14T11:53:15.6206665Z ok 131 - c6dd9ed f2 counterexample: row 1 cites frontend
2026-09-14T11:53:15.6207177Z   ---
2026-09-14T11:53:15.6207506Z   duration_ms: 0.691884
2026-09-14T11:53:15.6207876Z   type: 'test'
2026-09-14T11:53:15.6208196Z   ...
2026-09-14T11:53:15.6208610Z # Subtest: c6dd9ed f2 counterexample: row 2 cites frontend
2026-09-14T11:53:15.6209252Z ok 132 - c6dd9ed f2 counterexample: row 2 cites frontend
2026-09-14T11:53:15.6209770Z   ---
2026-09-14T11:53:15.6210089Z   duration_ms: 0.716329
2026-09-14T11:53:15.6210457Z   type: 'test'
2026-09-14T11:53:15.6210780Z   ...
2026-09-14T11:53:15.6211227Z # Subtest: c6dd9ed f4 counterexample: FAIL accepts empty object detail
2026-09-14T11:53:15.6211936Z ok 133 - c6dd9ed f4 counterexample: FAIL accepts empty object detail
2026-09-14T11:53:15.6212491Z   ---
2026-09-14T11:53:15.6212768Z   duration_ms: 0.636411
2026-09-14T11:53:15.6213173Z   type: 'test'
2026-09-14T11:53:15.6213461Z   ...
2026-09-14T11:53:15.6213982Z # Subtest: c6dd9ed f4 counterexample: BLOCKED accepts empty object detail
2026-09-14T11:53:15.6214802Z ok 134 - c6dd9ed f4 counterexample: BLOCKED accepts empty object detail
2026-09-14T11:53:15.6215431Z   ---
2026-09-14T11:53:15.6215762Z   duration_ms: 0.734907
2026-09-14T11:53:15.6216446Z   type: 'test'
2026-09-14T11:53:15.6216791Z   ...
2026-09-14T11:53:15.6217376Z # Subtest: c6dd9ed f5 counterexample: approval keys persist despite false decision
2026-09-14T11:53:15.6218332Z ok 135 - c6dd9ed f5 counterexample: approval keys persist despite false decision
2026-09-14T11:53:15.6219021Z   ---
2026-09-14T11:53:15.6219349Z   duration_ms: 0.559227
2026-09-14T11:53:15.6219724Z   type: 'test'
2026-09-14T11:53:15.6220041Z   ...
2026-09-14T11:53:15.6220683Z # Subtest: c6dd9ed async counterexample: report mutated after validation is persisted
2026-09-14T11:53:15.6221960Z ok 136 - c6dd9ed async counterexample: report mutated after validation is persisted
2026-09-14T11:53:15.6222694Z   ---
2026-09-14T11:53:15.6223033Z   duration_ms: 0.843297
2026-09-14T11:53:15.6223414Z   type: 'test'
2026-09-14T11:53:15.6223750Z   ...
2026-09-14T11:53:15.6273778Z # Subtest: controller rejects repeated raw narrative before result persistence or a delivery decision
2026-09-14T11:53:15.6274957Z ok 137 - controller rejects repeated raw narrative before result persistence or a delivery decision
2026-09-14T11:53:15.6287955Z   ---
2026-09-14T11:53:15.6288199Z   duration_ms: 6.320929
2026-09-14T11:53:15.6288448Z   type: 'test'
2026-09-14T11:53:15.6288665Z   ...
2026-09-14T11:53:15.6289028Z # Subtest: protocol rejects repeated raw narrative before putOnce or accepted outcome
2026-09-14T11:53:15.6289613Z ok 138 - protocol rejects repeated raw narrative before putOnce or accepted outcome
2026-09-14T11:53:15.6290069Z   ---
2026-09-14T11:53:15.6306649Z   duration_ms: 1.523344
2026-09-14T11:53:15.6308380Z   type: 'test'
2026-09-14T11:53:15.6308714Z   ...
2026-09-14T11:53:15.6309663Z # Subtest: controller rejects repeated narrative containing complete bound PASS JSON before result persistence or a delivery decision
2026-09-14T11:53:15.6311244Z ok 139 - controller rejects repeated narrative containing complete bound PASS JSON before result persistence or a delivery decision
2026-09-14T11:53:15.6312229Z   ---
2026-09-14T11:53:15.6312549Z   duration_ms: 2.148107
2026-09-14T11:53:15.6312926Z   type: 'test'
2026-09-14T11:53:15.6313241Z   ...
2026-09-14T11:53:15.6314025Z # Subtest: protocol rejects repeated narrative containing complete bound PASS JSON before putOnce or accepted outcome
2026-09-14T11:53:15.6315417Z ok 140 - protocol rejects repeated narrative containing complete bound PASS JSON before putOnce or accepted outcome
2026-09-14T11:53:15.6316536Z   ---
2026-09-14T11:53:15.6316852Z   duration_ms: 0.750751
2026-09-14T11:53:15.6317226Z   type: 'test'
2026-09-14T11:53:15.6317862Z   ...
2026-09-14T11:53:15.6318741Z # Subtest: controller rejects repeated narrative containing an unfilled output template before result persistence or a delivery decision
2026-09-14T11:53:15.6320299Z ok 141 - controller rejects repeated narrative containing an unfilled output template before result persistence or a delivery decision
2026-09-14T11:53:15.6321289Z   ---
2026-09-14T11:53:15.6321600Z   duration_ms: 1.183761
2026-09-14T11:53:15.6321970Z   type: 'test'
2026-09-14T11:53:15.6322284Z   ...
2026-09-14T11:53:15.6323068Z # Subtest: protocol rejects repeated narrative containing an unfilled output template before putOnce or accepted outcome
2026-09-14T11:53:15.6324457Z ok 142 - protocol rejects repeated narrative containing an unfilled output template before putOnce or accepted outcome
2026-09-14T11:53:15.6325356Z   ---
2026-09-14T11:53:15.6325666Z   duration_ms: 0.680847
2026-09-14T11:53:15.6326228Z   type: 'test'
2026-09-14T11:53:15.6326547Z   ...
2026-09-14T11:53:15.6327199Z # Subtest: controller rejects repeated partial JSON before result persistence or a delivery decision
2026-09-14T11:53:15.6328362Z ok 143 - controller rejects repeated partial JSON before result persistence or a delivery decision
2026-09-14T11:53:15.6329155Z   ---
2026-09-14T11:53:15.6329461Z   duration_ms: 0.957517
2026-09-14T11:53:15.6329834Z   type: 'test'
2026-09-14T11:53:15.6330148Z   ...
2026-09-14T11:53:15.6330722Z # Subtest: protocol rejects repeated partial JSON before putOnce or accepted outcome
2026-09-14T11:53:15.6331674Z ok 144 - protocol rejects repeated partial JSON before putOnce or accepted outcome
2026-09-14T11:53:15.6332350Z   ---
2026-09-14T11:53:15.6332668Z   duration_ms: 0.566007
2026-09-14T11:53:15.6333028Z   type: 'test'
2026-09-14T11:53:15.6333338Z   ...
2026-09-14T11:53:15.6334080Z # Subtest: controller rejects repeated provider FINISHED wrapper before result persistence or a delivery decision
2026-09-14T11:53:15.6335401Z ok 145 - controller rejects repeated provider FINISHED wrapper before result persistence or a delivery decision
2026-09-14T11:53:15.6336521Z   ---
2026-09-14T11:53:15.6337068Z   duration_ms: 2.198241
2026-09-14T11:53:15.6337432Z   type: 'test'
2026-09-14T11:53:15.6337752Z   ...
2026-09-14T11:53:15.6338177Z # Subtest: protocol rejects repeated provider FINISHED wrapper before putOnce or accepted outcome
2026-09-14T11:53:15.6338905Z ok 146 - protocol rejects repeated provider FINISHED wrapper before putOnce or accepted outcome
2026-09-14T11:53:15.6339376Z   ---
2026-09-14T11:53:15.6339590Z   duration_ms: 1.866991
2026-09-14T11:53:15.6339834Z   type: 'test'
2026-09-14T11:53:15.6340046Z   ...
2026-09-14T11:53:15.6340236Z 1..146
2026-09-14T11:53:15.6340433Z # tests 146
2026-09-14T11:53:15.6340635Z # suites 0
2026-09-14T11:53:15.6340833Z # pass 146
2026-09-14T11:53:15.6341023Z # fail 0
2026-09-14T11:53:15.6341230Z # cancelled 0
2026-09-14T11:53:15.6341441Z # skipped 0
2026-09-14T11:53:15.6341676Z # todo 0
2026-09-14T11:53:15.6341907Z # duration_ms 286.740573
2026-09-14T11:53:15.6518109Z Post job cleanup.
2026-09-14T11:53:15.7351931Z [command]/usr/bin/git version
2026-09-14T11:53:15.7404656Z git version 2.55.0
2026-09-14T11:53:15.7439614Z Temporarily overriding HOME='/home/runner/work/_temp/3d06bf41-9e73-4afe-ae2b-0c11cd8286a2' before making global git config changes
2026-09-14T11:53:15.7440987Z Adding repository directory to the temporary git global config as a safe directory
2026-09-14T11:53:15.7446322Z [command]/usr/bin/git config --global --add safe.directory /home/runner/work/media-intelligence-platform-v2/media-intelligence-platform-v2
2026-09-14T11:53:15.7481551Z Removing SSH command configuration
2026-09-14T11:53:15.7488799Z [command]/usr/bin/git config --local --name-only --get-regexp core\.sshCommand
2026-09-14T11:53:15.7526802Z [command]/usr/bin/git submodule foreach --recursive sh -c "git config --local --name-only --get-regexp 'core\.sshCommand' && git config --local --unset-all 'core.sshCommand' || :"
2026-09-14T11:53:15.7795734Z Removing HTTP extra header
2026-09-14T11:53:15.7802917Z [command]/usr/bin/git config --local --name-only --get-regexp http\.https\:\/\/github\.com\/\.extraheader
2026-09-14T11:53:15.7844872Z [command]/usr/bin/git submodule foreach --recursive sh -c "git config --local --name-only --get-regexp 'http\.https\:\/\/github\.com\/\.extraheader' && git config --local --unset-all 'http.https://github.com/.extraheader' || :"
2026-09-14T11:53:15.8117747Z Removing includeIf entries pointing to credentials config files
2026-09-14T11:53:15.8125138Z [command]/usr/bin/git config --local --name-only --get-regexp ^includeIf\.gitdir:
2026-09-14T11:53:15.8165759Z [command]/usr/bin/git submodule foreach --recursive git config --local --show-origin --name-only --get-regexp remote.origin.url
2026-09-14T11:53:15.8579267Z Cleaning up orphan processes
