2026-09-14T10:50:44.3445694Z Current runner version: '2.337.0'
2026-09-14T10:50:44.3470154Z ##[group]Runner Image Provisioner
2026-09-14T10:50:44.3471002Z Hosted Compute Agent
2026-09-14T10:50:44.3471719Z Version: 20260828.587
2026-09-14T10:50:44.3472340Z Commit: abac92662cab4cc7352de4f9f9d2e2419aad9c29
2026-09-14T10:50:44.3473057Z Build Date: 2026-08-28T16:44:25Z
2026-09-14T10:50:44.3473726Z Worker ID: {4c83c7fe-f4c1-4db2-a9ed-0887f0175b65}
2026-09-14T10:50:44.3474453Z Azure Region: northcentralus
2026-09-14T10:50:44.3475100Z ##[endgroup]
2026-09-14T10:50:44.3476409Z ##[group]Operating System
2026-09-14T10:50:44.3477284Z Ubuntu
2026-09-14T10:50:44.3478068Z 24.04.5
2026-09-14T10:50:44.3478575Z LTS
2026-09-14T10:50:44.3479125Z ##[endgroup]
2026-09-14T10:50:44.3479665Z ##[group]Runner Image
2026-09-14T10:50:44.3480242Z Image: ubuntu-24.04
2026-09-14T10:50:44.3480843Z Version: 20260907.300.1
2026-09-14T10:50:44.3482077Z Included Software: https://github.com/actions/runner-images/blob/ubuntu24/20260907.300/images/ubuntu/Ubuntu2404-Readme.md
2026-09-14T10:50:44.3483616Z Image Release: https://github.com/actions/runner-images/releases/tag/ubuntu24%2F20260907.300
2026-09-14T10:50:44.3484648Z ##[endgroup]
2026-09-14T10:50:44.3486014Z ##[group]GITHUB_TOKEN Permissions
2026-09-14T10:50:44.3489032Z Contents: read
2026-09-14T10:50:44.3489800Z Metadata: read
2026-09-14T10:50:44.3490714Z ##[endgroup]
2026-09-14T10:50:44.3494213Z Secret source: Actions
2026-09-14T10:50:44.3495447Z Cache mode: write
2026-09-14T10:50:44.3496780Z Prepare workflow directory
2026-09-14T10:50:44.3968073Z Prepare all required actions
2026-09-14T10:50:44.4041178Z Getting action download info
2026-09-14T10:50:44.6272945Z Download action repository 'actions/checkout@v7.0.1' (SHA:3d3c42e5aac5ba805825da76410c181273ba90b1)
2026-09-14T10:50:44.7420376Z Download action repository 'actions/setup-node@v7.0.0' (SHA:820762786026740c76f36085b0efc47a31fe5020)
2026-09-14T10:50:44.9545201Z Complete job name: worker
2026-09-14T10:50:45.0014888Z ##[group]Checking docker version
2026-09-14T10:50:45.0027911Z ##[command]/usr/bin/docker version --format '{{.Server.APIVersion}}'
2026-09-14T10:50:45.1075091Z '1.48'
2026-09-14T10:50:45.1083237Z Docker daemon API version: '1.48'
2026-09-14T10:50:45.1084278Z ##[command]/usr/bin/docker version --format '{{.Client.APIVersion}}'
2026-09-14T10:50:45.1261354Z '1.48'
2026-09-14T10:50:45.1272004Z Docker client API version: '1.48'
2026-09-14T10:50:45.1278267Z ##[endgroup]
2026-09-14T10:50:45.1281132Z ##[group]Clean up resources from previous jobs
2026-09-14T10:50:45.1286342Z ##[command]/usr/bin/docker ps --all --quiet --no-trunc --filter "label=12bc35"
2026-09-14T10:50:45.1444627Z ##[command]/usr/bin/docker network prune --force --filter "label=12bc35"
2026-09-14T10:50:45.1584809Z ##[endgroup]
2026-09-14T10:50:45.1585571Z ##[group]Create local container network
2026-09-14T10:50:45.1595711Z ##[command]/usr/bin/docker network create --label 12bc35 github_network_84bd7a23a01c41b8bd452c812139e4fc
2026-09-14T10:50:45.2391320Z 9d9e966cde212d680fd34308ead37570f81545c7878b2433e9011209bab756cb
2026-09-14T10:50:45.2403176Z ##[endgroup]
2026-09-14T10:50:45.2431754Z ##[group]Starting postgres service container
2026-09-14T10:50:45.2455010Z ##[command]/usr/bin/docker pull postgres:17.6
2026-09-14T10:50:45.6694808Z 17.6: Pulling from library/postgres
2026-09-14T10:50:45.8001336Z d7ecded7702a: Pulling fs layer
2026-09-14T10:50:45.8003259Z d95a46ea6a60: Pulling fs layer
2026-09-14T10:50:45.8004175Z df684e12be42: Pulling fs layer
2026-09-14T10:50:45.8005227Z baf316c053aa: Pulling fs layer
2026-09-14T10:50:45.8006241Z b3ec056f36c4: Pulling fs layer
2026-09-14T10:50:45.8007476Z f9f6c3699755: Pulling fs layer
2026-09-14T10:50:45.8008446Z 30854ed26966: Pulling fs layer
2026-09-14T10:50:45.8009334Z 639bc10553ca: Pulling fs layer
2026-09-14T10:50:45.8010242Z 5d95d2afb8ab: Pulling fs layer
2026-09-14T10:50:45.8010972Z 0424836d8a95: Pulling fs layer
2026-09-14T10:50:45.8011784Z 4b0b164c9bcd: Pulling fs layer
2026-09-14T10:50:45.8012619Z 36e0cf935aa6: Pulling fs layer
2026-09-14T10:50:45.8013419Z 36b8b7af114e: Pulling fs layer
2026-09-14T10:50:45.8014419Z 5df7a8bf57f1: Pulling fs layer
2026-09-14T10:50:45.8015036Z 5d95d2afb8ab: Waiting
2026-09-14T10:50:45.8015630Z baf316c053aa: Waiting
2026-09-14T10:50:45.8016188Z 0424836d8a95: Waiting
2026-09-14T10:50:45.8016743Z b3ec056f36c4: Waiting
2026-09-14T10:50:45.8017621Z 4b0b164c9bcd: Waiting
2026-09-14T10:50:45.8018192Z f9f6c3699755: Waiting
2026-09-14T10:50:45.8018709Z 36e0cf935aa6: Waiting
2026-09-14T10:50:45.8019266Z 30854ed26966: Waiting
2026-09-14T10:50:45.8019791Z 36b8b7af114e: Waiting
2026-09-14T10:50:45.8020323Z 639bc10553ca: Waiting
2026-09-14T10:50:45.8020883Z 5df7a8bf57f1: Waiting
2026-09-14T10:50:45.9109549Z d95a46ea6a60: Verifying Checksum
2026-09-14T10:50:45.9111275Z d95a46ea6a60: Download complete
2026-09-14T10:50:45.9446638Z df684e12be42: Verifying Checksum
2026-09-14T10:50:45.9454808Z df684e12be42: Download complete
2026-09-14T10:50:46.0001920Z d7ecded7702a: Verifying Checksum
2026-09-14T10:50:46.0003875Z d7ecded7702a: Download complete
2026-09-14T10:50:46.0230870Z baf316c053aa: Verifying Checksum
2026-09-14T10:50:46.0235458Z baf316c053aa: Download complete
2026-09-14T10:50:46.0616880Z b3ec056f36c4: Download complete
2026-09-14T10:50:46.1082961Z 30854ed26966: Verifying Checksum
2026-09-14T10:50:46.1087639Z 30854ed26966: Download complete
2026-09-14T10:50:46.1115871Z f9f6c3699755: Verifying Checksum
2026-09-14T10:50:46.1118175Z f9f6c3699755: Download complete
2026-09-14T10:50:46.1581433Z 639bc10553ca: Verifying Checksum
2026-09-14T10:50:46.1609434Z 639bc10553ca: Download complete
2026-09-14T10:50:46.2002190Z 0424836d8a95: Download complete
2026-09-14T10:50:46.2422709Z 4b0b164c9bcd: Verifying Checksum
2026-09-14T10:50:46.2427918Z 4b0b164c9bcd: Download complete
2026-09-14T10:50:46.2814450Z 36e0cf935aa6: Verifying Checksum
2026-09-14T10:50:46.2817308Z 36e0cf935aa6: Download complete
2026-09-14T10:50:46.3185004Z 36b8b7af114e: Verifying Checksum
2026-09-14T10:50:46.3195291Z 36b8b7af114e: Download complete
2026-09-14T10:50:46.3591471Z 5df7a8bf57f1: Verifying Checksum
2026-09-14T10:50:46.3592977Z 5df7a8bf57f1: Download complete
2026-09-14T10:50:46.4883931Z 5d95d2afb8ab: Verifying Checksum
2026-09-14T10:50:46.4884984Z 5d95d2afb8ab: Download complete
2026-09-14T10:50:46.9475475Z d7ecded7702a: Pull complete
2026-09-14T10:50:54.6241634Z d95a46ea6a60: Pull complete
2026-09-14T10:50:54.9370459Z df684e12be42: Pull complete
2026-09-14T10:50:55.0110588Z baf316c053aa: Pull complete
2026-09-14T10:50:55.4547458Z b3ec056f36c4: Pull complete
2026-09-14T10:50:55.5891068Z f9f6c3699755: Pull complete
2026-09-14T10:50:55.6119153Z 30854ed26966: Pull complete
2026-09-14T10:50:55.6914230Z 639bc10553ca: Pull complete
2026-09-14T10:50:59.9758884Z 5d95d2afb8ab: Pull complete
2026-09-14T10:50:59.9934419Z 0424836d8a95: Pull complete
2026-09-14T10:51:00.0034120Z 4b0b164c9bcd: Pull complete
2026-09-14T10:51:00.0142015Z 36e0cf935aa6: Pull complete
2026-09-14T10:51:00.0420009Z 36b8b7af114e: Pull complete
2026-09-14T10:51:00.0570499Z 5df7a8bf57f1: Pull complete
2026-09-14T10:51:00.0632631Z Digest: sha256:00bc86618629af00d2937fdc5a5d63db3ff8450acf52f0636ec813c7f4902929
2026-09-14T10:51:00.0644863Z Status: Downloaded newer image for postgres:17.6
2026-09-14T10:51:00.0656994Z docker.io/library/postgres:17.6
2026-09-14T10:51:00.0716476Z ##[command]/usr/bin/docker create --name e68e03e6b485494ca50a4f26b41f016b_postgres176_780cab --label 12bc35 --network github_network_84bd7a23a01c41b8bd452c812139e4fc --network-alias postgres -p 5432:5432 --health-cmd "pg_isready -U postgres" --health-interval 5s --health-timeout 5s --health-retries 10 -e "POSTGRES_PASSWORD=mip-disposable-ci-only" -e GITHUB_ACTIONS=true -e CI=true postgres:17.6
2026-09-14T10:51:00.1016277Z 263da53b76ff01c65b19d65b86016388c8e9381af211757c6bc8f94e4d38fef9
2026-09-14T10:51:00.1036257Z ##[command]/usr/bin/docker start 263da53b76ff01c65b19d65b86016388c8e9381af211757c6bc8f94e4d38fef9
2026-09-14T10:51:00.3567589Z 263da53b76ff01c65b19d65b86016388c8e9381af211757c6bc8f94e4d38fef9
2026-09-14T10:51:00.3594907Z ##[command]/usr/bin/docker ps --all --filter id=263da53b76ff01c65b19d65b86016388c8e9381af211757c6bc8f94e4d38fef9 --filter status=running --no-trunc --format "{{.ID}} {{.Status}}"
2026-09-14T10:51:00.3716940Z 263da53b76ff01c65b19d65b86016388c8e9381af211757c6bc8f94e4d38fef9 Up Less than a second (health: starting)
2026-09-14T10:51:00.3739514Z ##[command]/usr/bin/docker port 263da53b76ff01c65b19d65b86016388c8e9381af211757c6bc8f94e4d38fef9
2026-09-14T10:51:00.3893458Z 5432/tcp -> 0.0.0.0:5432
2026-09-14T10:51:00.3894422Z 5432/tcp -> [::]:5432
2026-09-14T10:51:00.3938636Z ##[endgroup]
2026-09-14T10:51:00.3947571Z ##[group]Waiting for all services to be ready
2026-09-14T10:51:00.3961185Z ##[command]/usr/bin/docker inspect --format="{{if .Config.Healthcheck}}{{print .State.Health.Status}}{{end}}" 263da53b76ff01c65b19d65b86016388c8e9381af211757c6bc8f94e4d38fef9
2026-09-14T10:51:00.4110866Z starting
2026-09-14T10:51:00.4130575Z postgres service is starting, waiting 2 seconds before checking again.
2026-09-14T10:51:02.4140184Z ##[command]/usr/bin/docker inspect --format="{{if .Config.Healthcheck}}{{print .State.Health.Status}}{{end}}" 263da53b76ff01c65b19d65b86016388c8e9381af211757c6bc8f94e4d38fef9
2026-09-14T10:51:02.4277937Z starting
2026-09-14T10:51:02.4288065Z postgres service is starting, waiting 4 seconds before checking again.
2026-09-14T10:51:06.6331798Z ##[command]/usr/bin/docker inspect --format="{{if .Config.Healthcheck}}{{print .State.Health.Status}}{{end}}" 263da53b76ff01c65b19d65b86016388c8e9381af211757c6bc8f94e4d38fef9
2026-09-14T10:51:06.6476608Z healthy
2026-09-14T10:51:06.6492077Z postgres service is healthy.
2026-09-14T10:51:06.6492870Z ##[endgroup]
2026-09-14T10:51:06.6778987Z ##[group]Run actions/checkout@v7.0.1
2026-09-14T10:51:06.6779599Z with:
2026-09-14T10:51:06.6779991Z   repository: jkelsen13-tech/media-intelligence-platform-v2
2026-09-14T10:51:06.6782620Z   token: ***
2026-09-14T10:51:06.6783000Z   ssh-strict: true
2026-09-14T10:51:06.6783282Z   ssh-user: git
2026-09-14T10:51:06.6783617Z   persist-credentials: true
2026-09-14T10:51:06.6783961Z   clean: true
2026-09-14T10:51:06.6784301Z   sparse-checkout-cone-mode: true
2026-09-14T10:51:06.6784654Z   fetch-depth: 1
2026-09-14T10:51:06.6784944Z   fetch-tags: false
2026-09-14T10:51:06.6785257Z   show-progress: true
2026-09-14T10:51:06.6785554Z   lfs: false
2026-09-14T10:51:06.6785814Z   submodules: false
2026-09-14T10:51:06.6786194Z   set-safe-directory: true
2026-09-14T10:51:06.6786524Z   allow-unsafe-pr-checkout: false
2026-09-14T10:51:06.6787206Z ##[endgroup]
2026-09-14T10:51:06.7840520Z Syncing repository: jkelsen13-tech/media-intelligence-platform-v2
2026-09-14T10:51:06.7843083Z ##[group]Getting Git version info
2026-09-14T10:51:06.7844207Z Working directory is '/home/runner/work/media-intelligence-platform-v2/media-intelligence-platform-v2'
2026-09-14T10:51:06.7845487Z [command]/usr/bin/git version
2026-09-14T10:51:06.7917171Z git version 2.55.0
2026-09-14T10:51:06.7938401Z ##[endgroup]
2026-09-14T10:51:06.7948965Z Temporarily overriding HOME='/home/runner/work/_temp/fb9398e5-94c7-4021-8a68-ec2877b6ef82' before making global git config changes
2026-09-14T10:51:06.7950182Z Adding repository directory to the temporary git global config as a safe directory
2026-09-14T10:51:06.7957487Z [command]/usr/bin/git config --global --add safe.directory /home/runner/work/media-intelligence-platform-v2/media-intelligence-platform-v2
2026-09-14T10:51:06.8010600Z Deleting the contents of '/home/runner/work/media-intelligence-platform-v2/media-intelligence-platform-v2'
2026-09-14T10:51:06.8014310Z ##[group]Determining repository object format
2026-09-14T10:51:06.8015738Z ##[endgroup]
2026-09-14T10:51:06.8016527Z ##[group]Initializing the repository
2026-09-14T10:51:06.8022078Z [command]/usr/bin/git init /home/runner/work/media-intelligence-platform-v2/media-intelligence-platform-v2
2026-09-14T10:51:06.8128884Z hint: Using 'master' as the name for the initial branch. This default branch name
2026-09-14T10:51:06.8130433Z hint: will change to "main" in Git 3.0. To configure the initial branch name
2026-09-14T10:51:06.8133860Z hint: to use in all of your new repositories, which will suppress this warning,
2026-09-14T10:51:06.8134855Z hint: call:
2026-09-14T10:51:06.8135460Z hint:
2026-09-14T10:51:06.8136432Z hint: 	git config --global init.defaultBranch <name>
2026-09-14T10:51:06.8137498Z hint:
2026-09-14T10:51:06.8138967Z hint: Names commonly chosen instead of 'master' are 'main', 'trunk' and
2026-09-14T10:51:06.8139945Z hint: 'development'. The just-created branch can be renamed via this command:
2026-09-14T10:51:06.8140769Z hint:
2026-09-14T10:51:06.8141248Z hint: 	git branch -m <name>
2026-09-14T10:51:06.8141734Z hint:
2026-09-14T10:51:06.8142337Z hint: Disable this message with "git config set advice.defaultBranchName false"
2026-09-14T10:51:06.8143553Z Initialized empty Git repository in /home/runner/work/media-intelligence-platform-v2/media-intelligence-platform-v2/.git/
2026-09-14T10:51:06.8146010Z [command]/usr/bin/git remote add origin https://github.com/jkelsen13-tech/media-intelligence-platform-v2
2026-09-14T10:51:06.8194308Z ##[endgroup]
2026-09-14T10:51:06.8194837Z ##[group]Disabling automatic garbage collection
2026-09-14T10:51:06.8199513Z [command]/usr/bin/git config --local gc.auto 0
2026-09-14T10:51:06.8231293Z ##[endgroup]
2026-09-14T10:51:06.8231875Z ##[group]Setting up auth
2026-09-14T10:51:06.8232289Z Removing SSH command configuration
2026-09-14T10:51:06.8238570Z [command]/usr/bin/git config --local --name-only --get-regexp core\.sshCommand
2026-09-14T10:51:06.8271149Z [command]/usr/bin/git submodule foreach --recursive sh -c "git config --local --name-only --get-regexp 'core\.sshCommand' && git config --local --unset-all 'core.sshCommand' || :"
2026-09-14T10:51:06.8642380Z Removing HTTP extra header
2026-09-14T10:51:06.8651007Z [command]/usr/bin/git config --local --name-only --get-regexp http\.https\:\/\/github\.com\/\.extraheader
2026-09-14T10:51:06.8684933Z [command]/usr/bin/git submodule foreach --recursive sh -c "git config --local --name-only --get-regexp 'http\.https\:\/\/github\.com\/\.extraheader' && git config --local --unset-all 'http.https://github.com/.extraheader' || :"
2026-09-14T10:51:06.8898385Z Removing includeIf entries pointing to credentials config files
2026-09-14T10:51:06.8903810Z [command]/usr/bin/git config --local --name-only --get-regexp ^includeIf\.gitdir:
2026-09-14T10:51:06.8943199Z [command]/usr/bin/git submodule foreach --recursive git config --local --show-origin --name-only --get-regexp remote.origin.url
2026-09-14T10:51:06.9144257Z [command]/usr/bin/git config --file /home/runner/work/_temp/git-credentials-902153f6-9ffb-4bb5-98c4-c7ee55e454d0.config http.https://github.com/.extraheader AUTHORIZATION: basic ***
2026-09-14T10:51:06.9180614Z [command]/usr/bin/git config --local includeIf.gitdir:/home/runner/work/media-intelligence-platform-v2/media-intelligence-platform-v2/.git.path /home/runner/work/_temp/git-credentials-902153f6-9ffb-4bb5-98c4-c7ee55e454d0.config
2026-09-14T10:51:06.9210253Z [command]/usr/bin/git config --local includeIf.gitdir:/home/runner/work/media-intelligence-platform-v2/media-intelligence-platform-v2/.git/worktrees/*.path /home/runner/work/_temp/git-credentials-902153f6-9ffb-4bb5-98c4-c7ee55e454d0.config
2026-09-14T10:51:06.9241204Z [command]/usr/bin/git config --local includeIf.gitdir:/github/workspace/.git.path /github/runner_temp/git-credentials-902153f6-9ffb-4bb5-98c4-c7ee55e454d0.config
2026-09-14T10:51:06.9270306Z [command]/usr/bin/git config --local includeIf.gitdir:/github/workspace/.git/worktrees/*.path /github/runner_temp/git-credentials-902153f6-9ffb-4bb5-98c4-c7ee55e454d0.config
2026-09-14T10:51:06.9294961Z ##[endgroup]
2026-09-14T10:51:06.9295589Z ##[group]Fetching the repository
2026-09-14T10:51:06.9301750Z [command]/usr/bin/git -c protocol.version=2 fetch --no-tags --prune --no-recurse-submodules --depth=1 origin +adb417cfff4ed1b9fdae980fff222a23638b28ae:refs/remotes/pull/162/merge
2026-09-14T10:51:07.8091212Z From https://github.com/jkelsen13-tech/media-intelligence-platform-v2
2026-09-14T10:51:07.8092011Z  * [new ref]         adb417cfff4ed1b9fdae980fff222a23638b28ae -> pull/162/merge
2026-09-14T10:51:07.8097330Z ##[endgroup]
2026-09-14T10:51:07.8098312Z ##[group]Determining the checkout info
2026-09-14T10:51:07.8099389Z ##[endgroup]
2026-09-14T10:51:07.8105237Z [command]/usr/bin/git sparse-checkout disable
2026-09-14T10:51:07.8158431Z [command]/usr/bin/git config --local --unset-all extensions.worktreeConfig
2026-09-14T10:51:07.8191154Z ##[group]Checking out the ref
2026-09-14T10:51:07.8196656Z [command]/usr/bin/git checkout --progress --force refs/remotes/pull/162/merge
2026-09-14T10:51:07.9412659Z Note: switching to 'refs/remotes/pull/162/merge'.
2026-09-14T10:51:07.9413095Z 
2026-09-14T10:51:07.9413312Z You are in 'detached HEAD' state. You can look around, make experimental
2026-09-14T10:51:07.9414136Z changes and commit them, and you can discard any commits you make in this
2026-09-14T10:51:07.9414696Z state without impacting any branches by switching back to a branch.
2026-09-14T10:51:07.9415122Z 
2026-09-14T10:51:07.9415484Z If you want to create a new branch to retain commits you create, you may
2026-09-14T10:51:07.9416062Z do so (now or later) by using -c with the switch command. Example:
2026-09-14T10:51:07.9416416Z 
2026-09-14T10:51:07.9416559Z   git switch -c <new-branch-name>
2026-09-14T10:51:07.9416897Z 
2026-09-14T10:51:07.9417246Z Or undo this operation with:
2026-09-14T10:51:07.9417517Z 
2026-09-14T10:51:07.9417657Z   git switch -
2026-09-14T10:51:07.9417872Z 
2026-09-14T10:51:07.9418244Z Turn off this advice by setting config variable advice.detachedHead to false
2026-09-14T10:51:07.9418591Z 
2026-09-14T10:51:07.9419408Z HEAD is now at adb417c Merge 21bd6370bfb1b983a51c81d6e0990d864f24af29 into eb0d7acf9050b4a41b1fbdc9b3d3f04eeca0c1e6
2026-09-14T10:51:07.9424618Z ##[endgroup]
2026-09-14T10:51:07.9473922Z [command]/usr/bin/git log -1 --format=%H
2026-09-14T10:51:07.9499767Z adb417cfff4ed1b9fdae980fff222a23638b28ae
2026-09-14T10:51:07.9753829Z ##[group]Run actions/setup-node@v7.0.0
2026-09-14T10:51:07.9754199Z with:
2026-09-14T10:51:07.9754494Z   node-version: 24
2026-09-14T10:51:07.9754832Z   check-latest: false
2026-09-14T10:51:07.9757386Z   token: ***
2026-09-14T10:51:07.9757718Z   package-manager-cache: true
2026-09-14T10:51:07.9758049Z ##[endgroup]
2026-09-14T10:51:08.1059420Z Found in cache @ /opt/hostedtoolcache/node/24.20.0/x64
2026-09-14T10:51:08.1062316Z ##[group]Environment details
2026-09-14T10:51:12.0118241Z node: v24.20.0
2026-09-14T10:51:12.0118873Z npm: 11.19.0
2026-09-14T10:51:12.0119563Z yarn: 1.22.22
2026-09-14T10:51:12.0121231Z ##[endgroup]
2026-09-14T10:51:12.0243716Z ##[group]Run npm ci --ignore-scripts --no-audit
2026-09-14T10:51:12.0244301Z [36;1mnpm ci --ignore-scripts --no-audit[0m
2026-09-14T10:51:12.0344001Z shell: /usr/bin/bash -e {0}
2026-09-14T10:51:12.0344426Z ##[endgroup]
2026-09-14T10:51:21.6481460Z 
2026-09-14T10:51:21.6490538Z added 206 packages in 10s
2026-09-14T10:51:21.6490935Z 
2026-09-14T10:51:21.6491211Z 17 packages are looking for funding
2026-09-14T10:51:21.6491728Z   run `npm fund` for details
2026-09-14T10:51:21.7005330Z ##[group]Run docker pull node:24-alpine
2026-09-14T10:51:21.7005758Z [36;1mdocker pull node:24-alpine[0m
2026-09-14T10:51:21.7032262Z shell: /usr/bin/bash -e {0}
2026-09-14T10:51:21.7032644Z ##[endgroup]
2026-09-14T10:51:22.1642975Z 24-alpine: Pulling from library/node
2026-09-14T10:51:22.3146824Z 55afa1ecc21d: Already exists
2026-09-14T10:51:22.3209832Z bc66c3ef2ea3: Pulling fs layer
2026-09-14T10:51:22.3210491Z e2c9c68d0d93: Pulling fs layer
2026-09-14T10:51:22.3211291Z c45bfe2a2e42: Pulling fs layer
2026-09-14T10:51:22.4346710Z c45bfe2a2e42: Verifying Checksum
2026-09-14T10:51:22.4347811Z c45bfe2a2e42: Download complete
2026-09-14T10:51:22.4506838Z e2c9c68d0d93: Verifying Checksum
2026-09-14T10:51:22.4507990Z e2c9c68d0d93: Download complete
2026-09-14T10:51:22.5975899Z bc66c3ef2ea3: Verifying Checksum
2026-09-14T10:51:22.5976671Z bc66c3ef2ea3: Download complete
2026-09-14T10:51:28.6426486Z bc66c3ef2ea3: Pull complete
2026-09-14T10:51:28.7294251Z e2c9c68d0d93: Pull complete
2026-09-14T10:51:28.7684657Z c45bfe2a2e42: Pull complete
2026-09-14T10:51:28.7746352Z Digest: sha256:50c8e8ca1d27439048670df5883f32d57cf81cff6233222c893fd0d9884cbd81
2026-09-14T10:51:28.7761324Z Status: Downloaded newer image for node:24-alpine
2026-09-14T10:51:28.7772562Z docker.io/library/node:24-alpine
2026-09-14T10:51:28.7836026Z ##[group]Run node verifier/hypothesis-worker/prepareLogical.mjs
2026-09-14T10:51:28.7836611Z [36;1mnode verifier/hypothesis-worker/prepareLogical.mjs[0m
2026-09-14T10:51:28.7862689Z shell: /usr/bin/bash -e {0}
2026-09-14T10:51:28.7863107Z env:
2026-09-14T10:51:28.7863428Z   MIP_DISPOSABLE_POSTGRES: comparison-qualification
2026-09-14T10:51:28.7864023Z   MIP_POSTGRES_SERVICE_ID: 263da53b76ff01c65b19d65b86016388c8e9381af211757c6bc8f94e4d38fef9
2026-09-14T10:51:28.7864509Z ##[endgroup]
2026-09-14T10:51:29.5716662Z MIP_DISPOSABLE_METADATA_DECODING_READY
2026-09-14T10:51:29.5786733Z ##[group]Run node --test --test-concurrency=1 verifier/hypothesis-worker/*.test.mjs
2026-09-14T10:51:29.5787711Z [36;1mnode --test --test-concurrency=1 verifier/hypothesis-worker/*.test.mjs[0m
2026-09-14T10:51:29.5813478Z shell: /usr/bin/bash -e {0}
2026-09-14T10:51:29.5813854Z env:
2026-09-14T10:51:29.5814205Z   MIP_DISPOSABLE_POSTGRES: comparison-qualification
2026-09-14T10:51:29.5814793Z   MIP_POSTGRES_SERVICE_ID: 263da53b76ff01c65b19d65b86016388c8e9381af211757c6bc8f94e4d38fef9
2026-09-14T10:51:29.5815318Z ##[endgroup]
2026-09-14T10:51:31.7584037Z ▶ synthetic commit recorder uses existing encrypted remote journal and actual isolated process restart
2026-09-14T10:51:31.7585131Z   ✔ exact replay succeeds; changed metadata cannot replace retained commit (411.212071ms)
2026-09-14T10:51:31.9947019Z   ✔ comparison worker cannot read recorder runtime; recorder has no producer enqueue capability (236.536093ms)
2026-09-14T10:51:32.9912723Z   ✔ process killed after put resumes exact retained metadata with fresh session (997.023709ms)
2026-09-14T10:51:34.0320082Z   ✔ process killed after get resumes exact retained metadata with fresh session (1040.408247ms)
2026-09-14T10:51:35.1752594Z   ✔ process killed after ack resumes exact retained metadata with fresh session (1142.868438ms)
2026-09-14T10:51:35.3631709Z   ✔ revoked current mapping prevents replay acknowledgement and preserves stranded record (187.454382ms)
2026-09-14T10:51:35.4083132Z ✔ synthetic commit recorder uses existing encrypted remote journal and actual isolated process restart (5737.972436ms)
2026-09-14T10:51:43.5199669Z ▶ isolated hypothesis generation authority, retained computation and restart package
2026-09-14T10:51:43.5200719Z   ▶ consistent exported snapshot bootstrap isolation
2026-09-14T10:51:43.5201924Z     ✔ exported native snapshot excludes a commit made while its imported reader waits; stream includes it exactly (1.623005ms)
2026-09-14T10:51:43.6783524Z     ✔ missing bootstrap denies actual stream acknowledgement without moving the slot (157.470005ms)
2026-09-14T10:51:44.7752120Z     ✔ exact durable bootstrap gates actual fenced native advancement and survives exporter closure (1097.185801ms)
2026-09-14T10:51:44.8114541Z     ✔ closed export cannot be imported as a fresh snapshot or used to fabricate a new observation (36.478828ms)
2026-09-14T10:51:44.8509468Z   ✔ consistent exported snapshot bootstrap isolation (5531.475675ms)
2026-09-14T10:51:48.1296916Z   ▶ actual pgoutput metadata-to-durable-recorder isolation
2026-09-14T10:51:48.1298882Z     ✔ source acknowledgement roles cannot self-grant permits, mutate bindings or inherit replication ownership (3072.108005ms)
2026-09-14T10:51:50.8408206Z     ✔ source acknowledgement rejects an uncommitted permit even in a privileged multi-role test transaction (2710.703909ms)
2026-09-14T10:51:53.8322613Z     ✔ slot advancement survives SQL rollback; committed permit remains and exact retry reconciles lost receipt (2991.320165ms)
2026-09-14T10:51:56.7328089Z     ✔ acknowledgement locks first: actual advancement completes and source revocation waits (2900.096812ms)
2026-09-14T10:51:59.4790716Z     ✔ source revocation commits first: waiting acknowledgement denies without advancing or deleting its permit (2746.412073ms)
2026-09-14T10:52:01.5094640Z     ✔ actual pgoutput contains exact revision metadata and no assessment/source body fields (37.428948ms)
2026-09-14T10:52:01.5825000Z     ✔ incomplete native delivery leaves slot position unchanged and makes no acknowledgement (72.409541ms)
2026-09-14T10:52:02.9429143Z     ✔ actual slot advancement follows durable exact metadata; lost acknowledgement replays without changing evidence (1360.490704ms)
2026-09-14T10:52:05.0233876Z     ✔ revoked recorder mapping denies a new native delivery and retains unacknowledged source work (2080.627749ms)
2026-09-14T10:52:05.0596428Z   ✔ actual pgoutput metadata-to-durable-recorder isolation (20210.814543ms)
2026-09-14T10:52:12.5020045Z   ▶ source-captured contiguous metadata coverage isolation
2026-09-14T10:52:12.5021318Z     ✔ source captures only the next native transaction and chains exact reconciled revision IDs (7355.124988ms)
2026-09-14T10:52:16.9498801Z     ✔ source permit rejects a skipped transaction even with genuine later native metadata (4447.530279ms)
2026-09-14T10:52:21.2954589Z     ✔ rolled-back coverage receipt recovers native advancement with committed capture and fresh session (4345.076509ms)
2026-09-14T10:52:26.4274568Z     ✔ slot movement outside the protocol denies progress and preserves the captured transaction (5132.176106ms)
2026-09-14T10:52:29.6355841Z     ✔ slot loss denies recovery without deleting source captures or fabricating continuity (3207.816767ms)
2026-09-14T10:52:32.9161561Z     ✔ publication expansion and revoked source authority fail closed before new capture (3280.260851ms)
2026-09-14T10:52:33.7443031Z     ✔ current interface removes unbound advancement and denies direct coverage writes (827.905942ms)
2026-09-14T10:52:39.4080043Z     ✔ paged native snapshot excludes between-page commits and its complete manifest gates covered stream advancement (5664.590843ms)
2026-09-14T10:52:44.5983876Z     ▶ native source incarnation registration isolation
2026-09-14T10:52:44.5985168Z       ✔ explicit registration permits covered completion and fresh-session exact receipt replay (5138.883552ms)
2026-09-14T10:52:49.6004169Z       ✔ missing or mismatched external pin denies capture, preparation and receipt replay (5001.857926ms)
2026-09-14T10:52:51.7010660Z       ✔ simulated cluster, database-object and startup mismatches deny native capture without rewriting history (2100.620666ms)
2026-09-14T10:52:52.7504332Z       ✔ registration is immutable and gateways cannot inspect control data or bypass the incarnation interface (1049.095234ms)
2026-09-14T10:52:56.1184174Z       ✔ incarnation-bound advancement locks first and source revocation waits (3367.710005ms)
2026-09-14T10:52:59.5271851Z       ✔ source revocation locks first and incarnation-bound advancement rejects without a checkpoint (3408.502984ms)
2026-09-14T10:53:07.9915883Z       ✔ external encrypted custody gates the actual incarnation capture, prepare and advance flow (8464.139727ms)
2026-09-14T10:53:13.7428357Z       ✔ custody envelope incarnation is forwarded unchanged and native mismatch rejects capture, prepare, advance and replay (5751.171886ms)
2026-09-14T10:53:18.8980762Z       ✔ actual database clone preserves source records but cannot reuse the original configured source binding (5154.931493ms)
2026-09-14T10:53:23.3571102Z       ✔ actual database server restart preserves durable work but denies old incarnation acceptance after fresh authentication (4458.346491ms)
2026-09-14T10:53:23.3572368Z     ✔ native source incarnation registration isolation (43947.493144ms)
2026-09-14T10:53:23.3573518Z   ✔ source-captured contiguous metadata coverage isolation (78295.451265ms)
2026-09-14T10:53:26.5246803Z   ✔ configured synthetic client-handler-store-worker-review path uses native gateway transactions (3167.653848ms)
2026-09-14T10:53:28.2738031Z   ✔ atomic real retained-input capture; no caller source body or input hash accepted (1748.909033ms)
2026-09-14T10:53:30.3314421Z   ✔ separate worker table/function ownership, FORCE RLS and no escalation (2057.509089ms)
2026-09-14T10:53:31.8910092Z   ✔ closed CC source scope and missing permission never enter generation (1559.227766ms)
2026-09-14T10:53:33.6431410Z   ✔ wrong audience/subject/runtime, expired identity and cross-runtime session denied (1752.148158ms)
2026-09-14T10:53:35.3130665Z   ✔ revoked mapping and stale replacement cannot reuse a retained generation (1669.602542ms)
2026-09-14T10:53:38.5049436Z   ✔ source and evaluated-implementation revocation during processing strand work (3191.786546ms)
2026-09-14T10:53:40.0835751Z   ✔ revoked reviewer membership denies completion and retains processing (1578.310331ms)
2026-09-14T10:53:41.7255241Z   ✔ revoked method denies completion and cannot be reactivated under old revision (1641.906241ms)
2026-09-14T10:53:44.8165846Z   ✔ ineligible and out-of-runtime work cannot obstruct eligible investigation (3090.533788ms)
2026-09-14T10:53:47.8241718Z   ✔ rotating investigation selection advances an eligible later investigation (3006.206863ms)
2026-09-14T10:53:50.1986709Z   ✔ database independently rejects output source, method, rating, review and argument escalation (2375.603296ms)
2026-09-14T10:53:51.9043075Z   ✔ permission acceptance first: output/revision/ack/receipt commit, revocation waits (1705.322247ms)
2026-09-14T10:53:53.5572818Z   ✔ permission revocation first: output/revision/ack/receipt all reject (1653.085595ms)
2026-09-14T10:53:55.1274883Z   ✔ source correction during processing rejects stale retained generation (1569.895405ms)
2026-09-14T10:53:57.0087915Z   ✔ exact completion retry requires current authority and identical output (1880.85091ms)
2026-09-14T10:53:58.8698312Z   ✔ worker method mismatch is explicitly failed without invented assessment (1861.093039ms)
2026-09-14T10:54:00.4841239Z   ✔ expired lease does not requeue, force-cancel or accept completion (1613.788357ms)
2026-09-14T10:54:02.6054846Z   ✔ real container computes over retained spans with no broad credentials or network (2121.473636ms)
2026-09-14T10:54:05.2377882Z   ✔ actual termination/restart before_complete_commit recovers exact durable completion (2631.541624ms)
2026-09-14T10:54:07.8354337Z   ✔ actual termination/restart after_complete_commit recovers exact durable completion (2597.407743ms)
2026-09-14T10:54:10.2558970Z   ✔ actual lost claim response preserves stranded work; fresh process cannot invent lease (2420.718152ms)
2026-09-14T10:54:13.3473474Z   ✔ encrypted remote exact-content journal, scoped runtime, no plaintext and protocol separation (3091.141355ms)
2026-09-14T10:54:15.3041543Z   ✔ generated reassessment resolves exact human causes atomically and stays unreviewed/private (1956.855373ms)
2026-09-14T10:54:16.9618914Z   ✔ unselected retained input permissions still protect generated history and create causes (1657.521481ms)
2026-09-14T10:54:18.5479804Z   ✔ private operational ledger binds exact generation records and never returns lease secrets or source text (1585.820201ms)
2026-09-14T10:54:22.1602015Z   ✔ expired session cannot commit an idle receipt after waiting on a permission fence (3612.145463ms)
2026-09-14T10:54:23.7787751Z   ✔ capture acknowledgement can be recovered after the generation has completed (1618.286896ms)
2026-09-14T10:54:25.9135478Z   ✔ method replacement retains a distinct pending cause and explicit new-version reassessment (2134.300109ms)
2026-09-14T10:54:29.4893189Z   ✔ rolled-back method removal leaves no cause; committed removal retains cause and unrelated history (3575.777464ms)
2026-09-14T10:54:31.7748600Z   ✔ fresh-generation recovery preserves expired attempt and commits exact linked retry (2285.444177ms)
2026-09-14T10:54:35.1513394Z   ✔ recovery refuses wrong owner, scope, completed job and revoked input permission (3376.216348ms)
2026-09-14T10:54:37.0064988Z   ✔ recovery is atomic on rollback and inaccessible to the worker role (1855.165679ms)
2026-09-14T10:54:38.6579997Z   ✔ revoked signing key denies claim and completion despite an outstanding lease (1650.951007ms)
2026-09-14T10:54:38.7119493Z ✔ isolated hypothesis generation authority, retained computation and restart package (183208.563699ms)
2026-09-14T10:54:38.7245731Z ℹ tests 77
2026-09-14T10:54:38.7246237Z ℹ suites 0
2026-09-14T10:54:38.7246557Z ℹ pass 77
2026-09-14T10:54:38.7247737Z ℹ fail 0
2026-09-14T10:54:38.7248043Z ℹ cancelled 0
2026-09-14T10:54:38.7248370Z ℹ skipped 0
2026-09-14T10:54:38.7248708Z ℹ todo 0
2026-09-14T10:54:38.7249043Z ℹ duration_ms 189107.944447
2026-09-14T10:54:38.7392593Z Post job cleanup.
2026-09-14T10:54:38.8701099Z Post job cleanup.
2026-09-14T10:54:38.9614754Z [command]/usr/bin/git version
2026-09-14T10:54:38.9655020Z git version 2.55.0
2026-09-14T10:54:38.9688944Z Temporarily overriding HOME='/home/runner/work/_temp/4af311a8-4f1b-49b4-8a37-42fe97e0d3f9' before making global git config changes
2026-09-14T10:54:38.9690731Z Adding repository directory to the temporary git global config as a safe directory
2026-09-14T10:54:38.9693776Z [command]/usr/bin/git config --global --add safe.directory /home/runner/work/media-intelligence-platform-v2/media-intelligence-platform-v2
2026-09-14T10:54:38.9730114Z Removing SSH command configuration
2026-09-14T10:54:38.9736883Z [command]/usr/bin/git config --local --name-only --get-regexp core\.sshCommand
2026-09-14T10:54:38.9773831Z [command]/usr/bin/git submodule foreach --recursive sh -c "git config --local --name-only --get-regexp 'core\.sshCommand' && git config --local --unset-all 'core.sshCommand' || :"
2026-09-14T10:54:38.9995080Z Removing HTTP extra header
2026-09-14T10:54:39.0000479Z [command]/usr/bin/git config --local --name-only --get-regexp http\.https\:\/\/github\.com\/\.extraheader
2026-09-14T10:54:39.0035760Z [command]/usr/bin/git submodule foreach --recursive sh -c "git config --local --name-only --get-regexp 'http\.https\:\/\/github\.com\/\.extraheader' && git config --local --unset-all 'http.https://github.com/.extraheader' || :"
2026-09-14T10:54:39.0277323Z Removing includeIf entries pointing to credentials config files
2026-09-14T10:54:39.0285598Z [command]/usr/bin/git config --local --name-only --get-regexp ^includeIf\.gitdir:
2026-09-14T10:54:39.0331624Z includeif.gitdir:/home/runner/work/media-intelligence-platform-v2/media-intelligence-platform-v2/.git.path
2026-09-14T10:54:39.0333623Z includeif.gitdir:/home/runner/work/media-intelligence-platform-v2/media-intelligence-platform-v2/.git/worktrees/*.path
2026-09-14T10:54:39.0334953Z includeif.gitdir:/github/workspace/.git.path
2026-09-14T10:54:39.0335920Z includeif.gitdir:/github/workspace/.git/worktrees/*.path
2026-09-14T10:54:39.0341161Z [command]/usr/bin/git config --local --get-all includeif.gitdir:/home/runner/work/media-intelligence-platform-v2/media-intelligence-platform-v2/.git.path
2026-09-14T10:54:39.0371238Z /home/runner/work/_temp/git-credentials-902153f6-9ffb-4bb5-98c4-c7ee55e454d0.config
2026-09-14T10:54:39.0385322Z [command]/usr/bin/git config --local --unset includeif.gitdir:/home/runner/work/media-intelligence-platform-v2/media-intelligence-platform-v2/.git.path \/home\/runner\/work\/_temp\/git\-credentials\-902153f6\-9ffb\-4bb5\-98c4\-c7ee55e454d0\.config
2026-09-14T10:54:39.0509613Z [command]/usr/bin/git config --local --get-all includeif.gitdir:/home/runner/work/media-intelligence-platform-v2/media-intelligence-platform-v2/.git/worktrees/*.path
2026-09-14T10:54:39.0517422Z /home/runner/work/_temp/git-credentials-902153f6-9ffb-4bb5-98c4-c7ee55e454d0.config
2026-09-14T10:54:39.0530220Z [command]/usr/bin/git config --local --unset includeif.gitdir:/home/runner/work/media-intelligence-platform-v2/media-intelligence-platform-v2/.git/worktrees/*.path \/home\/runner\/work\/_temp\/git\-credentials\-902153f6\-9ffb\-4bb5\-98c4\-c7ee55e454d0\.config
2026-09-14T10:54:39.0579440Z [command]/usr/bin/git config --local --get-all includeif.gitdir:/github/workspace/.git.path
2026-09-14T10:54:39.0615330Z /github/runner_temp/git-credentials-902153f6-9ffb-4bb5-98c4-c7ee55e454d0.config
2026-09-14T10:54:39.0629922Z [command]/usr/bin/git config --local --unset includeif.gitdir:/github/workspace/.git.path \/github\/runner_temp\/git\-credentials\-902153f6\-9ffb\-4bb5\-98c4\-c7ee55e454d0\.config
2026-09-14T10:54:39.0671864Z [command]/usr/bin/git config --local --get-all includeif.gitdir:/github/workspace/.git/worktrees/*.path
2026-09-14T10:54:39.0703555Z /github/runner_temp/git-credentials-902153f6-9ffb-4bb5-98c4-c7ee55e454d0.config
2026-09-14T10:54:39.0713599Z [command]/usr/bin/git config --local --unset includeif.gitdir:/github/workspace/.git/worktrees/*.path \/github\/runner_temp\/git\-credentials\-902153f6\-9ffb\-4bb5\-98c4\-c7ee55e454d0\.config
2026-09-14T10:54:39.0771638Z [command]/usr/bin/git submodule foreach --recursive git config --local --show-origin --name-only --get-regexp remote.origin.url
2026-09-14T10:54:39.1001682Z Removing credentials config '/home/runner/work/_temp/git-credentials-902153f6-9ffb-4bb5-98c4-c7ee55e454d0.config'
2026-09-14T10:54:39.1122656Z Print service container logs: e68e03e6b485494ca50a4f26b41f016b_postgres176_780cab
2026-09-14T10:54:39.1128038Z ##[command]/usr/bin/docker logs --details 263da53b76ff01c65b19d65b86016388c8e9381af211757c6bc8f94e4d38fef9
2026-09-14T10:54:39.1262996Z  The files belonging to this database system will be owned by user "postgres".
2026-09-14T10:54:39.1266357Z  initdb: warning: enabling "trust" authentication for local connections
2026-09-14T10:54:39.1267319Z  This user must also own the server process.
2026-09-14T10:54:39.1268266Z  initdb: hint: You can change this by editing pg_hba.conf or using the option -A, or --auth-local and --auth-host, the next time you run initdb.
2026-09-14T10:54:39.1269280Z  2026-09-14 10:51:01.425 UTC [1] LOG:  starting PostgreSQL 17.6 (Debian 17.6-2.pgdg13+1) on x86_64-pc-linux-gnu, compiled by gcc (Debian 14.2.0-19) 14.2.0, 64-bit
2026-09-14T10:54:39.1270043Z  2026-09-14 10:51:01.425 UTC [1] LOG:  listening on IPv4 address "0.0.0.0", port 5432
2026-09-14T10:54:39.1270712Z  2026-09-14 10:51:01.425 UTC [1] LOG:  listening on IPv6 address "::", port 5432
2026-09-14T10:54:39.1271358Z  2026-09-14 10:51:01.429 UTC [1] LOG:  listening on Unix socket "/var/run/postgresql/.s.PGSQL.5432"
2026-09-14T10:54:39.1271968Z  2026-09-14 10:51:01.432 UTC [63] LOG:  database system was shut down at 2026-09-14 10:51:01 UTC
2026-09-14T10:54:39.1272556Z  2026-09-14 10:51:01.436 UTC [1] LOG:  database system is ready to accept connections
2026-09-14T10:54:39.1273056Z  2026-09-14 10:51:28.991 UTC [1] LOG:  received fast shutdown request
2026-09-14T10:54:39.1273574Z  2026-09-14 10:51:28.992 UTC [1] LOG:  aborting any active transactions
2026-09-14T10:54:39.1274198Z  2026-09-14 10:51:28.994 UTC [1] LOG:  background worker "logical replication launcher" (PID 66) exited with exit code 1
2026-09-14T10:54:39.1274744Z  2026-09-14 10:51:28.995 UTC [61] LOG:  shutting down
2026-09-14T10:54:39.1275221Z  2026-09-14 10:51:28.996 UTC [61] LOG:  checkpoint starting: shutdown immediate
2026-09-14T10:54:39.1276247Z  2026-09-14 10:51:28.999 UTC [61] LOG:  checkpoint complete: wrote 3 buffers (0.0%); 0 WAL file(s) added, 0 removed, 0 recycled; write=0.001 s, sync=0.001 s, total=0.004 s; sync files=2, longest=0.001 s, average=0.001 s; distance=0 kB, estimate=0 kB; lsn=0/14ED868, redo lsn=0/14ED868
2026-09-14T10:54:39.1277565Z  2026-09-14 10:51:29.003 UTC [1] LOG:  database system is shut down
2026-09-14T10:54:39.1278482Z  2026-09-14 10:51:29.253 UTC [1] LOG:  starting PostgreSQL 17.6 (Debian 17.6-2.pgdg13+1) on x86_64-pc-linux-gnu, compiled by gcc (Debian 14.2.0-19) 14.2.0, 64-bit
2026-09-14T10:54:39.1279208Z  2026-09-14 10:51:29.253 UTC [1] LOG:  listening on IPv4 address "0.0.0.0", port 5432
2026-09-14T10:54:39.1279754Z  2026-09-14 10:51:29.253 UTC [1] LOG:  listening on IPv6 address "::", port 5432
2026-09-14T10:54:39.1280343Z  2026-09-14 10:51:29.255 UTC [1] LOG:  listening on Unix socket "/var/run/postgresql/.s.PGSQL.5432"
2026-09-14T10:54:39.1281002Z  2026-09-14 10:51:29.257 UTC [29] LOG:  database system was shut down at 2026-09-14 10:51:28 UTC
2026-09-14T10:54:39.1281548Z  2026-09-14 10:51:29.261 UTC [1] LOG:  database system is ready to accept connections
2026-09-14T10:54:39.1282372Z  2026-09-14 10:51:29.716 UTC [1] LOG:  received SIGHUP, reloading configuration files
2026-09-14T10:54:39.1283007Z  2026-09-14 10:51:29.717 UTC [1] LOG:  parameter "log_min_error_statement" changed to "panic"
2026-09-14T10:54:39.1283459Z  
2026-09-14T10:54:39.1283853Z  The database cluster will be initialized with locale "en_US.utf8".
2026-09-14T10:54:39.1284337Z  The default database encoding has accordingly been set to "UTF8".
2026-09-14T10:54:39.1284800Z  The default text search configuration will be set to "english".
2026-09-14T10:54:39.1285216Z  
2026-09-14T10:54:39.1285534Z  Data page checksums are disabled.
2026-09-14T10:54:39.1285890Z  
2026-09-14T10:54:39.1286258Z  fixing permissions on existing directory /var/lib/postgresql/data ... ok
2026-09-14T10:54:39.1286690Z  creating subdirectories ... ok
2026-09-14T10:54:39.1293859Z  selecting dynamic shared memory implementation ... posix
2026-09-14T10:54:39.1294571Z  selecting default "max_connections" ... 100
2026-09-14T10:54:39.1295186Z  selecting default "shared_buffers" ... 128MB
2026-09-14T10:54:39.1295634Z  selecting default time zone ... Etc/UTC
2026-09-14T10:54:39.1296029Z  creating configuration files ... ok
2026-09-14T10:54:39.1296381Z  running bootstrap script ... ok
2026-09-14T10:54:39.1296957Z  performing post-bootstrap initialization ... ok
2026-09-14T10:54:39.1297575Z  syncing data to disk ... ok
2026-09-14T10:54:39.1297919Z  
2026-09-14T10:54:39.1298221Z  
2026-09-14T10:54:39.1298539Z  Success. You can now start the database server using:
2026-09-14T10:54:39.1298926Z  
2026-09-14T10:54:39.1299305Z      pg_ctl -D /var/lib/postgresql/data -l logfile start
2026-09-14T10:54:39.1299656Z  
2026-09-14T10:54:39.1300356Z  waiting for server to start....2026-09-14 10:51:01.190 UTC [49] LOG:  starting PostgreSQL 17.6 (Debian 17.6-2.pgdg13+1) on x86_64-pc-linux-gnu, compiled by gcc (Debian 14.2.0-19) 14.2.0, 64-bit
2026-09-14T10:54:39.1301229Z  2026-09-14 10:51:01.191 UTC [49] LOG:  listening on Unix socket "/var/run/postgresql/.s.PGSQL.5432"
2026-09-14T10:54:39.1301867Z  2026-09-14 10:51:01.193 UTC [52] LOG:  database system was shut down at 2026-09-14 10:51:00 UTC
2026-09-14T10:54:39.1302464Z  2026-09-14 10:51:01.196 UTC [49] LOG:  database system is ready to accept connections
2026-09-14T10:54:39.1302869Z   done
2026-09-14T10:54:39.1303178Z  server started
2026-09-14T10:54:39.1303456Z  
2026-09-14T10:54:39.1303909Z  /usr/local/bin/docker-entrypoint.sh: ignoring /docker-entrypoint-initdb.d/*
2026-09-14T10:54:39.1304379Z  
2026-09-14T10:54:39.1304727Z  2026-09-14 10:51:01.307 UTC [49] LOG:  received fast shutdown request
2026-09-14T10:54:39.1305320Z  waiting for server to shut down....2026-09-14 10:51:01.308 UTC [49] LOG:  aborting any active transactions
2026-09-14T10:54:39.1306026Z  2026-09-14 10:51:01.310 UTC [49] LOG:  background worker "logical replication launcher" (PID 55) exited with exit code 1
2026-09-14T10:54:39.1306772Z  2026-09-14 10:51:01.311 UTC [50] LOG:  shutting down
2026-09-14T10:54:39.1307439Z  2026-09-14 10:51:01.312 UTC [50] LOG:  checkpoint starting: shutdown immediate
2026-09-14T10:54:39.1308498Z  2026-09-14 10:51:01.316 UTC [50] LOG:  checkpoint complete: wrote 3 buffers (0.0%); 0 WAL file(s) added, 0 removed, 0 recycled; write=0.001 s, sync=0.001 s, total=0.005 s; sync files=2, longest=0.001 s, average=0.001 s; distance=0 kB, estimate=0 kB; lsn=0/14ED7B8, redo lsn=0/14ED7B8
2026-09-14T10:54:39.1309573Z  2026-09-14 10:51:01.318 UTC [49] LOG:  database system is shut down
2026-09-14T10:54:39.1309967Z   done
2026-09-14T10:54:39.1310275Z  server stopped
2026-09-14T10:54:39.1310566Z  
2026-09-14T10:54:39.1310911Z  PostgreSQL init process complete; ready for start up.
2026-09-14T10:54:39.1311307Z  
2026-09-14T10:54:39.1311583Z  
2026-09-14T10:54:39.1311990Z  PostgreSQL Database directory appears to contain a database; Skipping initialization
2026-09-14T10:54:39.1312473Z  
2026-09-14T10:54:39.1312724Z  
2026-09-14T10:54:39.1313164Z  PostgreSQL Database directory appears to contain a database; Skipping initialization
2026-09-14T10:54:39.1313791Z  
2026-09-14T10:54:39.1320831Z Stop and remove container: e68e03e6b485494ca50a4f26b41f016b_postgres176_780cab
2026-09-14T10:54:39.1325924Z ##[command]/usr/bin/docker rm --force 263da53b76ff01c65b19d65b86016388c8e9381af211757c6bc8f94e4d38fef9
2026-09-14T10:54:39.3254992Z 263da53b76ff01c65b19d65b86016388c8e9381af211757c6bc8f94e4d38fef9
2026-09-14T10:54:39.3281372Z Remove container network: github_network_84bd7a23a01c41b8bd452c812139e4fc
2026-09-14T10:54:39.3285678Z ##[command]/usr/bin/docker network rm github_network_84bd7a23a01c41b8bd452c812139e4fc
2026-09-14T10:54:39.4340852Z github_network_84bd7a23a01c41b8bd452c812139e4fc
2026-09-14T10:54:39.4418358Z Cleaning up orphan processes
