TAP version 13
# Subtest: launch source bindings preserve qualified history and bind the integrated current gateway and domain bytes
ok 1 - launch source bindings preserve qualified history and bind the integrated current gateway and domain bytes
  ---
  duration_ms: 251.966309
  type: 'test'
  ...
# Subtest: one API routes all five domains directly with existing response envelopes and verified identity
ok 2 - one API routes all five domains directly with existing response envelopes and verified identity
  ---
  duration_ms: 26.238569
  type: 'test'
  ...
# Subtest: gateway retains route, origin, method, JSON and per-domain request limits without downstream calls
ok 3 - gateway retains route, origin, method, JSON and per-domain request limits without downstream calls
  ---
  duration_ms: 14.568645
  type: 'test'
  ...
# Subtest: Auth and database failures stay sanitized; denied or anonymous sessions cannot reach any RPC
ok 4 - Auth and database failures stay sanitized; denied or anonymous sessions cannot reach any RPC
  ---
  duration_ms: 5.302232
  type: 'test'
  ...
# Subtest: shared server transport keeps credentials in their proper boundary and makes no function-to-function calls
ok 5 - shared server transport keeps credentials in their proper boundary and makes no function-to-function calls
  ---
  duration_ms: 2.56103
  type: 'test'
  ...
# Subtest: frontend composition uses only unified routes and never retries or falls back to an old endpoint
ok 6 - frontend composition uses only unified routes and never retries or falls back to an old endpoint
  ---
  duration_ms: 1.784066
  type: 'test'
  ...
# Subtest: opaque server RPC credentials never replace or remove the user Auth token
ok 7 - opaque server RPC credentials never replace or remove the user Auth token
  ---
  duration_ms: 1.375018
  type: 'test'
  ...
# Subtest: legacy server JWT transport remains unchanged for all unified private RPCs
ok 8 - legacy server JWT transport remains unchanged for all unified private RPCs
  ---
  duration_ms: 1.847712
  type: 'test'
  ...
# Subtest: private following route reuses verified Auth and refuses trusted-only commands and identity injection
ok 9 - private following route reuses verified Auth and refuses trusted-only commands and identity injection
  ---
  duration_ms: 2.433588
  type: 'test'
  ...
# Subtest: following server call stays on the existing validated origin and opaque-key credential boundary
ok 10 - following server call stays on the existing validated origin and opaque-key credential boundary
  ---
  duration_ms: 1.05253
  type: 'test'
  ...
# Subtest: Following actor expectation only refuses stale sessions and Auth stamps success before a client can accept it
ok 11 - Following actor expectation only refuses stale sessions and Auth stamps success before a client can accept it
  ---
  duration_ms: 2.125332
  type: 'test'
  ...
# Subtest: selective intake is registered with the existing verified gateway and mapped SDK boundary
ok 12 - selective intake is registered with the existing verified gateway and mapped SDK boundary
  ---
  duration_ms: 2.154125
  type: 'test'
  ...
# Subtest: selective intake server transport preserves fixed target and both current credential formats
ok 13 - selective intake server transport preserves fixed target and both current credential formats
  ---
  duration_ms: 0.815122
  type: 'test'
  ...
# Subtest: only the three exact pinned historical Markets paths map to repository paths
ok 14 - only the three exact pinned historical Markets paths map to repository paths
  ---
  duration_ms: 3.336161
  type: 'test'
  ...
# Subtest: repository reader refuses a symlink outside its actual root
ok 15 - repository reader refuses a symlink outside its actual root
  ---
  duration_ms: 11.971756
  type: 'test'
  ...
# Subtest: actual relocated binding reader uses its current bytes without the original checkout, and the Python resolver has the same boundary
ok 16 - actual relocated binding reader uses its current bytes without the original checkout, and the Python resolver has the same boundary
  ---
  duration_ms: 1782.939804
  type: 'test'
  ...
# Subtest: current published offer resolves only the pricing observation, preserving unresolved actual rights and disabled activation
ok 17 - current published offer resolves only the pricing observation, preserving unresolved actual rights and disabled activation
  ---
  duration_ms: 1.364122
  type: 'test'
  ...
# Subtest: each capability needs separately scoped retained evidence; transport success cannot grant rights or history
ok 18 - each capability needs separately scoped retained evidence; transport success cannot grant rights or history
  ---
  duration_ms: 3.334318
  type: 'test'
  ...
# Subtest: endpoint-version batching and additive conversions use returned bounds, including inclusive seven-day history
ok 19 - endpoint-version batching and additive conversions use returned bounds, including inclusive seven-day history
  ---
  duration_ms: 1.476691
  type: 'test'
  ...
# Subtest: published quotas, another endpoint and an adjacent observation cannot substitute for exact account allowance
ok 20 - published quotas, another endpoint and an adjacent observation cannot substitute for exact account allowance
  ---
  duration_ms: 1.110087
  type: 'test'
  ...
# Subtest: unknown endpoints, missing bounds and arithmetic overflow fail closed without integer rounding drift
ok 21 - unknown endpoints, missing bounds and arithmetic overflow fail closed without integer rounding drift
  ---
  duration_ms: 0.435548
  type: 'test'
  ...
# Subtest: credential, payment, forbidden, exhaustion and data failures cannot enter the retry path
ok 22 - credential, payment, forbidden, exhaustion and data failures cannot enter the retry path
  ---
  duration_ms: 0.438543
  type: 'test'
  ...
# Subtest: only typed minute/IP throttles and known transient outages get finite, budgeted retry plans
ok 23 - only typed minute/IP throttles and known transient outages get finite, budgeted retry plans
  ---
  duration_ms: 0.290979
  type: 'test'
  ...
1..23
# tests 23
# suites 0
# pass 23
# fail 0
# cancelled 0
# skipped 0
# todo 0
# duration_ms 1862.187561
