2026-09-14T18:19:34.7234481Z Current runner version: '2.337.0'
2026-09-14T18:19:34.7267891Z ##[group]Runner Image Provisioner
2026-09-14T18:19:34.7269685Z Hosted Compute Agent
2026-09-14T18:19:34.7270695Z Version: 20260828.587
2026-09-14T18:19:34.7271783Z Commit: abac92662cab4cc7352de4f9f9d2e2419aad9c29
2026-09-14T18:19:34.7273012Z Build Date: 2026-08-28T16:44:25Z
2026-09-14T18:19:34.7274176Z Worker ID: {785a8d99-5d3c-4624-bea6-295d2ce52ada}
2026-09-14T18:19:34.7275487Z Azure Region: eastus
2026-09-14T18:19:34.7276448Z ##[endgroup]
2026-09-14T18:19:34.7278611Z ##[group]Operating System
2026-09-14T18:19:34.7280036Z Ubuntu
2026-09-14T18:19:34.7280928Z 24.04.5
2026-09-14T18:19:34.7281929Z LTS
2026-09-14T18:19:34.7282724Z ##[endgroup]
2026-09-14T18:19:34.7283712Z ##[group]Runner Image
2026-09-14T18:19:34.7284749Z Image: ubuntu-24.04
2026-09-14T18:19:34.7285645Z Version: 20260907.300.1
2026-09-14T18:19:34.7287832Z Included Software: https://github.com/actions/runner-images/blob/ubuntu24/20260907.300/images/ubuntu/Ubuntu2404-Readme.md
2026-09-14T18:19:34.7290939Z Image Release: https://github.com/actions/runner-images/releases/tag/ubuntu24%2F20260907.300
2026-09-14T18:19:34.7292618Z ##[endgroup]
2026-09-14T18:19:34.7294504Z ##[group]GITHUB_TOKEN Permissions
2026-09-14T18:19:34.7297198Z Contents: read
2026-09-14T18:19:34.7298276Z Metadata: read
2026-09-14T18:19:34.7299705Z ##[endgroup]
2026-09-14T18:19:34.7302863Z Secret source: Actions
2026-09-14T18:19:34.7304541Z Cache mode: write
2026-09-14T18:19:34.7305687Z Prepare workflow directory
2026-09-14T18:19:34.7928334Z Prepare all required actions
2026-09-14T18:19:34.7999970Z Getting action download info
2026-09-14T18:19:35.0170067Z Download action repository 'actions/checkout@v7.0.1' (SHA:3d3c42e5aac5ba805825da76410c181273ba90b1)
2026-09-14T18:19:35.1438648Z Download action repository 'actions/setup-node@v7.0.0' (SHA:820762786026740c76f36085b0efc47a31fe5020)
2026-09-14T18:19:35.4658195Z Complete job name: worker
2026-09-14T18:19:35.5187861Z ##[group]Checking docker version
2026-09-14T18:19:35.5201519Z ##[command]/usr/bin/docker version --format '{{.Server.APIVersion}}'
2026-09-14T18:19:36.5293309Z '1.48'
2026-09-14T18:19:36.5308193Z Docker daemon API version: '1.48'
2026-09-14T18:19:36.5309696Z ##[command]/usr/bin/docker version --format '{{.Client.APIVersion}}'
2026-09-14T18:19:36.5555808Z '1.48'
2026-09-14T18:19:36.5570494Z Docker client API version: '1.48'
2026-09-14T18:19:36.5576598Z ##[endgroup]
2026-09-14T18:19:36.5580768Z ##[group]Clean up resources from previous jobs
2026-09-14T18:19:36.5586829Z ##[command]/usr/bin/docker ps --all --quiet --no-trunc --filter "label=2a3388"
2026-09-14T18:19:36.5781706Z ##[command]/usr/bin/docker network prune --force --filter "label=2a3388"
2026-09-14T18:19:36.5968463Z ##[endgroup]
2026-09-14T18:19:36.5970099Z ##[group]Create local container network
2026-09-14T18:19:36.5982274Z ##[command]/usr/bin/docker network create --label 2a3388 github_network_9e1e6796918a497682c5a74214ef854b
2026-09-14T18:19:36.6495204Z 96449c66f3b8313a14652b352afc1641a29e83eac9536497dbb617f1f685004b
2026-09-14T18:19:36.6513765Z ##[endgroup]
2026-09-14T18:19:36.6541198Z ##[group]Starting postgres service container
2026-09-14T18:19:36.6564547Z ##[command]/usr/bin/docker pull postgres:17.6
2026-09-14T18:19:36.9552263Z 17.6: Pulling from library/postgres
2026-09-14T18:19:37.0343269Z d7ecded7702a: Pulling fs layer
2026-09-14T18:19:37.0344647Z d95a46ea6a60: Pulling fs layer
2026-09-14T18:19:37.0345258Z df684e12be42: Pulling fs layer
2026-09-14T18:19:37.0345663Z baf316c053aa: Pulling fs layer
2026-09-14T18:19:37.0346140Z b3ec056f36c4: Pulling fs layer
2026-09-14T18:19:37.0346786Z f9f6c3699755: Pulling fs layer
2026-09-14T18:19:37.0347470Z 30854ed26966: Pulling fs layer
2026-09-14T18:19:37.0348059Z 639bc10553ca: Pulling fs layer
2026-09-14T18:19:37.0348460Z 5d95d2afb8ab: Pulling fs layer
2026-09-14T18:19:37.0349479Z 0424836d8a95: Pulling fs layer
2026-09-14T18:19:37.0350026Z 4b0b164c9bcd: Pulling fs layer
2026-09-14T18:19:37.0350643Z 36e0cf935aa6: Pulling fs layer
2026-09-14T18:19:37.0351052Z 36b8b7af114e: Pulling fs layer
2026-09-14T18:19:37.0352148Z 5df7a8bf57f1: Pulling fs layer
2026-09-14T18:19:37.0352543Z 5d95d2afb8ab: Waiting
2026-09-14T18:19:37.0352988Z 0424836d8a95: Waiting
2026-09-14T18:19:37.0353345Z baf316c053aa: Waiting
2026-09-14T18:19:37.0353666Z 4b0b164c9bcd: Waiting
2026-09-14T18:19:37.0353956Z 36e0cf935aa6: Waiting
2026-09-14T18:19:37.0354650Z 30854ed26966: Waiting
2026-09-14T18:19:37.0355135Z b3ec056f36c4: Waiting
2026-09-14T18:19:37.0355602Z f9f6c3699755: Waiting
2026-09-14T18:19:37.0355991Z 36b8b7af114e: Waiting
2026-09-14T18:19:37.0356424Z 5df7a8bf57f1: Waiting
2026-09-14T18:19:37.0356747Z 639bc10553ca: Waiting
2026-09-14T18:19:37.0608487Z d95a46ea6a60: Download complete
2026-09-14T18:19:37.1020383Z df684e12be42: Verifying Checksum
2026-09-14T18:19:37.1021466Z df684e12be42: Download complete
2026-09-14T18:19:37.1038310Z baf316c053aa: Verifying Checksum
2026-09-14T18:19:37.1039730Z baf316c053aa: Download complete
2026-09-14T18:19:37.1452986Z f9f6c3699755: Verifying Checksum
2026-09-14T18:19:37.1457038Z f9f6c3699755: Download complete
2026-09-14T18:19:37.1675145Z d7ecded7702a: Verifying Checksum
2026-09-14T18:19:37.1676793Z d7ecded7702a: Download complete
2026-09-14T18:19:37.1703133Z b3ec056f36c4: Verifying Checksum
2026-09-14T18:19:37.1705714Z b3ec056f36c4: Download complete
2026-09-14T18:19:37.1745170Z 30854ed26966: Verifying Checksum
2026-09-14T18:19:37.1745848Z 30854ed26966: Download complete
2026-09-14T18:19:37.1912936Z 639bc10553ca: Verifying Checksum
2026-09-14T18:19:37.1913798Z 639bc10553ca: Download complete
2026-09-14T18:19:37.2022672Z 0424836d8a95: Verifying Checksum
2026-09-14T18:19:37.2023675Z 0424836d8a95: Download complete
2026-09-14T18:19:37.2164352Z 4b0b164c9bcd: Download complete
2026-09-14T18:19:37.2325544Z 36e0cf935aa6: Download complete
2026-09-14T18:19:37.2446003Z 36b8b7af114e: Verifying Checksum
2026-09-14T18:19:37.2659656Z 36b8b7af114e: Download complete
2026-09-14T18:19:37.2660723Z 5df7a8bf57f1: Verifying Checksum
2026-09-14T18:19:37.2661784Z 5df7a8bf57f1: Download complete
2026-09-14T18:19:37.6204649Z 5d95d2afb8ab: Verifying Checksum
2026-09-14T18:19:37.6205424Z 5d95d2afb8ab: Download complete
2026-09-14T18:19:38.2765935Z d7ecded7702a: Pull complete
2026-09-14T18:19:38.5948197Z d95a46ea6a60: Pull complete
2026-09-14T18:19:38.7710239Z df684e12be42: Pull complete
2026-09-14T18:19:38.8135694Z baf316c053aa: Pull complete
2026-09-14T18:19:39.1304656Z b3ec056f36c4: Pull complete
2026-09-14T18:19:39.2151611Z f9f6c3699755: Pull complete
2026-09-14T18:19:39.2242668Z 30854ed26966: Pull complete
2026-09-14T18:19:39.2356743Z 639bc10553ca: Pull complete
2026-09-14T18:19:42.2531837Z 5d95d2afb8ab: Pull complete
2026-09-14T18:19:42.2694513Z 0424836d8a95: Pull complete
2026-09-14T18:19:42.2792280Z 4b0b164c9bcd: Pull complete
2026-09-14T18:19:42.2885339Z 36e0cf935aa6: Pull complete
2026-09-14T18:19:42.2987026Z 36b8b7af114e: Pull complete
2026-09-14T18:19:42.3094262Z 5df7a8bf57f1: Pull complete
2026-09-14T18:19:42.3132181Z Digest: sha256:00bc86618629af00d2937fdc5a5d63db3ff8450acf52f0636ec813c7f4902929
2026-09-14T18:19:42.3142332Z Status: Downloaded newer image for postgres:17.6
2026-09-14T18:19:42.3150509Z docker.io/library/postgres:17.6
2026-09-14T18:19:42.3213362Z ##[command]/usr/bin/docker create --name 9335ad3af253495babaa910c4b325824_postgres176_b80859 --label 2a3388 --network github_network_9e1e6796918a497682c5a74214ef854b --network-alias postgres -p 5432:5432 --health-cmd "pg_isready -U postgres" --health-interval 5s --health-timeout 5s --health-retries 10 -e "POSTGRES_PASSWORD=mip-disposable-ci-only" -e GITHUB_ACTIONS=true -e CI=true postgres:17.6
2026-09-14T18:19:42.3484892Z 88d1c3b91351f318bdf852584f72288d0a8395bff15d3dc2ebef66e23d938585
2026-09-14T18:19:42.3510307Z ##[command]/usr/bin/docker start 88d1c3b91351f318bdf852584f72288d0a8395bff15d3dc2ebef66e23d938585
2026-09-14T18:19:42.9843062Z 88d1c3b91351f318bdf852584f72288d0a8395bff15d3dc2ebef66e23d938585
2026-09-14T18:19:42.9868268Z ##[command]/usr/bin/docker ps --all --filter id=88d1c3b91351f318bdf852584f72288d0a8395bff15d3dc2ebef66e23d938585 --filter status=running --no-trunc --format "{{.ID}} {{.Status}}"
2026-09-14T18:19:43.0008045Z 88d1c3b91351f318bdf852584f72288d0a8395bff15d3dc2ebef66e23d938585 Up Less than a second (health: starting)
2026-09-14T18:19:43.0034037Z ##[command]/usr/bin/docker port 88d1c3b91351f318bdf852584f72288d0a8395bff15d3dc2ebef66e23d938585
2026-09-14T18:19:43.0262582Z 5432/tcp -> 0.0.0.0:5432
2026-09-14T18:19:43.0263107Z 5432/tcp -> [::]:5432
2026-09-14T18:19:43.0314419Z ##[endgroup]
2026-09-14T18:19:43.0323346Z ##[group]Waiting for all services to be ready
2026-09-14T18:19:43.0337693Z ##[command]/usr/bin/docker inspect --format="{{if .Config.Healthcheck}}{{print .State.Health.Status}}{{end}}" 88d1c3b91351f318bdf852584f72288d0a8395bff15d3dc2ebef66e23d938585
2026-09-14T18:19:43.0485478Z starting
2026-09-14T18:19:43.0508431Z postgres service is starting, waiting 2 seconds before checking again.
2026-09-14T18:19:45.0511670Z ##[command]/usr/bin/docker inspect --format="{{if .Config.Healthcheck}}{{print .State.Health.Status}}{{end}}" 88d1c3b91351f318bdf852584f72288d0a8395bff15d3dc2ebef66e23d938585
2026-09-14T18:19:45.0647538Z starting
2026-09-14T18:19:45.0661109Z postgres service is starting, waiting 3 seconds before checking again.
2026-09-14T18:19:48.8459667Z ##[command]/usr/bin/docker inspect --format="{{if .Config.Healthcheck}}{{print .State.Health.Status}}{{end}}" 88d1c3b91351f318bdf852584f72288d0a8395bff15d3dc2ebef66e23d938585
2026-09-14T18:19:48.8585881Z healthy
2026-09-14T18:19:48.8602877Z postgres service is healthy.
2026-09-14T18:19:48.8603331Z ##[endgroup]
2026-09-14T18:19:48.8973870Z ##[group]Run actions/checkout@v7.0.1
2026-09-14T18:19:48.8974497Z with:
2026-09-14T18:19:48.8974797Z   repository: jkelsen13-tech/media-intelligence-platform-v2
2026-09-14T18:19:48.8977315Z   token: ***
2026-09-14T18:19:48.8977516Z   ssh-strict: true
2026-09-14T18:19:48.8977721Z   ssh-user: git
2026-09-14T18:19:48.8977925Z   persist-credentials: true
2026-09-14T18:19:48.8978147Z   clean: true
2026-09-14T18:19:48.8978350Z   sparse-checkout-cone-mode: true
2026-09-14T18:19:48.8978611Z   fetch-depth: 1
2026-09-14T18:19:48.8978801Z   fetch-tags: false
2026-09-14T18:19:48.8979237Z   show-progress: true
2026-09-14T18:19:48.8979435Z   lfs: false
2026-09-14T18:19:48.8979612Z   submodules: false
2026-09-14T18:19:48.8979808Z   set-safe-directory: true
2026-09-14T18:19:48.8980039Z   allow-unsafe-pr-checkout: false
2026-09-14T18:19:48.8980543Z ##[endgroup]
2026-09-14T18:19:49.0047897Z Syncing repository: jkelsen13-tech/media-intelligence-platform-v2
2026-09-14T18:19:49.0050594Z ##[group]Getting Git version info
2026-09-14T18:19:49.0051481Z Working directory is '/home/runner/work/media-intelligence-platform-v2/media-intelligence-platform-v2'
2026-09-14T18:19:49.0052596Z [command]/usr/bin/git version
2026-09-14T18:19:49.0181444Z git version 2.55.0
2026-09-14T18:19:49.0202932Z ##[endgroup]
2026-09-14T18:19:49.0217433Z Temporarily overriding HOME='/home/runner/work/_temp/7a6b7c80-0627-43f3-92b9-32de0b3bf6e7' before making global git config changes
2026-09-14T18:19:49.0219454Z Adding repository directory to the temporary git global config as a safe directory
2026-09-14T18:19:49.0224462Z [command]/usr/bin/git config --global --add safe.directory /home/runner/work/media-intelligence-platform-v2/media-intelligence-platform-v2
2026-09-14T18:19:49.0280583Z Deleting the contents of '/home/runner/work/media-intelligence-platform-v2/media-intelligence-platform-v2'
2026-09-14T18:19:49.0283958Z ##[group]Determining repository object format
2026-09-14T18:19:49.0285454Z ##[endgroup]
2026-09-14T18:19:49.0286190Z ##[group]Initializing the repository
2026-09-14T18:19:49.0290273Z [command]/usr/bin/git init /home/runner/work/media-intelligence-platform-v2/media-intelligence-platform-v2
2026-09-14T18:19:49.0435871Z hint: Using 'master' as the name for the initial branch. This default branch name
2026-09-14T18:19:49.0437218Z hint: will change to "main" in Git 3.0. To configure the initial branch name
2026-09-14T18:19:49.0439484Z hint: to use in all of your new repositories, which will suppress this warning,
2026-09-14T18:19:49.0440485Z hint: call:
2026-09-14T18:19:49.0440861Z hint:
2026-09-14T18:19:49.0441322Z hint: 	git config --global init.defaultBranch <name>
2026-09-14T18:19:49.0441881Z hint:
2026-09-14T18:19:49.0442359Z hint: Names commonly chosen instead of 'master' are 'main', 'trunk' and
2026-09-14T18:19:49.0443374Z hint: 'development'. The just-created branch can be renamed via this command:
2026-09-14T18:19:49.0444046Z hint:
2026-09-14T18:19:49.0444368Z hint: 	git branch -m <name>
2026-09-14T18:19:49.0444762Z hint:
2026-09-14T18:19:49.0445289Z hint: Disable this message with "git config set advice.defaultBranchName false"
2026-09-14T18:19:49.0446549Z Initialized empty Git repository in /home/runner/work/media-intelligence-platform-v2/media-intelligence-platform-v2/.git/
2026-09-14T18:19:49.0454779Z [command]/usr/bin/git remote add origin https://github.com/jkelsen13-tech/media-intelligence-platform-v2
2026-09-14T18:19:49.0512970Z ##[endgroup]
2026-09-14T18:19:49.0513600Z ##[group]Disabling automatic garbage collection
2026-09-14T18:19:49.0516213Z [command]/usr/bin/git config --local gc.auto 0
2026-09-14T18:19:49.0551468Z ##[endgroup]
2026-09-14T18:19:49.0552668Z ##[group]Setting up auth
2026-09-14T18:19:49.0553541Z Removing SSH command configuration
2026-09-14T18:19:49.0559176Z [command]/usr/bin/git config --local --name-only --get-regexp core\.sshCommand
2026-09-14T18:19:49.0602083Z [command]/usr/bin/git submodule foreach --recursive sh -c "git config --local --name-only --get-regexp 'core\.sshCommand' && git config --local --unset-all 'core.sshCommand' || :"
2026-09-14T18:19:49.1041839Z Removing HTTP extra header
2026-09-14T18:19:49.1047352Z [command]/usr/bin/git config --local --name-only --get-regexp http\.https\:\/\/github\.com\/\.extraheader
2026-09-14T18:19:49.1085238Z [command]/usr/bin/git submodule foreach --recursive sh -c "git config --local --name-only --get-regexp 'http\.https\:\/\/github\.com\/\.extraheader' && git config --local --unset-all 'http.https://github.com/.extraheader' || :"
2026-09-14T18:19:49.1311062Z Removing includeIf entries pointing to credentials config files
2026-09-14T18:19:49.1316242Z [command]/usr/bin/git config --local --name-only --get-regexp ^includeIf\.gitdir:
2026-09-14T18:19:49.1352661Z [command]/usr/bin/git submodule foreach --recursive git config --local --show-origin --name-only --get-regexp remote.origin.url
2026-09-14T18:19:49.1588065Z [command]/usr/bin/git config --file /home/runner/work/_temp/git-credentials-913e6d71-6b51-4e3d-9c63-9588ed3e4996.config http.https://github.com/.extraheader AUTHORIZATION: basic ***
2026-09-14T18:19:49.1646409Z [command]/usr/bin/git config --local includeIf.gitdir:/home/runner/work/media-intelligence-platform-v2/media-intelligence-platform-v2/.git.path /home/runner/work/_temp/git-credentials-913e6d71-6b51-4e3d-9c63-9588ed3e4996.config
2026-09-14T18:19:49.1706091Z [command]/usr/bin/git config --local includeIf.gitdir:/home/runner/work/media-intelligence-platform-v2/media-intelligence-platform-v2/.git/worktrees/*.path /home/runner/work/_temp/git-credentials-913e6d71-6b51-4e3d-9c63-9588ed3e4996.config
2026-09-14T18:19:49.1732920Z [command]/usr/bin/git config --local includeIf.gitdir:/github/workspace/.git.path /github/runner_temp/git-credentials-913e6d71-6b51-4e3d-9c63-9588ed3e4996.config
2026-09-14T18:19:49.1776309Z [command]/usr/bin/git config --local includeIf.gitdir:/github/workspace/.git/worktrees/*.path /github/runner_temp/git-credentials-913e6d71-6b51-4e3d-9c63-9588ed3e4996.config
2026-09-14T18:19:49.1811220Z ##[endgroup]
2026-09-14T18:19:49.1812267Z ##[group]Fetching the repository
2026-09-14T18:19:49.1819957Z [command]/usr/bin/git -c protocol.version=2 fetch --no-tags --prune --no-recurse-submodules --depth=1 origin +c3777558f6f1851624fef9099655638ac0537817:refs/remotes/pull/173/merge
2026-09-14T18:19:49.7645300Z From https://github.com/jkelsen13-tech/media-intelligence-platform-v2
2026-09-14T18:19:49.7645951Z  * [new ref]         c3777558f6f1851624fef9099655638ac0537817 -> pull/173/merge
2026-09-14T18:19:49.7651938Z ##[endgroup]
2026-09-14T18:19:49.7652645Z ##[group]Determining the checkout info
2026-09-14T18:19:49.7653306Z ##[endgroup]
2026-09-14T18:19:49.7658547Z [command]/usr/bin/git sparse-checkout disable
2026-09-14T18:19:49.7715263Z [command]/usr/bin/git config --local --unset-all extensions.worktreeConfig
2026-09-14T18:19:49.7747818Z ##[group]Checking out the ref
2026-09-14T18:19:49.7760344Z [command]/usr/bin/git checkout --progress --force refs/remotes/pull/173/merge
2026-09-14T18:19:49.9091234Z Note: switching to 'refs/remotes/pull/173/merge'.
2026-09-14T18:19:49.9092312Z 
2026-09-14T18:19:49.9101964Z You are in 'detached HEAD' state. You can look around, make experimental
2026-09-14T18:19:49.9102573Z changes and commit them, and you can discard any commits you make in this
2026-09-14T18:19:49.9103117Z state without impacting any branches by switching back to a branch.
2026-09-14T18:19:49.9103415Z 
2026-09-14T18:19:49.9103634Z If you want to create a new branch to retain commits you create, you may
2026-09-14T18:19:49.9104125Z do so (now or later) by using -c with the switch command. Example:
2026-09-14T18:19:49.9104445Z 
2026-09-14T18:19:49.9104640Z   git switch -c <new-branch-name>
2026-09-14T18:19:49.9104920Z 
2026-09-14T18:19:49.9105035Z Or undo this operation with:
2026-09-14T18:19:49.9105208Z 
2026-09-14T18:19:49.9105294Z   git switch -
2026-09-14T18:19:49.9105431Z 
2026-09-14T18:19:49.9105645Z Turn off this advice by setting config variable advice.detachedHead to false
2026-09-14T18:19:49.9105969Z 
2026-09-14T18:19:49.9106588Z HEAD is now at c377755 Merge 16538986a4ae0f62ef4b2b2dd223643dc1ff5dd7 into e973a2a4fa413c452e8ab48800587a248be3eb4f
2026-09-14T18:19:49.9108647Z ##[endgroup]
2026-09-14T18:19:49.9157756Z [command]/usr/bin/git log -1 --format=%H
2026-09-14T18:19:49.9187614Z c3777558f6f1851624fef9099655638ac0537817
2026-09-14T18:19:49.9444292Z ##[group]Run actions/setup-node@v7.0.0
2026-09-14T18:19:49.9444594Z with:
2026-09-14T18:19:49.9444783Z   node-version: 24
2026-09-14T18:19:49.9445007Z   check-latest: false
2026-09-14T18:19:49.9447325Z   token: ***
2026-09-14T18:19:49.9447547Z   package-manager-cache: true
2026-09-14T18:19:49.9447791Z ##[endgroup]
2026-09-14T18:19:50.0788481Z Found in cache @ /opt/hostedtoolcache/node/24.20.0/x64
2026-09-14T18:19:50.0792251Z ##[group]Environment details
2026-09-14T18:19:52.3589960Z node: v24.20.0
2026-09-14T18:19:52.3590382Z npm: 11.19.0
2026-09-14T18:19:52.3590876Z yarn: 1.22.22
2026-09-14T18:19:52.3591906Z ##[endgroup]
2026-09-14T18:19:52.3734552Z ##[group]Run npm ci --ignore-scripts --no-audit
2026-09-14T18:19:52.3734983Z [36;1mnpm ci --ignore-scripts --no-audit[0m
2026-09-14T18:19:52.3821462Z shell: /usr/bin/bash -e {0}
2026-09-14T18:19:52.3821752Z ##[endgroup]
2026-09-14T18:20:03.3019311Z 
2026-09-14T18:20:03.3028065Z added 206 packages in 11s
2026-09-14T18:20:03.3028449Z 
2026-09-14T18:20:03.3028788Z 17 packages are looking for funding
2026-09-14T18:20:03.3029660Z   run `npm fund` for details
2026-09-14T18:20:03.3826078Z ##[group]Run docker pull node:24-alpine
2026-09-14T18:20:03.3826468Z [36;1mdocker pull node:24-alpine[0m
2026-09-14T18:20:03.3864405Z shell: /usr/bin/bash -e {0}
2026-09-14T18:20:03.3864670Z ##[endgroup]
2026-09-14T18:20:03.6431608Z 24-alpine: Pulling from library/node
2026-09-14T18:20:03.7185900Z 55afa1ecc21d: Already exists
2026-09-14T18:20:03.7202833Z bc66c3ef2ea3: Pulling fs layer
2026-09-14T18:20:03.7205738Z e2c9c68d0d93: Pulling fs layer
2026-09-14T18:20:03.7210130Z c45bfe2a2e42: Pulling fs layer
2026-09-14T18:20:03.7471082Z c45bfe2a2e42: Verifying Checksum
2026-09-14T18:20:03.7474430Z c45bfe2a2e42: Download complete
2026-09-14T18:20:03.7620271Z e2c9c68d0d93: Verifying Checksum
2026-09-14T18:20:03.7621079Z e2c9c68d0d93: Download complete
2026-09-14T18:20:03.9590697Z bc66c3ef2ea3: Verifying Checksum
2026-09-14T18:20:03.9600263Z bc66c3ef2ea3: Download complete
2026-09-14T18:20:06.2510834Z bc66c3ef2ea3: Pull complete
2026-09-14T18:20:06.3071238Z e2c9c68d0d93: Pull complete
2026-09-14T18:20:06.3193252Z c45bfe2a2e42: Pull complete
2026-09-14T18:20:06.3233452Z Digest: sha256:50c8e8ca1d27439048670df5883f32d57cf81cff6233222c893fd0d9884cbd81
2026-09-14T18:20:06.3245630Z Status: Downloaded newer image for node:24-alpine
2026-09-14T18:20:06.3254248Z docker.io/library/node:24-alpine
2026-09-14T18:20:06.3339465Z ##[group]Run node verifier/hypothesis-worker/prepareLogical.mjs
2026-09-14T18:20:06.3339998Z [36;1mnode verifier/hypothesis-worker/prepareLogical.mjs[0m
2026-09-14T18:20:06.3377647Z shell: /usr/bin/bash -e {0}
2026-09-14T18:20:06.3377901Z env:
2026-09-14T18:20:06.3378147Z   MIP_DISPOSABLE_POSTGRES: comparison-qualification
2026-09-14T18:20:06.3378651Z   MIP_POSTGRES_SERVICE_ID: 88d1c3b91351f318bdf852584f72288d0a8395bff15d3dc2ebef66e23d938585
2026-09-14T18:20:06.3379366Z ##[endgroup]
2026-09-14T18:20:07.0807240Z MIP_DISPOSABLE_METADATA_DECODING_READY
2026-09-14T18:20:07.0900084Z ##[group]Run node --test --test-concurrency=1 verifier/hypothesis-worker/*.test.mjs
2026-09-14T18:20:07.0901233Z [36;1mnode --test --test-concurrency=1 verifier/hypothesis-worker/*.test.mjs[0m
2026-09-14T18:20:07.0956580Z shell: /usr/bin/bash -e {0}
2026-09-14T18:20:07.0957011Z env:
2026-09-14T18:20:07.0957443Z   MIP_DISPOSABLE_POSTGRES: comparison-qualification
2026-09-14T18:20:07.0958330Z   MIP_POSTGRES_SERVICE_ID: 88d1c3b91351f318bdf852584f72288d0a8395bff15d3dc2ebef66e23d938585
2026-09-14T18:20:07.0959458Z ##[endgroup]
2026-09-14T18:20:09.3477896Z ▶ synthetic commit recorder uses existing encrypted remote journal and actual isolated process restart
2026-09-14T18:20:09.3479742Z   ✔ exact replay succeeds; changed metadata cannot replace retained commit (415.293066ms)
2026-09-14T18:20:09.5925650Z   ✔ comparison worker cannot read recorder runtime; recorder has no producer enqueue capability (244.795959ms)
2026-09-14T18:20:10.6177388Z   ✔ process killed after put resumes exact retained metadata with fresh session (1025.373075ms)
2026-09-14T18:20:11.6614151Z   ✔ process killed after get resumes exact retained metadata with fresh session (1043.374867ms)
2026-09-14T18:20:12.7963415Z   ✔ process killed after ack resumes exact retained metadata with fresh session (1134.514428ms)
2026-09-14T18:20:12.9948846Z   ✔ revoked current mapping prevents replay acknowledgement and preserves stranded record (198.58475ms)
2026-09-14T18:20:13.0471228Z ✔ synthetic commit recorder uses existing encrypted remote journal and actual isolated process restart (5856.983855ms)
2026-09-14T18:20:21.3116016Z ▶ isolated hypothesis generation authority, retained computation and restart package
2026-09-14T18:20:21.3117066Z   ▶ consistent exported snapshot bootstrap isolation
2026-09-14T18:20:21.3118378Z     ✔ exported native snapshot excludes a commit made while its imported reader waits; stream includes it exactly (1.791441ms)
2026-09-14T18:20:21.4700614Z     ✔ missing bootstrap denies actual stream acknowledgement without moving the slot (157.729862ms)
2026-09-14T18:20:22.6209232Z     ✔ exact durable bootstrap gates actual fenced native advancement and survives exporter closure (1151.185242ms)
2026-09-14T18:20:22.6592709Z     ✔ closed export cannot be imported as a fresh snapshot or used to fabricate a new observation (38.537657ms)
2026-09-14T18:20:22.7001178Z   ✔ consistent exported snapshot bootstrap isolation (5608.11867ms)
2026-09-14T18:20:26.0976420Z   ▶ actual pgoutput metadata-to-durable-recorder isolation
2026-09-14T18:20:26.0978245Z     ✔ source acknowledgement roles cannot self-grant permits, mutate bindings or inherit replication ownership (3193.784269ms)
2026-09-14T18:20:28.8782180Z     ✔ source acknowledgement rejects an uncommitted permit even in a privileged multi-role test transaction (2780.544665ms)
2026-09-14T18:20:32.0064512Z     ✔ slot advancement survives SQL rollback; committed permit remains and exact retry reconciles lost receipt (3126.527049ms)
2026-09-14T18:20:35.0168468Z     ✔ acknowledgement locks first: actual advancement completes and source revocation waits (3011.019787ms)
2026-09-14T18:20:37.8900203Z     ✔ source revocation commits first: waiting acknowledgement denies without advancing or deleting its permit (2873.012651ms)
2026-09-14T18:20:40.0442053Z     ✔ actual pgoutput contains exact revision metadata and no assessment/source body fields (40.165946ms)
2026-09-14T18:20:40.1229707Z     ✔ incomplete native delivery leaves slot position unchanged and makes no acknowledgement (78.201142ms)
2026-09-14T18:20:41.5463364Z     ✔ actual slot advancement follows durable exact metadata; lost acknowledgement replays without changing evidence (1423.775374ms)
2026-09-14T18:20:43.7010399Z     ✔ revoked recorder mapping denies a new native delivery and retains unacknowledged source work (2154.543674ms)
2026-09-14T18:20:43.7401238Z   ✔ actual pgoutput metadata-to-durable-recorder isolation (21042.342724ms)
2026-09-14T18:20:51.5403819Z   ▶ source-captured contiguous metadata coverage isolation
2026-09-14T18:20:51.5405593Z     ✔ source captures only the next native transaction and chains exact reconciled revision IDs (7706.643646ms)
2026-09-14T18:20:56.1962252Z     ✔ source permit rejects a skipped transaction even with genuine later native metadata (4655.786664ms)
2026-09-14T18:21:00.8093530Z     ✔ rolled-back coverage receipt recovers native advancement with committed capture and fresh session (4612.54293ms)
2026-09-14T18:21:06.3073308Z     ✔ slot movement outside the protocol denies progress and preserves the captured transaction (5497.757254ms)
2026-09-14T18:21:09.7751430Z     ✔ slot loss denies recovery without deleting source captures or fabricating continuity (3467.685844ms)
2026-09-14T18:21:13.2474738Z     ✔ publication expansion and revoked source authority fail closed before new capture (3471.952834ms)
2026-09-14T18:21:14.1076594Z     ✔ current interface removes unbound advancement and denies direct coverage writes (860.205132ms)
2026-09-14T18:21:20.0612376Z     ✔ paged native snapshot excludes between-page commits and its complete manifest gates covered stream advancement (5954.608401ms)
2026-09-14T18:21:25.4757769Z     ▶ native source incarnation registration isolation
2026-09-14T18:21:25.4763269Z       ✔ explicit registration permits covered completion and fresh-session exact receipt replay (5363.69066ms)
2026-09-14T18:21:30.5975408Z       ✔ missing or mismatched external pin denies capture, preparation and receipt replay (5121.266557ms)
2026-09-14T18:21:32.7302293Z       ✔ simulated cluster, database-object and startup mismatches deny native capture without rewriting history (2132.818913ms)
2026-09-14T18:21:33.8151748Z       ✔ registration is immutable and gateways cannot inspect control data or bypass the incarnation interface (1084.55255ms)
2026-09-14T18:21:37.3078211Z       ✔ incarnation-bound advancement locks first and source revocation waits (3492.406453ms)
2026-09-14T18:21:40.8759667Z       ✔ source revocation locks first and incarnation-bound advancement rejects without a checkpoint (3567.807703ms)
2026-09-14T18:21:49.6742287Z       ✔ external encrypted custody gates the actual incarnation capture, prepare and advance flow (8797.924775ms)
2026-09-14T18:21:54.4949266Z       ✔ actual database clone preserves source records but cannot reuse the original configured source binding (4821.120775ms)
2026-09-14T18:21:59.0431090Z       ✔ actual database server restart preserves durable work but denies old incarnation acceptance after fresh authentication (4548.59569ms)
2026-09-14T18:21:59.0436206Z     ✔ native source incarnation registration isolation (38981.678523ms)
2026-09-14T18:22:07.4759459Z     ▶ registered v2 marker authority integration
2026-09-14T18:22:07.4760347Z       ✔ authorized marker closes empty revision interval through custody and actual narrow gateways (8298.689586ms)
2026-09-14T18:22:19.4893553Z       ✔ actual open revision across consumed marker commits later and is captured before next marker (12013.524971ms)
2026-09-14T18:22:26.5768553Z       ✔ rollback of authorized issuer or open revision never manufactures marker or revision coverage (7087.286687ms)
2026-09-14T18:22:40.7275863Z       ✔ intervening transactions cannot be skipped or relabelled as marker (14150.269477ms)
2026-09-14T18:22:49.8897051Z       ✔ binding-filtered concurrent streams never consume another binding marker (9161.919498ms)
2026-09-14T18:22:55.3082734Z       ✔ lost source responses reuse exact issue and capture rather than launching new identities (5418.342938ms)
2026-09-14T18:23:03.1650071Z       ✔ lost prepare and advance responses replay exact retained permits and checkpoints (7856.702962ms)
2026-09-14T18:23:22.8388310Z       ✔ missing bootstrap or mutated custody readback prevents source permits and slot advancement (19673.564186ms)
2026-09-14T18:23:29.1322221Z       ✔ rolled-back SQL receipt after native advance recovers exact retained capture and permit (6293.215849ms)
2026-09-14T18:23:34.4135384Z       ✔ changed publication filter, stale registration and wrong incarnation fail closed (5280.835071ms)
2026-09-14T18:23:41.1691187Z       ✔ revoked source cannot issue, capture, prepare or replay an advanced result (6755.567029ms)
2026-09-14T18:23:45.6571353Z       ✔ source revocation locks first and custody-bound advance denies without a checkpoint (4487.82392ms)
2026-09-14T18:23:51.5426300Z       ✔ custody-bound source advancement holds revocation fence until committed (5885.291244ms)
2026-09-14T18:23:56.7680440Z       ✔ slot loss leaves retained delivery and source records, with no fabricated recovery (5225.194143ms)
2026-09-14T18:24:07.1771424Z       ✔ slot recreation or external native advancement cannot inherit registered coverage (10408.818912ms)
2026-09-14T18:24:16.0491485Z       ✔ source mapping revocation fences issuance, capture and prepared advancement (8871.854735ms)
2026-09-14T18:24:19.9642466Z       ✔ custody envelope pins are forwarded unchanged and independently rejected by source registration (3914.738731ms)
2026-09-14T18:24:25.4129472Z       ✔ registered v2 binding cannot downgrade into any legacy gateway or private implementation (5448.096675ms)
2026-09-14T18:24:30.2088030Z       ✔ legitimate v1 still succeeds and replays through guarded compatibility entrypoints after 022 (4796.311899ms)
2026-09-14T18:24:32.3889359Z       ✔ v1 publication contract and direct native/table privilege exclusions are preserved (2179.334847ms)
2026-09-14T18:24:59.8429980Z       ✔ internal retained prefix verifies actual native deliveries without granting application history authority (27453.504756ms)
2026-09-14T18:25:32.5224333Z       ✔ internal prefix rejects missing swapped omitted or corrupt retained basis and scope (32679.217782ms)
2026-09-14T18:25:56.1535411Z       ✔ retained integrity cannot substitute source revocation or current journal admission (23632.715409ms)
2026-09-14T18:26:20.5947677Z       ✔ sealed SQL intersects prefix before gateway delivery; direct gateway cannot escape into later same-investigation history (24379.980625ms)
2026-09-14T18:26:41.2375872Z       ✔ selected reader does not evaluate unrelated revision bindings and enforces selected cardinality (20643.158846ms)
2026-09-14T18:27:17.2340908Z       ✔ permit metadata has no payload; concurrent user quota and expiry-only cleanup remain table-blind (35995.381013ms)
2026-09-14T18:27:44.8055932Z       ✔ global quota serializes the final slot and cleanup skips locked expired rows (27572.427187ms)
2026-09-14T18:28:16.0109539Z       ✔ selected permission closures method freshness byte limits digest and pre-quota waits fail closed (31205.162822ms)
2026-09-14T18:28:52.1539277Z       ✔ verified Auth is inside admission; alternate valid member/investigation and caller identity fields cannot impersonate (36142.891685ms)
2026-09-14T18:28:53.4563847Z       ✔ permit scope is immutable; direct roles are disjoint; native owner RLS search_path and exact callable signatures are checked (1302.319667ms)
2026-09-14T18:29:19.4192551Z       ✔ same-transaction savepoint replay returns identical sealed payload without new receipt identity; new transaction and changed request deny (25962.256171ms)
2026-09-14T18:30:43.1255237Z       ✔ source/member revocation before admission deny; material revocation during delivery waits until snapshot completes (83706.041035ms)
2026-09-14T18:31:10.3341573Z Native saved-boundary failure: cooperative material/session expiry rolls back; expired JWT denies before admission AssertionError [ERR_ASSERTION]: The input did not match the regular expression /mip_boundary_delivery_aborted/. Input:
2026-09-14T18:31:10.3343214Z 
2026-09-14T18:31:10.3343509Z 'Error: mip_boundary_native_query_failed'
2026-09-14T18:31:10.3343733Z 
2026-09-14T18:31:10.3344047Z     at process.processTicksAndRejections (node:internal/process/task_queues:104:5)
2026-09-14T18:31:10.3348522Z     at async file:///home/runner/work/media-intelligence-platform-v2/media-intelligence-platform-v2/verifier/hypothesis-worker/savedBoundaryHistoryCases.mjs:314:5
2026-09-14T18:31:10.3352089Z     at async TestContext.<anonymous> (file:///home/runner/work/media-intelligence-platform-v2/media-intelligence-platform-v2/verifier/hypothesis-worker/savedBoundaryHistoryCases.mjs:58:14)
2026-09-14T18:31:10.3353353Z     at async Test.run (node:internal/test_runner/test:1404:7)
2026-09-14T18:31:10.3355065Z     at async savedBoundaryHistoryCases (file:///home/runner/work/media-intelligence-platform-v2/media-intelligence-platform-v2/verifier/hypothesis-worker/savedBoundaryHistoryCases.mjs:292:2)
2026-09-14T18:31:10.3357607Z     at async savedBoundaryPrefixCases (file:///home/runner/work/media-intelligence-platform-v2/media-intelligence-platform-v2/verifier/hypothesis-worker/savedBoundaryPrefixCases.mjs:60:2)
2026-09-14T18:31:10.3360345Z     at async boundaryIntegrationCases (file:///home/runner/work/media-intelligence-platform-v2/media-intelligence-platform-v2/verifier/hypothesis-worker/boundaryIntegrationCases.mjs:373:13)
2026-09-14T18:31:10.3362086Z     at async Test.run (node:internal/test_runner/test:1404:7)
2026-09-14T18:31:10.3363695Z     at async continuityCases (file:///home/runner/work/media-intelligence-platform-v2/media-intelligence-platform-v2/verifier/hypothesis-worker/continuityCases.mjs:189:13)
2026-09-14T18:31:10.3365206Z     at async Test.run (node:internal/test_runner/test:1404:7) {
2026-09-14T18:31:10.3365822Z   generatedMessage: true,
2026-09-14T18:31:10.3366221Z   code: 'ERR_ASSERTION',
2026-09-14T18:31:10.3366704Z   actual: Error: mip_boundary_native_query_failed
2026-09-14T18:31:10.3368192Z       at fail (file:///home/runner/work/media-intelligence-platform-v2/media-intelligence-platform-v2/verifier/hypothesis-worker/savedBoundaryHistoryCases.mjs:18:58)
2026-09-14T18:31:10.3370770Z       at Socket.<anonymous> (file:///home/runner/work/media-intelligence-platform-v2/media-intelligence-platform-v2/verifier/hypothesis-worker/savedBoundaryHistoryCases.mjs:22:61)
2026-09-14T18:31:10.3372235Z       at Socket.emit (node:events:514:28)
2026-09-14T18:31:10.3372848Z       at addChunk (node:internal/streams/readable:567:12)
2026-09-14T18:31:10.3373695Z       at readableAddChunkPushByteMode (node:internal/streams/readable:518:3)
2026-09-14T18:31:10.3374543Z       at Readable.push (node:internal/streams/readable:398:5)
2026-09-14T18:31:10.3375377Z       at Pipe.onStreamRead (node:internal/stream_base_commons:189:23),
2026-09-14T18:31:10.3376116Z   expected: /mip_boundary_delivery_aborted/,
2026-09-14T18:31:10.3376613Z   operator: 'rejects',
2026-09-14T18:31:10.3376986Z   diff: 'simple'
2026-09-14T18:31:10.3377323Z }
2026-09-14T18:31:10.3819308Z       ✖ cooperative material/session expiry rolls back; expired JWT denies before admission (27251.770617ms)
2026-09-14T18:33:23.8190927Z       ✔ hung delivery expires aborts and rolls back; malformed response keys never deliver; native field mutations deny (133442.516411ms)
2026-09-14T18:33:23.8201808Z     ✖ registered v2 marker authority integration (684775.968236ms)
2026-09-14T18:33:23.8204105Z   ✖ source-captured contiguous metadata coverage isolation (760078.815855ms)
2026-09-14T18:33:24.9140272Z   ▶ native marker boundary proof without source activation
2026-09-14T18:33:24.9141685Z     ✔ unrelated WAL and empty peek never prove coverage; committed native marker does (846.484005ms)
2026-09-14T18:33:27.5098647Z     ✔ open actual revision transaction survives consuming a later marker and decodes after commit (2595.541001ms)
2026-09-14T18:33:29.6903175Z     ✔ rolled-back actual revision and rolled-back marker produce no published transaction (2180.180744ms)
2026-09-14T18:33:32.5557323Z     ✔ intervening revision must be retained before requested marker and cannot decode as marker (2865.461871ms)
2026-09-14T18:33:32.9490766Z     ✔ fixture exact publication and no gateway marker grants; native source integration stays closed (393.162493ms)
2026-09-14T18:33:33.6301274Z     ✔ slot loss does not erase retained proof or grant source-recovery authority (680.621071ms)
2026-09-14T18:33:34.0166100Z     ✔ revoked journal mapping blocks retention; source WAL remains unacknowledged (385.878729ms)
2026-09-14T18:33:34.0168745Z   ✔ native marker boundary proof without source activation (10195.599746ms)
2026-09-14T18:33:37.4067412Z   ✔ configured synthetic client-handler-store-worker-review path uses native gateway transactions (3389.821037ms)
2026-09-14T18:33:39.3126026Z   ✔ atomic real retained-input capture; no caller source body or input hash accepted (1905.568558ms)
2026-09-14T18:33:41.5088244Z   ✔ separate worker table/function ownership, FORCE RLS and no escalation (2196.060621ms)
2026-09-14T18:33:43.1416549Z   ✔ closed CC source scope and missing permission never enter generation (1632.771959ms)
2026-09-14T18:33:45.0901103Z   ✔ wrong audience/subject/runtime, expired identity and cross-runtime session denied (1948.38014ms)
2026-09-14T18:33:46.8546087Z   ✔ revoked mapping and stale replacement cannot reuse a retained generation (1764.242474ms)
2026-09-14T18:33:50.2480870Z   ✔ source and evaluated-implementation revocation during processing strand work (3393.500623ms)
2026-09-14T18:33:51.9286539Z   ✔ revoked reviewer membership denies completion and retains processing (1680.177401ms)
2026-09-14T18:33:53.7338296Z   ✔ revoked method denies completion and cannot be reactivated under old revision (1805.012942ms)
2026-09-14T18:33:57.0128588Z   ✔ ineligible and out-of-runtime work cannot obstruct eligible investigation (3278.474336ms)
2026-09-14T18:34:00.2404741Z   ✔ rotating investigation selection advances an eligible later investigation (3227.658951ms)
2026-09-14T18:34:02.7491950Z   ✔ database independently rejects output source, method, rating, review and argument escalation (2508.828729ms)
2026-09-14T18:34:04.6579375Z   ✔ permission acceptance first: output/revision/ack/receipt commit, revocation waits (1908.035667ms)
2026-09-14T18:34:06.4598309Z   ✔ permission revocation first: output/revision/ack/receipt all reject (1802.237403ms)
2026-09-14T18:34:08.1853123Z   ✔ source correction during processing rejects stale retained generation (1724.789637ms)
2026-09-14T18:34:10.2425664Z   ✔ exact completion retry requires current authority and identical output (2057.396948ms)
2026-09-14T18:34:12.2403787Z   ✔ worker method mismatch is explicitly failed without invented assessment (1997.523943ms)
2026-09-14T18:34:14.0053812Z   ✔ expired lease does not requeue, force-cancel or accept completion (1765.069656ms)
2026-09-14T18:34:16.2734113Z   ✔ real container computes over retained spans with no broad credentials or network (2267.748777ms)
2026-09-14T18:34:19.0321007Z   ✔ actual termination/restart before_complete_commit recovers exact durable completion (2758.066351ms)
2026-09-14T18:34:21.7950103Z   ✔ actual termination/restart after_complete_commit recovers exact durable completion (2762.528242ms)
2026-09-14T18:34:24.3923708Z   ✔ actual lost claim response preserves stranded work; fresh process cannot invent lease (2597.701041ms)
2026-09-14T18:34:27.7501618Z   ✔ encrypted remote exact-content journal, scoped runtime, no plaintext and protocol separation (3357.27694ms)
2026-09-14T18:34:29.8782095Z   ✔ generated reassessment resolves exact human causes atomically and stays unreviewed/private (2128.17141ms)
2026-09-14T18:34:31.6834764Z   ✔ unselected retained input permissions still protect generated history and create causes (1805.182171ms)
2026-09-14T18:34:33.3647569Z   ✔ private operational ledger binds exact generation records and never returns lease secrets or source text (1680.765287ms)
2026-09-14T18:34:37.1637508Z   ✔ expired session cannot commit an idle receipt after waiting on a permission fence (3799.105101ms)
2026-09-14T18:34:38.9538029Z   ✔ capture acknowledgement can be recovered after the generation has completed (1789.546874ms)
2026-09-14T18:34:41.3367141Z   ✔ method replacement retains a distinct pending cause and explicit new-version reassessment (2382.82441ms)
2026-09-14T18:34:45.2256604Z   ✔ rolled-back method removal leaves no cause; committed removal retains cause and unrelated history (3888.920023ms)
2026-09-14T18:34:47.6809588Z   ✔ fresh-generation recovery preserves expired attempt and commits exact linked retry (2455.004728ms)
2026-09-14T18:34:51.3017378Z   ✔ recovery refuses wrong owner, scope, completed job and revoked input permission (3620.569489ms)
2026-09-14T18:34:53.2990377Z   ✔ recovery is atomic on rollback and inaccessible to the worker role (1997.368595ms)
2026-09-14T18:34:55.0565002Z   ✔ revoked signing key denies claim and completion despite an outstanding lease (1757.470795ms)
2026-09-14T18:34:55.1245628Z ✖ isolated hypothesis generation authority, retained computation and restart package (881966.183449ms)
2026-09-14T18:34:55.1425647Z ℹ tests 119
2026-09-14T18:34:55.1425933Z ℹ suites 0
2026-09-14T18:34:55.1426328Z ℹ pass 115
2026-09-14T18:34:55.1426691Z ℹ fail 4
2026-09-14T18:34:55.1427087Z ℹ cancelled 0
2026-09-14T18:34:55.1427482Z ℹ skipped 0
2026-09-14T18:34:55.1427864Z ℹ todo 0
2026-09-14T18:34:55.1428318Z ℹ duration_ms 888006.358947
2026-09-14T18:34:55.1441746Z 
2026-09-14T18:34:55.1442137Z ✖ failing tests:
2026-09-14T18:34:55.1442329Z 
2026-09-14T18:34:55.1442690Z test at verifier/hypothesis-worker/savedBoundaryHistoryCases.mjs:57:33
2026-09-14T18:34:55.1443569Z ✖ cooperative material/session expiry rolls back; expired JWT denies before admission (27251.770617ms)
2026-09-14T18:34:55.1444403Z   AssertionError [ERR_ASSERTION]: The input did not match the regular expression /mip_boundary_delivery_aborted/. Input:
2026-09-14T18:34:55.1444942Z   
2026-09-14T18:34:55.1445180Z   'Error: mip_boundary_native_query_failed'
2026-09-14T18:34:55.1445450Z   
2026-09-14T18:34:55.1446071Z       at process.processTicksAndRejections (node:internal/process/task_queues:104:5)
2026-09-14T18:34:55.1447189Z       at async file:///home/runner/work/media-intelligence-platform-v2/media-intelligence-platform-v2/verifier/hypothesis-worker/savedBoundaryHistoryCases.mjs:314:5
2026-09-14T18:34:55.1448696Z       at async TestContext.<anonymous> (file:///home/runner/work/media-intelligence-platform-v2/media-intelligence-platform-v2/verifier/hypothesis-worker/savedBoundaryHistoryCases.mjs:58:14)
2026-09-14T18:34:55.1450065Z       at async Test.run (node:internal/test_runner/test:1404:7)
2026-09-14T18:34:55.1451186Z       at async savedBoundaryHistoryCases (file:///home/runner/work/media-intelligence-platform-v2/media-intelligence-platform-v2/verifier/hypothesis-worker/savedBoundaryHistoryCases.mjs:292:2)
2026-09-14T18:34:55.1453419Z       at async savedBoundaryPrefixCases (file:///home/runner/work/media-intelligence-platform-v2/media-intelligence-platform-v2/verifier/hypothesis-worker/savedBoundaryPrefixCases.mjs:60:2)
2026-09-14T18:34:55.1455010Z       at async boundaryIntegrationCases (file:///home/runner/work/media-intelligence-platform-v2/media-intelligence-platform-v2/verifier/hypothesis-worker/boundaryIntegrationCases.mjs:373:13)
2026-09-14T18:34:55.1456220Z       at async Test.run (node:internal/test_runner/test:1404:7)
2026-09-14T18:34:55.1457581Z       at async continuityCases (file:///home/runner/work/media-intelligence-platform-v2/media-intelligence-platform-v2/verifier/hypothesis-worker/continuityCases.mjs:189:13)
2026-09-14T18:34:55.1458524Z       at async Test.run (node:internal/test_runner/test:1404:7) {
2026-09-14T18:34:55.1459411Z     generatedMessage: true,
2026-09-14T18:34:55.1459803Z     code: 'ERR_ASSERTION',
2026-09-14T18:34:55.1460309Z     actual: Error: mip_boundary_native_query_failed
2026-09-14T18:34:55.1461824Z         at fail (file:///home/runner/work/media-intelligence-platform-v2/media-intelligence-platform-v2/verifier/hypothesis-worker/savedBoundaryHistoryCases.mjs:18:58)
2026-09-14T18:34:55.1478335Z         at Socket.<anonymous> (file:///home/runner/work/media-intelligence-platform-v2/media-intelligence-platform-v2/verifier/hypothesis-worker/savedBoundaryHistoryCases.mjs:22:61)
2026-09-14T18:34:55.1479601Z         at Socket.emit (node:events:514:28)
2026-09-14T18:34:55.1479998Z         at addChunk (node:internal/streams/readable:567:12)
2026-09-14T18:34:55.1480494Z         at readableAddChunkPushByteMode (node:internal/streams/readable:518:3)
2026-09-14T18:34:55.1481002Z         at Readable.push (node:internal/streams/readable:398:5)
2026-09-14T18:34:55.1481706Z         at Pipe.onStreamRead (node:internal/stream_base_commons:189:23),
2026-09-14T18:34:55.1482168Z     expected: /mip_boundary_delivery_aborted/,
2026-09-14T18:34:55.1482476Z     operator: 'rejects',
2026-09-14T18:34:55.1482715Z     diff: 'simple'
2026-09-14T18:34:55.1482913Z   }
2026-09-14T18:34:55.1516353Z ##[error]Process completed with exit code 1.
2026-09-14T18:34:55.1633805Z Post job cleanup.
2026-09-14T18:34:55.2502077Z [command]/usr/bin/git version
2026-09-14T18:34:55.2561482Z git version 2.55.0
2026-09-14T18:34:55.2619182Z Temporarily overriding HOME='/home/runner/work/_temp/8a30ed44-0a95-4a9e-a0ae-9ba66012391b' before making global git config changes
2026-09-14T18:34:55.2620693Z Adding repository directory to the temporary git global config as a safe directory
2026-09-14T18:34:55.2622289Z [command]/usr/bin/git config --global --add safe.directory /home/runner/work/media-intelligence-platform-v2/media-intelligence-platform-v2
2026-09-14T18:34:55.2675338Z Removing SSH command configuration
2026-09-14T18:34:55.2676091Z [command]/usr/bin/git config --local --name-only --get-regexp core\.sshCommand
2026-09-14T18:34:55.2726201Z [command]/usr/bin/git submodule foreach --recursive sh -c "git config --local --name-only --get-regexp 'core\.sshCommand' && git config --local --unset-all 'core.sshCommand' || :"
2026-09-14T18:34:55.2987720Z Removing HTTP extra header
2026-09-14T18:34:55.2995578Z [command]/usr/bin/git config --local --name-only --get-regexp http\.https\:\/\/github\.com\/\.extraheader
2026-09-14T18:34:55.3045528Z [command]/usr/bin/git submodule foreach --recursive sh -c "git config --local --name-only --get-regexp 'http\.https\:\/\/github\.com\/\.extraheader' && git config --local --unset-all 'http.https://github.com/.extraheader' || :"
2026-09-14T18:34:55.3355614Z Removing includeIf entries pointing to credentials config files
2026-09-14T18:34:55.3356891Z [command]/usr/bin/git config --local --name-only --get-regexp ^includeIf\.gitdir:
2026-09-14T18:34:55.3378272Z includeif.gitdir:/home/runner/work/media-intelligence-platform-v2/media-intelligence-platform-v2/.git.path
2026-09-14T18:34:55.3400675Z includeif.gitdir:/home/runner/work/media-intelligence-platform-v2/media-intelligence-platform-v2/.git/worktrees/*.path
2026-09-14T18:34:55.3402757Z includeif.gitdir:/github/workspace/.git.path
2026-09-14T18:34:55.3403847Z includeif.gitdir:/github/workspace/.git/worktrees/*.path
2026-09-14T18:34:55.3408340Z [command]/usr/bin/git config --local --get-all includeif.gitdir:/home/runner/work/media-intelligence-platform-v2/media-intelligence-platform-v2/.git.path
2026-09-14T18:34:55.3425040Z /home/runner/work/_temp/git-credentials-913e6d71-6b51-4e3d-9c63-9588ed3e4996.config
2026-09-14T18:34:55.3460020Z [command]/usr/bin/git config --local --unset includeif.gitdir:/home/runner/work/media-intelligence-platform-v2/media-intelligence-platform-v2/.git.path \/home\/runner\/work\/_temp\/git\-credentials\-913e6d71\-6b51\-4e3d\-9c63\-9588ed3e4996\.config
2026-09-14T18:34:55.3505530Z [command]/usr/bin/git config --local --get-all includeif.gitdir:/home/runner/work/media-intelligence-platform-v2/media-intelligence-platform-v2/.git/worktrees/*.path
2026-09-14T18:34:55.3543997Z /home/runner/work/_temp/git-credentials-913e6d71-6b51-4e3d-9c63-9588ed3e4996.config
2026-09-14T18:34:55.3560831Z [command]/usr/bin/git config --local --unset includeif.gitdir:/home/runner/work/media-intelligence-platform-v2/media-intelligence-platform-v2/.git/worktrees/*.path \/home\/runner\/work\/_temp\/git\-credentials\-913e6d71\-6b51\-4e3d\-9c63\-9588ed3e4996\.config
2026-09-14T18:34:55.3622238Z [command]/usr/bin/git config --local --get-all includeif.gitdir:/github/workspace/.git.path
2026-09-14T18:34:55.3640475Z /github/runner_temp/git-credentials-913e6d71-6b51-4e3d-9c63-9588ed3e4996.config
2026-09-14T18:34:55.3662958Z [command]/usr/bin/git config --local --unset includeif.gitdir:/github/workspace/.git.path \/github\/runner_temp\/git\-credentials\-913e6d71\-6b51\-4e3d\-9c63\-9588ed3e4996\.config
2026-09-14T18:34:55.3719747Z [command]/usr/bin/git config --local --get-all includeif.gitdir:/github/workspace/.git/worktrees/*.path
2026-09-14T18:34:55.3750683Z /github/runner_temp/git-credentials-913e6d71-6b51-4e3d-9c63-9588ed3e4996.config
2026-09-14T18:34:55.3767529Z [command]/usr/bin/git config --local --unset includeif.gitdir:/github/workspace/.git/worktrees/*.path \/github\/runner_temp\/git\-credentials\-913e6d71\-6b51\-4e3d\-9c63\-9588ed3e4996\.config
2026-09-14T18:34:55.3808424Z [command]/usr/bin/git submodule foreach --recursive git config --local --show-origin --name-only --get-regexp remote.origin.url
2026-09-14T18:34:55.4066601Z Removing credentials config '/home/runner/work/_temp/git-credentials-913e6d71-6b51-4e3d-9c63-9588ed3e4996.config'
2026-09-14T18:34:55.4188600Z Print service container logs: 9335ad3af253495babaa910c4b325824_postgres176_b80859
2026-09-14T18:34:55.4193415Z ##[command]/usr/bin/docker logs --details 88d1c3b91351f318bdf852584f72288d0a8395bff15d3dc2ebef66e23d938585
2026-09-14T18:34:55.4323520Z  The files belonging to this database system will be owned by user "postgres".
2026-09-14T18:34:55.4326617Z  initdb: warning: enabling "trust" authentication for local connections
2026-09-14T18:34:55.4327386Z  initdb: hint: You can change this by editing pg_hba.conf or using the option -A, or --auth-local and --auth-host, the next time you run initdb.
2026-09-14T18:34:55.4328400Z  2026-09-14 18:19:43.865 UTC [1] LOG:  starting PostgreSQL 17.6 (Debian 17.6-2.pgdg13+1) on x86_64-pc-linux-gnu, compiled by gcc (Debian 14.2.0-19) 14.2.0, 64-bit
2026-09-14T18:34:55.4329362Z  2026-09-14 18:19:43.865 UTC [1] LOG:  listening on IPv4 address "0.0.0.0", port 5432
2026-09-14T18:34:55.4329989Z  2026-09-14 18:19:43.865 UTC [1] LOG:  listening on IPv6 address "::", port 5432
2026-09-14T18:34:55.4330555Z  2026-09-14 18:19:43.866 UTC [1] LOG:  listening on Unix socket "/var/run/postgresql/.s.PGSQL.5432"
2026-09-14T18:34:55.4331130Z  2026-09-14 18:19:43.869 UTC [63] LOG:  database system was shut down at 2026-09-14 18:19:43 UTC
2026-09-14T18:34:55.4331628Z  2026-09-14 18:19:43.873 UTC [1] LOG:  database system is ready to accept connections
2026-09-14T18:34:55.4332064Z  2026-09-14 18:20:06.488 UTC [1] LOG:  received fast shutdown request
2026-09-14T18:34:55.4332464Z  2026-09-14 18:20:06.489 UTC [1] LOG:  aborting any active transactions
2026-09-14T18:34:55.4333037Z  2026-09-14 18:20:06.491 UTC [1] LOG:  background worker "logical replication launcher" (PID 66) exited with exit code 1
2026-09-14T18:34:55.4333569Z  2026-09-14 18:20:06.493 UTC [61] LOG:  shutting down
2026-09-14T18:34:55.4333950Z  2026-09-14 18:20:06.493 UTC [61] LOG:  checkpoint starting: shutdown immediate
2026-09-14T18:34:55.4335012Z  2026-09-14 18:20:06.496 UTC [61] LOG:  checkpoint complete: wrote 3 buffers (0.0%); 0 WAL file(s) added, 0 removed, 0 recycled; write=0.001 s, sync=0.001 s, total=0.003 s; sync files=2, longest=0.001 s, average=0.001 s; distance=0 kB, estimate=0 kB; lsn=0/14ED868, redo lsn=0/14ED868
2026-09-14T18:34:55.4336040Z  2026-09-14 18:20:06.500 UTC [1] LOG:  database system is shut down
2026-09-14T18:34:55.4336726Z  2026-09-14 18:20:06.760 UTC [1] LOG:  starting PostgreSQL 17.6 (Debian 17.6-2.pgdg13+1) on x86_64-pc-linux-gnu, compiled by gcc (Debian 14.2.0-19) 14.2.0, 64-bit
2026-09-14T18:34:55.4337658Z  2026-09-14 18:20:06.760 UTC [1] LOG:  listening on IPv4 address "0.0.0.0", port 5432
2026-09-14T18:34:55.4338118Z  2026-09-14 18:20:06.760 UTC [1] LOG:  listening on IPv6 address "::", port 5432
2026-09-14T18:34:55.4338628Z  2026-09-14 18:20:06.761 UTC [1] LOG:  listening on Unix socket "/var/run/postgresql/.s.PGSQL.5432"
2026-09-14T18:34:55.4339420Z  2026-09-14 18:20:06.764 UTC [29] LOG:  database system was shut down at 2026-09-14 18:20:06 UTC
2026-09-14T18:34:55.4339931Z  2026-09-14 18:20:06.768 UTC [1] LOG:  database system is ready to accept connections
2026-09-14T18:34:55.4340403Z  2026-09-14 18:20:07.230 UTC [1] LOG:  received SIGHUP, reloading configuration files
2026-09-14T18:34:55.4340902Z  2026-09-14 18:20:07.231 UTC [1] LOG:  parameter "log_min_error_statement" changed to "panic"
2026-09-14T18:34:55.4341325Z  This user must also own the server process.
2026-09-14T18:34:55.4341588Z  
2026-09-14T18:34:55.4341859Z  The database cluster will be initialized with locale "en_US.utf8".
2026-09-14T18:34:55.4342296Z  The default database encoding has accordingly been set to "UTF8".
2026-09-14T18:34:55.4342703Z  The default text search configuration will be set to "english".
2026-09-14T18:34:55.4343027Z  
2026-09-14T18:34:55.4343207Z  Data page checksums are disabled.
2026-09-14T18:34:55.4343435Z  
2026-09-14T18:34:55.4343719Z  fixing permissions on existing directory /var/lib/postgresql/data ... ok
2026-09-14T18:34:55.4344099Z  creating subdirectories ... ok
2026-09-14T18:34:55.4355347Z  selecting dynamic shared memory implementation ... posix
2026-09-14T18:34:55.4355984Z  selecting default "max_connections" ... 100
2026-09-14T18:34:55.4356471Z  selecting default "shared_buffers" ... 128MB
2026-09-14T18:34:55.4356878Z  selecting default time zone ... Etc/UTC
2026-09-14T18:34:55.4357167Z  creating configuration files ... ok
2026-09-14T18:34:55.4357433Z  running bootstrap script ... ok
2026-09-14T18:34:55.4357854Z  performing post-bootstrap initialization ... ok
2026-09-14T18:34:55.4358168Z  syncing data to disk ... ok
2026-09-14T18:34:55.4358395Z  
2026-09-14T18:34:55.4358553Z  
2026-09-14T18:34:55.4358769Z  Success. You can now start the database server using:
2026-09-14T18:34:55.4359360Z  
2026-09-14T18:34:55.4359603Z      pg_ctl -D /var/lib/postgresql/data -l logfile start
2026-09-14T18:34:55.4359903Z  
2026-09-14T18:34:55.4360683Z  waiting for server to start....2026-09-14 18:19:43.625 UTC [49] LOG:  starting PostgreSQL 17.6 (Debian 17.6-2.pgdg13+1) on x86_64-pc-linux-gnu, compiled by gcc (Debian 14.2.0-19) 14.2.0, 64-bit
2026-09-14T18:34:55.4361769Z  2026-09-14 18:19:43.626 UTC [49] LOG:  listening on Unix socket "/var/run/postgresql/.s.PGSQL.5432"
2026-09-14T18:34:55.4362342Z  2026-09-14 18:19:43.629 UTC [52] LOG:  database system was shut down at 2026-09-14 18:19:43 UTC
2026-09-14T18:34:55.4362987Z  2026-09-14 18:19:43.632 UTC [49] LOG:  database system is ready to accept connections
2026-09-14T18:34:55.4363356Z   done
2026-09-14T18:34:55.4363531Z  server started
2026-09-14T18:34:55.4363819Z  
2026-09-14T18:34:55.4364178Z  /usr/local/bin/docker-entrypoint.sh: ignoring /docker-entrypoint-initdb.d/*
2026-09-14T18:34:55.4364560Z  
2026-09-14T18:34:55.4364801Z  2026-09-14 18:19:43.745 UTC [49] LOG:  received fast shutdown request
2026-09-14T18:34:55.4365460Z  waiting for server to shut down....2026-09-14 18:19:43.745 UTC [49] LOG:  aborting any active transactions
2026-09-14T18:34:55.4366263Z  2026-09-14 18:19:43.747 UTC [49] LOG:  background worker "logical replication launcher" (PID 55) exited with exit code 1
2026-09-14T18:34:55.4366796Z  2026-09-14 18:19:43.748 UTC [50] LOG:  shutting down
2026-09-14T18:34:55.4367229Z  2026-09-14 18:19:43.748 UTC [50] LOG:  checkpoint starting: shutdown immediate
2026-09-14T18:34:55.4368414Z  2026-09-14 18:19:43.751 UTC [50] LOG:  checkpoint complete: wrote 3 buffers (0.0%); 0 WAL file(s) added, 0 removed, 0 recycled; write=0.001 s, sync=0.001 s, total=0.003 s; sync files=2, longest=0.001 s, average=0.001 s; distance=0 kB, estimate=0 kB; lsn=0/14ED7B8, redo lsn=0/14ED7B8
2026-09-14T18:34:55.4369957Z  2026-09-14 18:19:43.754 UTC [49] LOG:  database system is shut down
2026-09-14T18:34:55.4370285Z   done
2026-09-14T18:34:55.4370459Z  server stopped
2026-09-14T18:34:55.4370641Z  
2026-09-14T18:34:55.4371012Z  PostgreSQL init process complete; ready for start up.
2026-09-14T18:34:55.4371312Z  
2026-09-14T18:34:55.4371485Z  
2026-09-14T18:34:55.4371889Z  PostgreSQL Database directory appears to contain a database; Skipping initialization
2026-09-14T18:34:55.4372395Z  
2026-09-14T18:34:55.4372553Z  
2026-09-14T18:34:55.4372862Z  PostgreSQL Database directory appears to contain a database; Skipping initialization
2026-09-14T18:34:55.4373389Z  
2026-09-14T18:34:55.4380252Z Stop and remove container: 9335ad3af253495babaa910c4b325824_postgres176_b80859
2026-09-14T18:34:55.4386084Z ##[command]/usr/bin/docker rm --force 88d1c3b91351f318bdf852584f72288d0a8395bff15d3dc2ebef66e23d938585
2026-09-14T18:34:55.6798604Z 88d1c3b91351f318bdf852584f72288d0a8395bff15d3dc2ebef66e23d938585
2026-09-14T18:34:55.6838247Z Remove container network: github_network_9e1e6796918a497682c5a74214ef854b
2026-09-14T18:34:55.6843662Z ##[command]/usr/bin/docker network rm github_network_9e1e6796918a497682c5a74214ef854b
2026-09-14T18:34:55.7814214Z github_network_9e1e6796918a497682c5a74214ef854b
2026-09-14T18:34:55.7888427Z Cleaning up orphan processes
