✔ manifest dry run validates all records without calling a writer (2.108467ms)
✔ intake rejects publication flags, credentials in URL, schemes and oversized payloads (2.697086ms)
✔ idempotent enqueue counts unique jobs while retaining input receipts (0.273003ms)
✔ worker bounds work and records transient failure for durable retry (0.389148ms)
✔ permanent failure is not retried (0.371472ms)
✔ lost commit response never triggers destructive compensation or reports success (0.233613ms)
✔ empty queue stops immediately; unbounded work is rejected (0.255596ms)
✔ RPC enforces V2 origin and keeps raw server messages out of errors (24.742476ms)
✔ manifest validation binds submitted bytes before asynchronous enqueue can change later inputs (0.374876ms)
▶ database queue, exact evidence and append-only history contracts
  ✔ tracking variants reuse one job; meaningful query parameters remain distinct (47.79258ms)
  ✔ claimed jobs are exclusive; lease mismatch cannot commit; completion is atomic (21.881896ms)
  ✔ a publisher correction keeps old article and eligibility unchanged (7.304678ms)
  ✔ source spans use code points; invented quotes and invalid links are rejected (49.637769ms)
  ✔ candidate RPC rejects UTF-16 offsets and accepts Unicode code points (6.41853ms)
  ✔ transient failures back off and exhausted leases become dead letters (20.215138ms)
  ✔ event and assessment edits preserve every version including reversions (14.313409ms)
  ✔ browser roles cannot read private evidence or call worker; service worker can ingest (15.732404ms)
✔ database queue, exact evidence and append-only history contracts (2719.040973ms)
✔ operator facets share the pinned target, credentials and fixed RPC routes (25.537538ms)
✔ transport distinguishes malformed success from an empty claim and sanitizes failures (1.757546ms)
✔ unreadable intake completion responses retain the durable retry budget (3.100857ms)
✔ bounded runner pauses, resumes and reports only durable completion (1.150228ms)
✔ lost committed page response is recovered through readback without queue compensation (3.792372ms)
✔ lost start and unavailable readback remain indeterminate (1.659859ms)
✔ expired lease and misleading receipt never report uncommitted work complete (0.64186ms)
✔ refresh and refresh resume omit leases while initial runs require them (0.428868ms)
✔ invalid options and missing apply fail before opening the backend (1.313505ms)
✔ operator status combines both queues without taking a lease (0.997308ms)
✔ zero-target completion still calls the database page before reporting completion (0.229016ms)
✔ approved command validates input before creating a backend and sends no file fields to RPC (0.251791ms)
✔ intervening correction refuses a new registered execution over stale observed analysis (4008.122793ms)
✔ committed capture response loss resumes the same native progress with zero refetch (2423.871385ms)
▶ each committed native response boundary resumes idempotently without a second permit
  ✔ candidate (1977.01112ms)
  ✔ analyze (2234.123671ms)
  ✔ observe (2163.678364ms)
  ✔ version (2092.064351ms)
  ✔ annotate (1912.817089ms)
✔ each committed native response boundary resumes idempotently without a second permit (10382.914823ms)
▶ rights revocation at every delegated write rejects in SQL before that native mutation
  ✔ candidate (1782.38503ms)
  ✔ analyze (1863.737661ms)
  ✔ observe (2209.946574ms)
  ✔ version (1982.745569ms)
  ✔ annotate (1900.114124ms)
✔ rights revocation at every delegated write rejects in SQL before that native mutation (9742.139669ms)
✔ native head collision preserves partial retained work and refuses resume without refetch (1720.898055ms)
✔ canonical receipt head collision preserves the competing receipt and refuses incomplete execution retry (1692.449731ms)
✔ one-use source capture binds its exact version and rejects changed bytes before another native job (1600.101707ms)
✔ failed fetch and expired permit stay consumed; only an explicit successor selection can acquire again (1718.612753ms)
✔ native capture persistence failure rolls back its job and refuses automatic acquisition retry (2172.909643ms)
✔ progress payload is producer-scoped and reconsideration refuses revoked authority before observation writes (2262.619828ms)
✔ completion requires a fresh exact catalogue and guarded restore preserves populated history and all original ACLs (2123.948469ms)
✔ source authorization expiry during a run refuses the first retained continuation without refetch (2344.161092ms)
✔ source-rights and criteria successor CAS prevents older pending selection completion (2105.714185ms)
✔ tampered retained spans and foreign capture or observation scope refuse at the native SQL owner (2825.027522ms)
✔ registered contract catalogue preserves shared religion coverage and material sports/entertainment exceptions without scores (2284.216718ms)
ℹ tests 55
ℹ suites 0
ℹ pass 55
ℹ fail 0
ℹ cancelled 0
ℹ skipped 0
ℹ todo 0
ℹ duration_ms 49687.01131
