✖ intervening correction refuses a new registered execution over stale observed analysis (2554.229619ms)
✖ committed capture response loss resumes the same native progress with zero refetch (1731.943077ms)
ℹ tests 2
ℹ suites 0
ℹ pass 0
ℹ fail 2
ℹ cancelled 0
ℹ skipped 0
ℹ todo 0
ℹ duration_ms 4406.82411

✖ failing tests:

test at tests/selectiveIntakeCompletion.test.mjs:57:1
✖ intervening correction refuses a new registered execution over stale observed analysis (2554.229619ms)
  AssertionError [ERR_ASSERTION]: Missing expected rejection.
      at async TestContext.<anonymous> (file:///workspace/mip-oct03-selective-intake/tests/selectiveIntakeCompletion.test.mjs:65:3)
      at async Test.run (node:internal/test_runner/test:1389:7)
      at async startSubtestAfterBootstrap (node:internal/test_runner/harness:387:3) {
    generatedMessage: false,
    code: 'ERR_ASSERTION',
    actual: undefined,
    expected: { code: '40001' },
    operator: 'rejects',
    diff: 'simple'
  }

test at tests/selectiveIntakeCompletion.test.mjs:71:1
✖ committed capture response loss resumes the same native progress with zero refetch (1731.943077ms)
  error: permit already consumed; inspect durable state
      at pe.Ue (file:///workspace/mip-launch-gates/node_modules/@electric-sql/pglite/dist/chunk-2BOC2OMW.js:1:17959)
      at pe.tt (file:///workspace/mip-launch-gates/node_modules/@electric-sql/pglite/dist/chunk-2BOC2OMW.js:1:15347)
      at pe.parse (file:///workspace/mip-launch-gates/node_modules/@electric-sql/pglite/dist/chunk-2BOC2OMW.js:1:14021)
      at N.qe (file:///workspace/mip-launch-gates/node_modules/@electric-sql/pglite/dist/index.js:5:1762)
      at file:///workspace/mip-launch-gates/node_modules/@electric-sql/pglite/dist/index.js:5:1155
      at wasm://wasm/0267bb86:wasm-function[10930]:0x5a5ccf
      at wasm://wasm/0267bb86:wasm-function[3585]:0x27eaeb
      at wasm://wasm/0267bb86:wasm-function[3627]:0x2869d1
      at wasm://wasm/0267bb86:wasm-function[3637]:0x286c2d
      at wasm://wasm/0267bb86:wasm-function[9914]:0x54fd4d {
    length: 191,
    severity: 'ERROR',
    code: '40001',
    detail: undefined,
    hint: undefined,
    position: undefined,
    internalPosition: undefined,
    internalQuery: undefined,
    where: 'PL/pgSQL function public.mip_selective_execution_v1(text,jsonb) line 103 at RAISE',
    schema: undefined,
    table: undefined,
    column: undefined,
    dataType: undefined,
    constraint: undefined,
    file: 'pl_exec.c',
    line: '3923',
    routine: 'exec_stmt_raise',
    query: 'select public.mip_selective_execution_v1($1,$2::jsonb) r',
    params: [ 'permit', '{"user_id":"cbdae92d-74d8-44b5-9e82-7155ee670f6a","investigation_id":"d6d7c6be-92d6-4914-96c9-03a351b0296d","selection_id":"6a2a3c23-7103-4fc6-a769-d9a35e3f1d17","permit_id":"a7edd6d8-0e19-5910-a1f8-da5621fb27e8"}' ],
    queryOptions: undefined
  }
