▶ private selective intake uses verified Auth, native snapshots, SDK and durable assigned-owner receipts
  ✔ all dispositions are durable idempotent actor-bound annotations without altering the frozen declaration (177.741813ms)
  ✔ viewer, outsider, spoofed actor and SDK account race cannot write or acquire private snapshots (16.884713ms)
  ✔ malformed or phantom bindings and stale receipt baselines reject atomically at the owner (60.532807ms)
  ✔ native correction and explicit new relevance create reconsideration receipts without automatic disposition changes (111.766723ms)
  ✔ membership revocation and head advance between trusted read and append refuse writes; old exact retries remain idempotent (45.125535ms)
  ✔ revocation, browser roles, history rewriting and response-actor mismatch are refused (40.058229ms)
✔ private selective intake uses verified Auth, native snapshots, SDK and durable assigned-owner receipts (6885.1996ms)
✔ missing expected catalog denies before any creation; standalone preflight also requires pinned equality (6027.149283ms)
▶ canonical catalog pins every native routine overload and authority/default/RLS/column change
  ✔ native exact body (3801.642304ms)
  ✔ native owner (3417.761958ms)
  ✔ native ACL (3525.453438ms)
  ✔ native same-name overload (4319.152331ms)
  ✔ cross-schema same-name overload (4274.808964ms)
  ✔ schema ACL (2502.491293ms)
  ✔ default ACL (1943.580078ms)
  ✔ role attributes (2066.519419ms)
  ✔ role membership options (1693.379827ms)
  ✔ column default (1990.346222ms)
  ✔ column ACL (2120.239897ms)
  ✔ RLS (2167.021168ms)
  ✔ policy (2565.842324ms)
✔ canonical catalog pins every native routine overload and authority/default/RLS/column change (36408.022638ms)
▶ all new target relation/type/index/sequence/exact signature collisions refuse before mutation even when freshly pinned
  ✔ table (2303.726005ms)
  ✔ row type (2204.35068ms)
  ✔ array type (2725.066641ms)
  ✔ index (2612.395448ms)
  ✔ implicit primary index (2266.072318ms)
  ✔ sequence (2490.761425ms)
  ✔ implicit unique index (2197.617374ms)
  ✔ exact public function (2106.180921ms)
  ✔ exact decision function (2721.751769ms)
✔ all new target relation/type/index/sequence/exact signature collisions refuse before mutation even when freshly pinned (21635.047369ms)
✔ guarded install and exact empty rollback preserve unrelated overload definitions/owners/ACL sentinels and restore native catalog (3646.087048ms)
✔ populated empty rollback refuses atomically; exact revoke-only rollback retains history and overload sentinels (3403.520139ms)
✔ freshly pinned unexpected default grants deny before creation; known reader defaults are explicitly removed on new sequences (2679.832006ms)
✔ intervening correction refuses a new registered execution over stale observed analysis (7450.783284ms)
✔ committed capture response loss resumes the same native progress with zero refetch (4189.277963ms)
▶ each committed native response boundary resumes idempotently without a second permit
  ✔ candidate (3797.003512ms)
  ✔ analyze (3328.850092ms)
  ✔ observe (3294.544342ms)
  ✔ version (3472.868123ms)
  ✔ annotate (3311.068684ms)
✔ each committed native response boundary resumes idempotently without a second permit (17208.131202ms)
▶ rights revocation at every delegated write rejects in SQL before that native mutation
  ✔ candidate (2328.904081ms)
  ✔ analyze (2513.188583ms)
  ✔ observe (2466.730624ms)
  ✔ version (2482.492275ms)
  ✔ annotate (2428.746174ms)
✔ rights revocation at every delegated write rejects in SQL before that native mutation (12227.955014ms)
✔ native head collision preserves partial retained work and refuses resume without refetch (3290.760979ms)
✔ canonical receipt head collision preserves the competing receipt and refuses incomplete execution retry (2799.304271ms)
✔ one-use source capture binds its exact version and rejects changed bytes before another native job (4223.893603ms)
✔ failed fetch and expired permit stay consumed; only an explicit successor selection can acquire again (3485.862479ms)
✔ progress payload is producer-scoped and reconsideration refuses revoked authority before observation writes (2491.592591ms)
✔ completion requires a fresh exact catalogue and guarded restore preserves populated history and all original ACLs (3225.16145ms)
✔ source authorization expiry during a run refuses the first retained continuation without refetch (3362.088833ms)
✔ source-rights and criteria successor CAS prevents older pending selection completion (3177.75886ms)
✔ tampered retained spans and foreign capture or observation scope refuse at the native SQL owner (3548.871771ms)
✔ registered contract catalogue preserves shared religion coverage and material sports/entertainment exceptions without scores (3146.809811ms)
▶ selective intake declarations bind native immutable intake and investigation owners
  ✔ all three dispositions retain one shared evidence identity, explicit provenance and default-deny admission (6.212057ms)
  ✔ phantom, stale-version, wrong-candidate/capture and unbound trigger declarations reject (1.640449ms)
  ✔ an exact native correction triggers reconsideration while preserving the chosen disposition (34.782973ms)
  ✔ reconsideration rejects unobserved causes, wrong subjects and unsupported continuity (2.736796ms)
  ✔ new relevant input requires the actual positive-relevance record, including exact bigint position (81.642725ms)
  ✔ native ancestor closure supports scoped declarations without widening declaration scope (99.987266ms)
  ✔ unauthorized and rolled-back native records cannot supply retained declaration inputs (23.679994ms)
✔ selective intake declarations bind native immutable intake and investigation owners (5018.345962ms)
▶ registered criteria execute through actual native SQL and fixed operator transport with pre-fetch denial and reconsideration
  ✔ deterministic fixture matrix preserves explicit religion and important sports/entertainment scope (16.845456ms)
  ✔ skip and defer are durable metadata decisions with ZERO source HTTP/capture/candidate work (85.129095ms)
  ✔ unknown/missing rights, disabled/expired grants and malformed endpoints deny before source HTTP (108.439999ms)
  ✔ head and membership race before permit causes no acquisition (28.592538ms)
  ✔ authorized analyze-now executes native owners without publishing and exact retry never refetches (115.636495ms)
  ✔ registered versions and discovery receipt CAS prevent forged policy/source substitution and duplicate permit (9.998559ms)
  ✔ correction automatically reconsiders native dependency, preserves original evidence and rebases future watches (165.788392ms)
  ✔ new retained input alone does not trigger; positive native relevance does, and a later correction triggers again (292.947287ms)
  ✔ registered receipt CAS refuses stale execution and exact historical retries stay idempotent (6.177495ms)
  ✔ revoked operation rights deny both source fetch and further automatic reconsideration (25.696331ms)
  ✔ stream byte budget aborts before capture, consumed permits never refetch, and grant quota is atomic (44.597974ms)
  ✔ a substituted unregistered criteria version cannot append a canonical annotation (37.311043ms)
  ✔ criteria successor and source authorization revisions are explicit and never overwrite the prior decision (9.500306ms)
  ✔ SQL reader and mutation privileges stay default-deny and historical receipts remain immutable (12.614632ms)
  ✔ new source capture never republishes or overwrites an existing eligible article (80.143729ms)
  ✔ automatic extraction uses canonical retained Unicode spans after native title normalization (72.005011ms)
  ✔ standalone preflight and rollback pack preserve populated native/private history and stop only the new producer (310.207227ms)
✔ registered criteria execute through actual native SQL and fixed operator transport with pre-fetch denial and reconsideration (6624.563443ms)
✔ operator refuses malformed command or an invalid permit before source HTTP (1.6941ms)
✔ clean-install rollback removes only the empty extension and preserves native owners (3070.622867ms)
✔ new CLI acquisition and reconsideration writes require apply before backend creation (201.007104ms)
▶ registered selective intake produces authenticated durable private receipts through the existing owners
  ✔ declare is registered, server-bound, durable and exactly idempotent without execution (188.874845ms)
  ✔ read and exact receipt resolve native private history via the same registered route (23.909102ms)
  ✔ viewer reads but cannot produce, and outsider cannot read (58.309269ms)
  ✔ stale expected actor and expired Auth refuse before any owner RPC or write (10.337933ms)
  ✔ missing RPC, secret failure and wrong response actor are unavailable with no fallback (16.963466ms)
  ✔ native correction requires explicit reconsideration and preserves historical draft/disposition (186.921877ms)
  ✔ stale head and receipt CAS refuse new writes, while exact old receipt retries remain valid (97.239832ms)
  ✔ membership and head races between authoritative read and append are checked atomically by SQL (101.144103ms)
  ✔ revocation denies receipt history and forged input cannot reach the gateway (11.515213ms)
✔ registered selective intake produces authenticated durable private receipts through the existing owners (5980.395325ms)
ℹ tests 98
ℹ suites 0
ℹ pass 98
ℹ fail 0
ℹ cancelled 0
ℹ skipped 0
ℹ todo 0
ℹ duration_ms 74185.484721
