TAP version 13
# Subtest: owner template remains unknown, unmeasured, unadmitted and historical RED
ok 1 - owner template remains unknown, unmeasured, unadmitted and historical RED
  ---
  duration_ms: 2.158247
  type: 'test'
  ...
# Subtest: browser record cannot promote synthetic pixels, thermal state or physical performance
ok 2 - browser record cannot promote synthetic pixels, thermal state or physical performance
  ---
  duration_ms: 1.237727
  type: 'test'
  ...
# Subtest: final appearance requires owner and each admitted real source version/provider receipt
ok 3 - final appearance requires owner and each admitted real source version/provider receipt
  ---
  duration_ms: 0.675569
  type: 'test'
  ...
# Subtest: unavailable original boundary cannot become invented numeric performance pass
ok 4 - unavailable original boundary cannot become invented numeric performance pass
  ---
  duration_ms: 1.122904
  type: 'test'
  ...
# Subtest: measured values require methods/windows/baselines and finite values
ok 5 - measured values require methods/windows/baselines and finite values
  ---
  duration_ms: 0.246001
  type: 'test'
  ...
# Subtest: unsupported selection and passing checks require truthful evidence
ok 6 - unsupported selection and passing checks require truthful evidence
  ---
  duration_ms: 0.395857
  type: 'test'
  ...
# Subtest: missing fields and unknown fields fail closed; schema and template agree
ok 7 - missing fields and unknown fields fail closed; schema and template agree
  ---
  duration_ms: 0.504421
  type: 'test'
  ...
# Subtest: four profiles include both orientations and all accepted failure journeys
ok 8 - four profiles include both orientations and all accepted failure journeys
  ---
  duration_ms: 0.312872
  type: 'test'
  ...
1..8
# tests 8
# suites 0
# pass 8
# fail 0
# cancelled 0
# skipped 0
# todo 0
# duration_ms 102.538683
